<testsuites id="" name="" tests="315" failures="105" skipped="0" errors="27" time="1150.280182">
<testsuite name="autonomous-agent.spec.ts" timestamp="2026-04-20T10:48:01.632Z" hostname="chromium" tests="27" failures="8" skipped="0" time="120.432" errors="4">
<testcase name="Autonomous Agent › agent page loads correctly" classname="autonomous-agent.spec.ts" time="3.537">
</testcase>
<testcase name="Autonomous Agent › agent control panel is visible" classname="autonomous-agent.spec.ts" time="3.638">
</testcase>
<testcase name="Autonomous Agent › agent personality tab works" classname="autonomous-agent.spec.ts" time="8.136">
<system-out>
<![CDATA[
[[ATTACHMENT|autonomous-agent-Autonomou-8f04e-agent-personality-tab-works-chromium\test-failed-1.png]]

[[ATTACHMENT|autonomous-agent-Autonomou-8f04e-agent-personality-tab-works-chromium\video.webm]]

[[ATTACHMENT|autonomous-agent-Autonomou-8f04e-agent-personality-tab-works-chromium\error-context.md]]
]]>
</system-out>
<failure message="expect(locator).toBeVisible() failed" type="expect.toBeVisible">
<![CDATA[  [chromium] › autonomous-agent.spec.ts:25:7 › Autonomous Agent › agent personality tab works ──────

    Error: expect(locator).toBeVisible() failed

    Locator: locator('text=Agent Personality')
    Expected: visible
    Timeout: 5000ms
    Error: element(s) not found

    Call log:
      - Expect "toBeVisible" with timeout 5000ms
      - waiting for locator('text=Agent Personality')


      25 |   test('agent personality tab works', async ({ page }) => {
      26 |     await page.click('text=Personality');
    > 27 |     await expect(page.locator('text=Agent Personality')).toBeVisible();
         |                                                          ^
      28 |     await expect(page.locator('text=Basic Information')).toBeVisible();
      29 |     await expect(page.locator('text=Personality Traits')).toBeVisible();
      30 |   });
        at E:\github\trusthire\tests\autonomous-agent.spec.ts:27:58

    attachment #1: screenshot (image/png) ──────────────────────────────────────────────────────────
    ..\test-results\autonomous-agent-Autonomou-8f04e-agent-personality-tab-works-chromium\test-failed-1.png
    ────────────────────────────────────────────────────────────────────────────────────────────────

    attachment #2: video (video/webm) ──────────────────────────────────────────────────────────────
    ..\test-results\autonomous-agent-Autonomou-8f04e-agent-personality-tab-works-chromium\video.webm
    ────────────────────────────────────────────────────────────────────────────────────────────────

    Error Context: ..\test-results\autonomous-agent-Autonomou-8f04e-agent-personality-tab-works-chromium\error-context.md
]]>
</failure>
</testcase>
<testcase name="Autonomous Agent › agent memory tab works" classname="autonomous-agent.spec.ts" time="8.724">
<system-out>
<![CDATA[
[[ATTACHMENT|autonomous-agent-Autonomous-Agent-agent-memory-tab-works-chromium\test-failed-1.png]]

[[ATTACHMENT|autonomous-agent-Autonomous-Agent-agent-memory-tab-works-chromium\video.webm]]

[[ATTACHMENT|autonomous-agent-Autonomous-Agent-agent-memory-tab-works-chromium\error-context.md]]
]]>
</system-out>
<failure message="expect(locator).toBeVisible() failed" type="expect.toBeVisible">
<![CDATA[  [chromium] › autonomous-agent.spec.ts:32:7 › Autonomous Agent › agent memory tab works ───────────

    Error: expect(locator).toBeVisible() failed

    Locator: locator('text=Agent Memory')
    Expected: visible
    Timeout: 5000ms
    Error: element(s) not found

    Call log:
      - Expect "toBeVisible" with timeout 5000ms
      - waiting for locator('text=Agent Memory')


      32 |   test('agent memory tab works', async ({ page }) => {
      33 |     await page.click('text=Memory');
    > 34 |     await expect(page.locator('text=Agent Memory')).toBeVisible();
         |                                                     ^
      35 |     await expect(page.locator('text=Short-term Memory')).toBeVisible();
      36 |     await expect(page.locator('text=Long-term Memory')).toBeVisible();
      37 |     await expect(page.locator('text=Episodic Memory')).toBeVisible();
        at E:\github\trusthire\tests\autonomous-agent.spec.ts:34:53

    attachment #1: screenshot (image/png) ──────────────────────────────────────────────────────────
    ..\test-results\autonomous-agent-Autonomous-Agent-agent-memory-tab-works-chromium\test-failed-1.png
    ────────────────────────────────────────────────────────────────────────────────────────────────

    attachment #2: video (video/webm) ──────────────────────────────────────────────────────────────
    ..\test-results\autonomous-agent-Autonomous-Agent-agent-memory-tab-works-chromium\video.webm
    ────────────────────────────────────────────────────────────────────────────────────────────────

    Error Context: ..\test-results\autonomous-agent-Autonomous-Agent-agent-memory-tab-works-chromium\error-context.md
]]>
</failure>
</testcase>
<testcase name="Autonomous Agent › agent analytics tab works" classname="autonomous-agent.spec.ts" time="2.003">
<system-out>
<![CDATA[
[[ATTACHMENT|autonomous-agent-Autonomous-Agent-agent-analytics-tab-works-chromium\test-failed-1.png]]

[[ATTACHMENT|autonomous-agent-Autonomous-Agent-agent-analytics-tab-works-chromium\video.webm]]

[[ATTACHMENT|autonomous-agent-Autonomous-Agent-agent-analytics-tab-works-chromium\error-context.md]]
]]>
</system-out>
<failure message="expect(locator).toBeVisible() failed" type="expect.toBeVisible">
<![CDATA[  [chromium] › autonomous-agent.spec.ts:40:7 › Autonomous Agent › agent analytics tab works ────────

    Error: expect(locator).toBeVisible() failed

    Locator: locator('text=Performance Metrics')
    Expected: visible
    Error: strict mode violation: locator('text=Performance Metrics') resolved to 2 elements:
        1) <p class="text-sm text-muted-foreground">Performance metrics and analytics for the autonom…</p> aka getByText('Performance metrics and')
        2) <h4 class="font-medium mb-4">Performance Metrics</h4> aka getByRole('heading', { name: 'Performance Metrics' })

    Call log:
      - Expect "toBeVisible" with timeout 5000ms
      - waiting for locator('text=Performance Metrics')


      41 |     await page.click('text=Analytics');
      42 |     await expect(page.locator('text=Agent Analytics')).toBeVisible();
    > 43 |     await expect(page.locator('text=Performance Metrics')).toBeVisible();
         |                                                            ^
      44 |     await expect(page.locator('text=Activity Timeline')).toBeVisible();
      45 |   });
      46 |
        at E:\github\trusthire\tests\autonomous-agent.spec.ts:43:60

    attachment #1: screenshot (image/png) ──────────────────────────────────────────────────────────
    ..\test-results\autonomous-agent-Autonomous-Agent-agent-analytics-tab-works-chromium\test-failed-1.png
    ────────────────────────────────────────────────────────────────────────────────────────────────

    attachment #2: video (video/webm) ──────────────────────────────────────────────────────────────
    ..\test-results\autonomous-agent-Autonomous-Agent-agent-analytics-tab-works-chromium\video.webm
    ────────────────────────────────────────────────────────────────────────────────────────────────

    Error Context: ..\test-results\autonomous-agent-Autonomous-Agent-agent-analytics-tab-works-chromium\error-context.md
]]>
</failure>
</testcase>
<testcase name="Autonomous Agent › agent status displays correctly" classname="autonomous-agent.spec.ts" time="7.406">
<system-out>
<![CDATA[
[[ATTACHMENT|autonomous-agent-Autonomou-806bf-t-status-displays-correctly-chromium\test-failed-1.png]]

[[ATTACHMENT|autonomous-agent-Autonomou-806bf-t-status-displays-correctly-chromium\video.webm]]

[[ATTACHMENT|autonomous-agent-Autonomou-806bf-t-status-displays-correctly-chromium\error-context.md]]
]]>
</system-out>
<failure message="expect(locator).toBeVisible() failed" type="expect.toBeVisible">
<![CDATA[  [chromium] › autonomous-agent.spec.ts:47:7 › Autonomous Agent › agent status displays correctly ──

    Error: expect(locator).toBeVisible() failed

    Locator: locator('[data-testid="agent-status"]')
    Expected: visible
    Timeout: 5000ms
    Error: element(s) not found

    Call log:
      - Expect "toBeVisible" with timeout 5000ms
      - waiting for locator('[data-testid="agent-status"]')


      47 |   test('agent status displays correctly', async ({ page }) => {
      48 |     // Check if status badges are visible
    > 49 |     await expect(page.locator('[data-testid="agent-status"]')).toBeVisible();
         |                                                                ^
      50 |     await expect(page.locator('[data-testid="agent-name"]')).toBeVisible();
      51 |   });
      52 |
        at E:\github\trusthire\tests\autonomous-agent.spec.ts:49:64

    attachment #1: screenshot (image/png) ──────────────────────────────────────────────────────────
    ..\test-results\autonomous-agent-Autonomou-806bf-t-status-displays-correctly-chromium\test-failed-1.png
    ────────────────────────────────────────────────────────────────────────────────────────────────

    attachment #2: video (video/webm) ──────────────────────────────────────────────────────────────
    ..\test-results\autonomous-agent-Autonomou-806bf-t-status-displays-correctly-chromium\video.webm
    ────────────────────────────────────────────────────────────────────────────────────────────────

    Error Context: ..\test-results\autonomous-agent-Autonomou-806bf-t-status-displays-correctly-chromium\error-context.md
]]>
</failure>
</testcase>
<testcase name="Autonomous Agent › add task functionality works" classname="autonomous-agent.spec.ts" time="7.687">
<system-out>
<![CDATA[
[[ATTACHMENT|autonomous-agent-Autonomou-b019d-dd-task-functionality-works-chromium\test-failed-1.png]]

[[ATTACHMENT|autonomous-agent-Autonomou-b019d-dd-task-functionality-works-chromium\video.webm]]

[[ATTACHMENT|autonomous-agent-Autonomou-b019d-dd-task-functionality-works-chromium\error-context.md]]
]]>
</system-out>
<failure message="expect(locator).toBeVisible() failed" type="expect.toBeVisible">
<![CDATA[  [chromium] › autonomous-agent.spec.ts:53:7 › Autonomous Agent › add task functionality works ─────

    Error: expect(locator).toBeVisible() failed

    Locator: locator('select[name="taskType"]')
    Expected: visible
    Timeout: 5000ms
    Error: element(s) not found

    Call log:
      - Expect "toBeVisible" with timeout 5000ms
      - waiting for locator('select[name="taskType"]')


      55 |     
      56 |     // Check if task type dropdown is visible
    > 57 |     await expect(page.locator('select[name="taskType"]')).toBeVisible();
         |                                                           ^
      58 |     
      59 |     // Check if priority dropdown is visible
      60 |     await expect(page.locator('select[name="priority"]')).toBeVisible();
        at E:\github\trusthire\tests\autonomous-agent.spec.ts:57:59

    attachment #1: screenshot (image/png) ──────────────────────────────────────────────────────────
    ..\test-results\autonomous-agent-Autonomou-b019d-dd-task-functionality-works-chromium\test-failed-1.png
    ────────────────────────────────────────────────────────────────────────────────────────────────

    attachment #2: video (video/webm) ──────────────────────────────────────────────────────────────
    ..\test-results\autonomous-agent-Autonomou-b019d-dd-task-functionality-works-chromium\video.webm
    ────────────────────────────────────────────────────────────────────────────────────────────────

    Error Context: ..\test-results\autonomous-agent-Autonomou-b019d-dd-task-functionality-works-chromium\error-context.md
]]>
</failure>
</testcase>
<testcase name="Autonomous Agent › custom command input works" classname="autonomous-agent.spec.ts" time="1.752">
</testcase>
<testcase name="Autonomous Agent › agent statistics display" classname="autonomous-agent.spec.ts" time="1.292">
</testcase>
<testcase name="Autonomous Agent › agent capabilities are displayed" classname="autonomous-agent.spec.ts" time="1.488">
<system-out>
<![CDATA[
[[ATTACHMENT|autonomous-agent-Autonomou-e86ed--capabilities-are-displayed-chromium\test-failed-1.png]]

[[ATTACHMENT|autonomous-agent-Autonomou-e86ed--capabilities-are-displayed-chromium\video.webm]]

[[ATTACHMENT|autonomous-agent-Autonomou-e86ed--capabilities-are-displayed-chromium\error-context.md]]
]]>
</system-out>
<failure message="expect(locator).toBeVisible() failed" type="expect.toBeVisible">
<![CDATA[  [chromium] › autonomous-agent.spec.ts:78:7 › Autonomous Agent › agent capabilities are displayed ─

    Error: expect(locator).toBeVisible() failed

    Locator: locator('text=Capabilities')
    Expected: visible
    Error: strict mode violation: locator('text=Capabilities') resolved to 2 elements:
        1) <p class="text-xl text-gray-600 max-w-2xl mx-auto">Advanced AI agent with personality, memory, and a…</p> aka getByText('Advanced AI agent with personality, memory, and autonomous security analysis')
        2) <p class="text-muted-foreground">Advanced AI agent with personality, memory, and a…</p> aka getByText('Advanced AI agent with personality, memory, and autonomous capabilities')

    Call log:
      - Expect "toBeVisible" with timeout 5000ms
      - waiting for locator('text=Capabilities')


      78 |   test('agent capabilities are displayed', async ({ page }) => {
      79 |     await page.click('text=Personality');
    > 80 |     await expect(page.locator('text=Capabilities')).toBeVisible();
         |                                                     ^
      81 |     
      82 |     // Check for specific capabilities
      83 |     await expect(page.locator('text=autonomous_analysis')).toBeVisible();
        at E:\github\trusthire\tests\autonomous-agent.spec.ts:80:53

    attachment #1: screenshot (image/png) ──────────────────────────────────────────────────────────
    ..\test-results\autonomous-agent-Autonomou-e86ed--capabilities-are-displayed-chromium\test-failed-1.png
    ────────────────────────────────────────────────────────────────────────────────────────────────

    attachment #2: video (video/webm) ──────────────────────────────────────────────────────────────
    ..\test-results\autonomous-agent-Autonomou-e86ed--capabilities-are-displayed-chromium\video.webm
    ────────────────────────────────────────────────────────────────────────────────────────────────

    Error Context: ..\test-results\autonomous-agent-Autonomou-e86ed--capabilities-are-displayed-chromium\error-context.md
]]>
</failure>
</testcase>
<testcase name="Autonomous Agent API › agent status endpoint responds" classname="autonomous-agent.spec.ts" time="0.085">
</testcase>
<testcase name="Autonomous Agent API › agent personality endpoint responds" classname="autonomous-agent.spec.ts" time="0.098">
</testcase>
<testcase name="Autonomous Agent API › agent memory endpoint responds" classname="autonomous-agent.spec.ts" time="0.029">
</testcase>
<testcase name="Autonomous Agent API › agent statistics endpoint responds" classname="autonomous-agent.spec.ts" time="0.028">
</testcase>
<testcase name="Autonomous Agent API › agent capabilities endpoint responds" classname="autonomous-agent.spec.ts" time="0.039">
</testcase>
<testcase name="Autonomous Agent API › start agent endpoint works" classname="autonomous-agent.spec.ts" time="0.192">
</testcase>
<testcase name="Autonomous Agent API › stop agent endpoint works" classname="autonomous-agent.spec.ts" time="0.117">
</testcase>
<testcase name="Autonomous Agent API › add task endpoint works" classname="autonomous-agent.spec.ts" time="0.063">
</testcase>
<testcase name="Autonomous Agent API › custom command endpoint works" classname="autonomous-agent.spec.ts" time="0.063">
</testcase>
<testcase name="Autonomous Agent API › update personality endpoint works" classname="autonomous-agent.spec.ts" time="0.048">
</testcase>
<testcase name="Autonomous Agent Integration › agent integrates with Mistral AI" classname="autonomous-agent.spec.ts" time="17.267">
<system-out>
<![CDATA[
[[ATTACHMENT|autonomous-agent-Autonomou-018f8--integrates-with-Mistral-AI-chromium\test-failed-1.png]]

[[ATTACHMENT|autonomous-agent-Autonomou-018f8--integrates-with-Mistral-AI-chromium\video.webm]]

[[ATTACHMENT|autonomous-agent-Autonomou-018f8--integrates-with-Mistral-AI-chromium\error-context.md]]
]]>
</system-out>
<error message="page.selectOption: Timeout 10000ms exceeded." type="TimeoutError">
<![CDATA[  [chromium] › autonomous-agent.spec.ts:217:7 › Autonomous Agent Integration › agent integrates with Mistral AI 

    TimeoutError: page.selectOption: Timeout 10000ms exceeded.
    Call log:
      - waiting for locator('select[name="taskType"]')


      226 |     // Add a task that requires AI analysis
      227 |     await page.click('text=Add Task');
    > 228 |     await page.selectOption('select[name="taskType"]', 'security_analysis');
          |                ^
      229 |     await page.selectOption('select[name="priority"]', 'high');
      230 |     await page.click('button:has-text("Add Task")');
      231 |     
        at E:\github\trusthire\tests\autonomous-agent.spec.ts:228:16

    attachment #1: screenshot (image/png) ──────────────────────────────────────────────────────────
    ..\test-results\autonomous-agent-Autonomou-018f8--integrates-with-Mistral-AI-chromium\test-failed-1.png
    ────────────────────────────────────────────────────────────────────────────────────────────────

    attachment #2: video (video/webm) ──────────────────────────────────────────────────────────────
    ..\test-results\autonomous-agent-Autonomou-018f8--integrates-with-Mistral-AI-chromium\video.webm
    ────────────────────────────────────────────────────────────────────────────────────────────────

    Error Context: ..\test-results\autonomous-agent-Autonomou-018f8--integrates-with-Mistral-AI-chromium\error-context.md
]]>
</error>
</testcase>
<testcase name="Autonomous Agent Integration › agent memory systems work" classname="autonomous-agent.spec.ts" time="8.735">
<system-out>
<![CDATA[
[[ATTACHMENT|autonomous-agent-Autonomou-d68c6-n-agent-memory-systems-work-chromium\test-failed-1.png]]

[[ATTACHMENT|autonomous-agent-Autonomou-d68c6-n-agent-memory-systems-work-chromium\video.webm]]

[[ATTACHMENT|autonomous-agent-Autonomou-d68c6-n-agent-memory-systems-work-chromium\error-context.md]]
]]>
</system-out>
<failure message="expect(locator).toBeVisible() failed" type="expect.toBeVisible">
<![CDATA[  [chromium] › autonomous-agent.spec.ts:240:7 › Autonomous Agent Integration › agent memory systems work 

    Error: expect(locator).toBeVisible() failed

    Locator: locator('text=Short-term Memory')
    Expected: visible
    Timeout: 5000ms
    Error: element(s) not found

    Call log:
      - Expect "toBeVisible" with timeout 5000ms
      - waiting for locator('text=Short-term Memory')


      243 |     
      244 |     // Check if memory sections are visible
    > 245 |     await expect(page.locator('text=Short-term Memory')).toBeVisible();
          |                                                          ^
      246 |     await expect(page.locator('text=Long-term Memory')).toBeVisible();
      247 |     await expect(page.locator('text=Episodic Memory')).toBeVisible();
      248 |     
        at E:\github\trusthire\tests\autonomous-agent.spec.ts:245:58

    attachment #1: screenshot (image/png) ──────────────────────────────────────────────────────────
    ..\test-results\autonomous-agent-Autonomou-d68c6-n-agent-memory-systems-work-chromium\test-failed-1.png
    ────────────────────────────────────────────────────────────────────────────────────────────────

    attachment #2: video (video/webm) ──────────────────────────────────────────────────────────────
    ..\test-results\autonomous-agent-Autonomou-d68c6-n-agent-memory-systems-work-chromium\video.webm
    ────────────────────────────────────────────────────────────────────────────────────────────────

    Error Context: ..\test-results\autonomous-agent-Autonomou-d68c6-n-agent-memory-systems-work-chromium\error-context.md
]]>
</failure>
</testcase>
<testcase name="Autonomous Agent Integration › agent learning functionality works" classname="autonomous-agent.spec.ts" time="12.557">
<system-out>
<![CDATA[
[[ATTACHMENT|autonomous-agent-Autonomou-19a8c-earning-functionality-works-chromium\test-failed-1.png]]

[[ATTACHMENT|autonomous-agent-Autonomou-19a8c-earning-functionality-works-chromium\video.webm]]

[[ATTACHMENT|autonomous-agent-Autonomou-19a8c-earning-functionality-works-chromium\error-context.md]]
]]>
</system-out>
<error message="page.selectOption: Timeout 10000ms exceeded." type="TimeoutError">
<![CDATA[  [chromium] › autonomous-agent.spec.ts:255:7 › Autonomous Agent Integration › agent learning functionality works 

    TimeoutError: page.selectOption: Timeout 10000ms exceeded.
    Call log:
      - waiting for locator('select[name="taskType"]')


      258 |     // Add a learning task
      259 |     await page.click('text=Add Task');
    > 260 |     await page.selectOption('select[name="taskType"]', 'learning');
          |                ^
      261 |     await page.selectOption('select[name="priority"]', 'medium');
      262 |     await page.click('button:has-text("Add Task")');
      263 |     
        at E:\github\trusthire\tests\autonomous-agent.spec.ts:260:16

    attachment #1: screenshot (image/png) ──────────────────────────────────────────────────────────
    ..\test-results\autonomous-agent-Autonomou-19a8c-earning-functionality-works-chromium\test-failed-1.png
    ────────────────────────────────────────────────────────────────────────────────────────────────

    attachment #2: video (video/webm) ──────────────────────────────────────────────────────────────
    ..\test-results\autonomous-agent-Autonomou-19a8c-earning-functionality-works-chromium\video.webm
    ────────────────────────────────────────────────────────────────────────────────────────────────

    Error Context: ..\test-results\autonomous-agent-Autonomou-19a8c-earning-functionality-works-chromium\error-context.md
]]>
</error>
</testcase>
<testcase name="Autonomous Agent Integration › agent error handling works" classname="autonomous-agent.spec.ts" time="8.613">
<system-out>
<![CDATA[
[[ATTACHMENT|autonomous-agent-Autonomou-48b4c--agent-error-handling-works-chromium\test-failed-1.png]]

[[ATTACHMENT|autonomous-agent-Autonomou-48b4c--agent-error-handling-works-chromium\video.webm]]

[[ATTACHMENT|autonomous-agent-Autonomou-48b4c--agent-error-handling-works-chromium\error-context.md]]
]]>
</system-out>
<failure message="expect(locator).toBeVisible() failed" type="expect.toBeVisible">
<![CDATA[  [chromium] › autonomous-agent.spec.ts:272:7 › Autonomous Agent Integration › agent error handling works 

    Error: expect(locator).toBeVisible() failed

    Locator: locator('text=Task type is required')
    Expected: visible
    Timeout: 5000ms
    Error: element(s) not found

    Call log:
      - Expect "toBeVisible" with timeout 5000ms
      - waiting for locator('text=Task type is required')


      278 |     
      279 |     // Should show validation error
    > 280 |     await expect(page.locator('text=Task type is required')).toBeVisible();
          |                                                              ^
      281 |   });
      282 | });
      283 |
        at E:\github\trusthire\tests\autonomous-agent.spec.ts:280:62

    attachment #1: screenshot (image/png) ──────────────────────────────────────────────────────────
    ..\test-results\autonomous-agent-Autonomou-48b4c--agent-error-handling-works-chromium\test-failed-1.png
    ────────────────────────────────────────────────────────────────────────────────────────────────

    attachment #2: video (video/webm) ──────────────────────────────────────────────────────────────
    ..\test-results\autonomous-agent-Autonomou-48b4c--agent-error-handling-works-chromium\video.webm
    ────────────────────────────────────────────────────────────────────────────────────────────────

    Error Context: ..\test-results\autonomous-agent-Autonomou-48b4c--agent-error-handling-works-chromium\error-context.md
]]>
</failure>
</testcase>
<testcase name="Autonomous Agent Performance › agent page loads quickly" classname="autonomous-agent.spec.ts" time="1.569">
</testcase>
<testcase name="Autonomous Agent Performance › agent status updates in real-time" classname="autonomous-agent.spec.ts" time="12.079">
<system-out>
<![CDATA[
[[ATTACHMENT|autonomous-agent-Autonomou-25389-status-updates-in-real-time-chromium\test-failed-1.png]]

[[ATTACHMENT|autonomous-agent-Autonomou-25389-status-updates-in-real-time-chromium\video.webm]]

[[ATTACHMENT|autonomous-agent-Autonomou-25389-status-updates-in-real-time-chromium\error-context.md]]
]]>
</system-out>
<error message="page.click: Timeout 10000ms exceeded." type="TimeoutError">
<![CDATA[  [chromium] › autonomous-agent.spec.ts:295:7 › Autonomous Agent Performance › agent status updates in real-time 

    TimeoutError: page.click: Timeout 10000ms exceeded.
    Call log:
      - waiting for locator('button:has-text("Start Agent")')
        - locator resolved to <button class="inline-flex items-center justify-center whitespace-nowrap rounded-md text-sm font-medium ring-offset-background transition-colors focus-visible:outline-none focus-visible:ring-2 focus-visible:ring-ring focus-visible:ring-offset-2 disabled:pointer-events-none disabled:opacity-50 bg-primary text-primary-foreground hover:bg-primary/90 h-10 px-4 py-2 flex-1">…</button>
      - attempting click action
        2 × waiting for element to be visible, enabled and stable
          - element is not enabled
        - retrying click action
        - waiting 20ms
        2 × waiting for element to be visible, enabled and stable
          - element is not enabled
        - retrying click action
          - waiting 100ms
        18 × waiting for element to be visible, enabled and stable
           - element is not enabled
         - retrying click action
           - waiting 500ms


      305 |     
      306 |     // Start agent and monitor
    > 307 |     await page.click('button:has-text("Start Agent")');
          |                ^
      308 |     await page.waitForTimeout(10000);
      309 |     
      310 |     // Should have received status updates
        at E:\github\trusthire\tests\autonomous-agent.spec.ts:307:16

    attachment #1: screenshot (image/png) ──────────────────────────────────────────────────────────
    ..\test-results\autonomous-agent-Autonomou-25389-status-updates-in-real-time-chromium\test-failed-1.png
    ────────────────────────────────────────────────────────────────────────────────────────────────

    attachment #2: video (video/webm) ──────────────────────────────────────────────────────────────
    ..\test-results\autonomous-agent-Autonomou-25389-status-updates-in-real-time-chromium\video.webm
    ────────────────────────────────────────────────────────────────────────────────────────────────

    Error Context: ..\test-results\autonomous-agent-Autonomou-25389-status-updates-in-real-time-chromium\error-context.md
]]>
</error>
</testcase>
<testcase name="Autonomous Agent Performance › agent handles multiple concurrent tasks" classname="autonomous-agent.spec.ts" time="13.187">
<system-out>
<![CDATA[
[[ATTACHMENT|autonomous-agent-Autonomou-8353a-s-multiple-concurrent-tasks-chromium\test-failed-1.png]]

[[ATTACHMENT|autonomous-agent-Autonomou-8353a-s-multiple-concurrent-tasks-chromium\video.webm]]

[[ATTACHMENT|autonomous-agent-Autonomou-8353a-s-multiple-concurrent-tasks-chromium\error-context.md]]
]]>
</system-out>
<error message="page.selectOption: Timeout 10000ms exceeded." type="TimeoutError">
<![CDATA[  [chromium] › autonomous-agent.spec.ts:314:7 › Autonomous Agent Performance › agent handles multiple concurrent tasks 

    TimeoutError: page.selectOption: Timeout 10000ms exceeded.
    Call log:
      - waiting for locator('select[name="taskType"]')


      325 |     for (const task of tasks) {
      326 |       await page.click('text=Add Task');
    > 327 |       await page.selectOption('select[name="taskType"]', task.type);
          |                  ^
      328 |       await page.selectOption('select[name="priority"]', task.priority);
      329 |       await page.click('button:has-text("Add Task")');
      330 |       await page.waitForTimeout(1000);
        at E:\github\trusthire\tests\autonomous-agent.spec.ts:327:18

    attachment #1: screenshot (image/png) ──────────────────────────────────────────────────────────
    ..\test-results\autonomous-agent-Autonomou-8353a-s-multiple-concurrent-tasks-chromium\test-failed-1.png
    ────────────────────────────────────────────────────────────────────────────────────────────────

    attachment #2: video (video/webm) ──────────────────────────────────────────────────────────────
    ..\test-results\autonomous-agent-Autonomou-8353a-s-multiple-concurrent-tasks-chromium\video.webm
    ────────────────────────────────────────────────────────────────────────────────────────────────

    Error Context: ..\test-results\autonomous-agent-Autonomou-8353a-s-multiple-concurrent-tasks-chromium\error-context.md
]]>
</error>
</testcase>
</testsuite>
<testsuite name="basic-functionality.spec.ts" timestamp="2026-04-20T10:48:01.632Z" hostname="chromium" tests="17" failures="5" skipped="0" time="96.579" errors="1">
<testcase name="TrustHire Basic Functionality › homepage loads correctly" classname="basic-functionality.spec.ts" time="9.391">
<system-out>
<![CDATA[
[[ATTACHMENT|basic-functionality-TrustH-4a122-ty-homepage-loads-correctly-chromium\test-failed-1.png]]

[[ATTACHMENT|basic-functionality-TrustH-4a122-ty-homepage-loads-correctly-chromium\video.webm]]

[[ATTACHMENT|basic-functionality-TrustH-4a122-ty-homepage-loads-correctly-chromium\error-context.md]]
]]>
</system-out>
<failure message="expect(locator).toContainText(expected) failed" type="expect.toContainText">
<![CDATA[  [chromium] › basic-functionality.spec.ts:13:7 › TrustHire Basic Functionality › homepage loads correctly 

    Error: expect(locator).toContainText(expected) failed

    Locator: locator('h1')
    Expected substring: "TrustHire"
    Received string:    "Stop RecruitmentScam Attacks"
    Timeout: 5000ms

    Call log:
      - Expect "toContainText" with timeout 5000ms
      - waiting for locator('h1')
        8 × locator resolved to <h1 class="text-5xl md:text-6xl font-mono font-bold tracking-tight mb-6">…</h1>
          - unexpected value "Stop RecruitmentScam Attacks"


      13 |   test('homepage loads correctly', async ({ page }) => {
      14 |     await expect(page).toHaveTitle(/TrustHire/);
    > 15 |     await expect(page.locator('h1')).toContainText('TrustHire');
         |                                      ^
      16 |     await expect(page.locator('body')).toBeVisible();
      17 |   });
      18 |
        at E:\github\trusthire\tests\basic-functionality.spec.ts:15:38

    attachment #1: screenshot (image/png) ──────────────────────────────────────────────────────────
    ..\test-results\basic-functionality-TrustH-4a122-ty-homepage-loads-correctly-chromium\test-failed-1.png
    ────────────────────────────────────────────────────────────────────────────────────────────────

    attachment #2: video (video/webm) ──────────────────────────────────────────────────────────────
    ..\test-results\basic-functionality-TrustH-4a122-ty-homepage-loads-correctly-chromium\video.webm
    ────────────────────────────────────────────────────────────────────────────────────────────────

    Error Context: ..\test-results\basic-functionality-TrustH-4a122-ty-homepage-loads-correctly-chromium\error-context.md
]]>
</failure>
</testcase>
<testcase name="TrustHire Basic Functionality › navigation works correctly" classname="basic-functionality.spec.ts" time="15.197">
<system-out>
<![CDATA[
[[ATTACHMENT|basic-functionality-TrustH-82723--navigation-works-correctly-chromium\test-failed-1.png]]

[[ATTACHMENT|basic-functionality-TrustH-82723--navigation-works-correctly-chromium\video.webm]]

[[ATTACHMENT|basic-functionality-TrustH-82723--navigation-works-correctly-chromium\error-context.md]]
]]>
</system-out>
<error message="page.click: Timeout 10000ms exceeded." type="TimeoutError">
<![CDATA[  [chromium] › basic-functionality.spec.ts:19:7 › TrustHire Basic Functionality › navigation works correctly 

    TimeoutError: page.click: Timeout 10000ms exceeded.
    Call log:
      - waiting for locator('text=Dashboard')
        - locator resolved to 2 elements. Proceeding with the first one: <span>Dashboard</span>
      - attempting click action
        2 × waiting for element to be visible, enabled and stable
          - element is visible, enabled and stable
          - scrolling into view if needed
          - done scrolling
          - <div class="fixed inset-0 z-50 flex items-center justify-center bg-black/80 backdrop-blur-sm p-4">…</div> intercepts pointer events
        - retrying click action
        - waiting 20ms
        2 × waiting for element to be visible, enabled and stable
          - element is visible, enabled and stable
          - scrolling into view if needed
          - done scrolling
          - <div class="fixed inset-0 z-50 flex items-center justify-center bg-black/80 backdrop-blur-sm p-4">…</div> intercepts pointer events
        - retrying click action
          - waiting 100ms
        11 × waiting for element to be visible, enabled and stable
           - element is visible, enabled and stable
           - scrolling into view if needed
           - done scrolling
           - <div class="fixed inset-0 z-50 flex items-center justify-center bg-black/80 backdrop-blur-sm p-4">…</div> intercepts pointer events
         - retrying click action
           - waiting 500ms


      19 |   test('navigation works correctly', async ({ page }) => {
      20 |     // Test navigation to dashboard
    > 21 |     await page.click('text=Dashboard');
         |                ^
      22 |     await expect(page).toHaveURL(/dashboard/);
      23 |     await expect(page.locator('h1')).toContainText('Dashboard');
      24 |
        at E:\github\trusthire\tests\basic-functionality.spec.ts:21:16

    attachment #1: screenshot (image/png) ──────────────────────────────────────────────────────────
    ..\test-results\basic-functionality-TrustH-82723--navigation-works-correctly-chromium\test-failed-1.png
    ────────────────────────────────────────────────────────────────────────────────────────────────

    attachment #2: video (video/webm) ──────────────────────────────────────────────────────────────
    ..\test-results\basic-functionality-TrustH-82723--navigation-works-correctly-chromium\video.webm
    ────────────────────────────────────────────────────────────────────────────────────────────────

    Error Context: ..\test-results\basic-functionality-TrustH-82723--navigation-works-correctly-chromium\error-context.md
]]>
</error>
</testcase>
<testcase name="TrustHire Basic Functionality › assessment page loads" classname="basic-functionality.spec.ts" time="13.465">
<system-out>
<![CDATA[
[[ATTACHMENT|basic-functionality-TrustH-e4555-ality-assessment-page-loads-chromium\test-failed-1.png]]

[[ATTACHMENT|basic-functionality-TrustH-e4555-ality-assessment-page-loads-chromium\video.webm]]

[[ATTACHMENT|basic-functionality-TrustH-e4555-ality-assessment-page-loads-chromium\error-context.md]]
]]>
</system-out>
<failure message="expect(locator).toBeVisible() failed" type="expect.toBeVisible">
<![CDATA[  [chromium] › basic-functionality.spec.ts:31:7 › TrustHire Basic Functionality › assessment page loads 

    Error: expect(locator).toBeVisible() failed

    Locator: locator('form')
    Expected: visible
    Timeout: 5000ms
    Error: element(s) not found

    Call log:
      - Expect "toBeVisible" with timeout 5000ms
      - waiting for locator('form')


      33 |     
      34 |     // Check if assessment form is present
    > 35 |     await expect(page.locator('form')).toBeVisible();
         |                                        ^
      36 |     await expect(page.locator('input[type="url"]')).toBeVisible();
      37 |     await expect(page.locator('button[type="submit"]')).toBeVisible();
      38 |   });
        at E:\github\trusthire\tests\basic-functionality.spec.ts:35:40

    attachment #1: screenshot (image/png) ──────────────────────────────────────────────────────────
    ..\test-results\basic-functionality-TrustH-e4555-ality-assessment-page-loads-chromium\test-failed-1.png
    ────────────────────────────────────────────────────────────────────────────────────────────────

    attachment #2: video (video/webm) ──────────────────────────────────────────────────────────────
    ..\test-results\basic-functionality-TrustH-e4555-ality-assessment-page-loads-chromium\video.webm
    ────────────────────────────────────────────────────────────────────────────────────────────────

    Error Context: ..\test-results\basic-functionality-TrustH-e4555-ality-assessment-page-loads-chromium\error-context.md
]]>
</failure>
</testcase>
<testcase name="TrustHire Basic Functionality › scan pages are accessible" classname="basic-functionality.spec.ts" time="12.295">
<system-out>
<![CDATA[
[[ATTACHMENT|basic-functionality-TrustH-7eabf-y-scan-pages-are-accessible-chromium\test-failed-1.png]]

[[ATTACHMENT|basic-functionality-TrustH-7eabf-y-scan-pages-are-accessible-chromium\video.webm]]

[[ATTACHMENT|basic-functionality-TrustH-7eabf-y-scan-pages-are-accessible-chromium\error-context.md]]
]]>
</system-out>
<failure message="expect(locator).toBeVisible() failed" type="expect.toBeVisible">
<![CDATA[  [chromium] › basic-functionality.spec.ts:40:7 › TrustHire Basic Functionality › scan pages are accessible 

    Error: expect(locator).toBeVisible() failed

    Locator: locator('form')
    Expected: visible
    Timeout: 5000ms
    Error: element(s) not found

    Call log:
      - Expect "toBeVisible" with timeout 5000ms
      - waiting for locator('form')


      49 |       await page.goto(scanPage);
      50 |       await expect(page.locator('h1')).toBeVisible();
    > 51 |       await expect(page.locator('form')).toBeVisible();
         |                                          ^
      52 |     }
      53 |   });
      54 |
        at E:\github\trusthire\tests\basic-functionality.spec.ts:51:42

    attachment #1: screenshot (image/png) ──────────────────────────────────────────────────────────
    ..\test-results\basic-functionality-TrustH-7eabf-y-scan-pages-are-accessible-chromium\test-failed-1.png
    ────────────────────────────────────────────────────────────────────────────────────────────────

    attachment #2: video (video/webm) ──────────────────────────────────────────────────────────────
    ..\test-results\basic-functionality-TrustH-7eabf-y-scan-pages-are-accessible-chromium\video.webm
    ────────────────────────────────────────────────────────────────────────────────────────────────

    Error Context: ..\test-results\basic-functionality-TrustH-7eabf-y-scan-pages-are-accessible-chromium\error-context.md
]]>
</failure>
</testcase>
<testcase name="TrustHire Basic Functionality › intelligence page loads" classname="basic-functionality.spec.ts" time="7.041">
</testcase>
<testcase name="TrustHire Basic Functionality › monitoring page loads" classname="basic-functionality.spec.ts" time="5.353">
</testcase>
<testcase name="TrustHire Basic Functionality › collaboration page loads" classname="basic-functionality.spec.ts" time="4.758">
</testcase>
<testcase name="TrustHire Basic Functionality › agent page loads" classname="basic-functionality.spec.ts" time="2.27">
</testcase>
<testcase name="TrustHire Basic Functionality › responsive design works" classname="basic-functionality.spec.ts" time="8.506">
</testcase>
<testcase name="TrustHire Basic Functionality › API health check" classname="basic-functionality.spec.ts" time="5.37">
</testcase>
<testcase name="TrustHire Basic Functionality › page loads without errors" classname="basic-functionality.spec.ts" time="6.044">
</testcase>
<testcase name="API Endpoints › health endpoint responds" classname="basic-functionality.spec.ts" time="0.721">
<system-out>
<![CDATA[
[[ATTACHMENT|basic-functionality-API-Endpoints-health-endpoint-responds-chromium\error-context.md]]
]]>
</system-out>
<failure message="expect(received).toBe(expected) // Object.is equality" type="expect.toBe">
<![CDATA[  [chromium] › basic-functionality.spec.ts:122:7 › API Endpoints › health endpoint responds ────────

    Error: expect(received).toBe(expected) // Object.is equality

    Expected: 200
    Received: 503

      122 |   test('health endpoint responds', async ({ request }) => {
      123 |     const response = await request.get('/api/health');
    > 124 |     expect(response.status()).toBe(200);
          |                               ^
      125 |   });
      126 |
      127 |   test('metrics endpoint responds', async ({ request }) => {
        at E:\github\trusthire\tests\basic-functionality.spec.ts:124:31

    Error Context: ..\test-results\basic-functionality-API-Endpoints-health-endpoint-responds-chromium\error-context.md
]]>
</failure>
</testcase>
<testcase name="API Endpoints › metrics endpoint responds" classname="basic-functionality.spec.ts" time="0.326">
</testcase>
<testcase name="API Endpoints › patterns endpoint responds" classname="basic-functionality.spec.ts" time="0.286">
</testcase>
<testcase name="Security Features › no sensitive data in page source" classname="basic-functionality.spec.ts" time="1.629">
</testcase>
<testcase name="Security Features › security headers are present" classname="basic-functionality.spec.ts" time="1.197">
<system-out>
<![CDATA[
[[ATTACHMENT|basic-functionality-Securi-eeb00-ecurity-headers-are-present-chromium\test-failed-1.png]]

[[ATTACHMENT|basic-functionality-Securi-eeb00-ecurity-headers-are-present-chromium\video.webm]]

[[ATTACHMENT|basic-functionality-Securi-eeb00-ecurity-headers-are-present-chromium\error-context.md]]
]]>
</system-out>
<failure message="expect(received).toBeTruthy()" type="expect.toBeTruthy">
<![CDATA[  [chromium] › basic-functionality.spec.ts:151:7 › Security Features › security headers are present 

    Error: expect(received).toBeTruthy()

    Received: undefined

      154 |     
      155 |     // Check for security headers
    > 156 |     expect(headers?.['x-frame-options']).toBeTruthy();
          |                                          ^
      157 |     expect(headers?.['x-content-type-options']).toBeTruthy();
      158 |   });
      159 |
        at E:\github\trusthire\tests\basic-functionality.spec.ts:156:42

    attachment #1: screenshot (image/png) ──────────────────────────────────────────────────────────
    ..\test-results\basic-functionality-Securi-eeb00-ecurity-headers-are-present-chromium\test-failed-1.png
    ────────────────────────────────────────────────────────────────────────────────────────────────

    attachment #2: video (video/webm) ──────────────────────────────────────────────────────────────
    ..\test-results\basic-functionality-Securi-eeb00-ecurity-headers-are-present-chromium\video.webm
    ────────────────────────────────────────────────────────────────────────────────────────────────

    Error Context: ..\test-results\basic-functionality-Securi-eeb00-ecurity-headers-are-present-chromium\error-context.md
]]>
</failure>
</testcase>
<testcase name="Security Features › forms have CSRF protection" classname="basic-functionality.spec.ts" time="2.73">
</testcase>
</testsuite>
<testsuite name="security.spec.ts" timestamp="2026-04-20T10:48:01.632Z" hostname="chromium" tests="19" failures="8" skipped="0" time="114.404" errors="0">
<testcase name="Security Features › no sensitive data in page source" classname="security.spec.ts" time="6.652">
</testcase>
<testcase name="Security Features › security headers are present" classname="security.spec.ts" time="6.162">
<system-out>
<![CDATA[
[[ATTACHMENT|security-Security-Features-security-headers-are-present-chromium\test-failed-1.png]]

[[ATTACHMENT|security-Security-Features-security-headers-are-present-chromium\video.webm]]

[[ATTACHMENT|security-Security-Features-security-headers-are-present-chromium\error-context.md]]
]]>
</system-out>
<failure message="expect(received).toBeTruthy()" type="expect.toBeTruthy">
<![CDATA[  [chromium] › security.spec.ts:28:7 › Security Features › security headers are present ────────────

    Error: expect(received).toBeTruthy()

    Received: undefined

      31 |     
      32 |     // Check for security headers
    > 33 |     expect(headers?.['x-frame-options']).toBeTruthy();
         |                                          ^
      34 |     expect(headers?.['x-content-type-options']).toBeTruthy();
      35 |     expect(headers?.['x-xss-protection']).toBeTruthy();
      36 |     expect(headers?.['referrer-policy']).toBeTruthy();
        at E:\github\trusthire\tests\security.spec.ts:33:42

    attachment #1: screenshot (image/png) ──────────────────────────────────────────────────────────
    ..\test-results\security-Security-Features-security-headers-are-present-chromium\test-failed-1.png
    ────────────────────────────────────────────────────────────────────────────────────────────────

    attachment #2: video (video/webm) ──────────────────────────────────────────────────────────────
    ..\test-results\security-Security-Features-security-headers-are-present-chromium\video.webm
    ────────────────────────────────────────────────────────────────────────────────────────────────

    Error Context: ..\test-results\security-Security-Features-security-headers-are-present-chromium\error-context.md
]]>
</failure>
</testcase>
<testcase name="Security Features › forms have CSRF protection" classname="security.spec.ts" time="7.551">
</testcase>
<testcase name="Security Features › input validation works" classname="security.spec.ts" time="1.707">
</testcase>
<testcase name="Security Features › rate limiting works" classname="security.spec.ts" time="1.525">
<system-out>
<![CDATA[
[[ATTACHMENT|security-Security-Features-rate-limiting-works-chromium\error-context.md]]
]]>
</system-out>
<failure message="expect(received).toBeGreaterThan(expected)" type="expect.toBeGreaterThan">
<![CDATA[  [chromium] › security.spec.ts:78:7 › Security Features › rate limiting works ─────────────────────

    Error: expect(received).toBeGreaterThan(expected)

    Expected: > 0
    Received:   0

      90 |     const rateLimitedCount = responses.filter(r => r.status() === 429).length;
      91 |     
    > 92 |     expect(successCount).toBeGreaterThan(0);
         |                          ^
      93 |     // Rate limiting should kick in after several requests
      94 |     expect(rateLimitedCount).toBeGreaterThanOrEqual(0);
      95 |   });
        at E:\github\trusthire\tests\security.spec.ts:92:26

    Error Context: ..\test-results\security-Security-Features-rate-limiting-works-chromium\error-context.md
]]>
</failure>
</testcase>
<testcase name="Security Features › authentication endpoints are secure" classname="security.spec.ts" time="0.391">
</testcase>
<testcase name="Security Features › file upload restrictions" classname="security.spec.ts" time="7.279">
</testcase>
<testcase name="Security Features › SQL injection protection" classname="security.spec.ts" time="14.915">
</testcase>
<testcase name="Security Features › XSS protection" classname="security.spec.ts" time="5.16">
</testcase>
<testcase name="Security Features › session security" classname="security.spec.ts" time="2.394">
</testcase>
<testcase name="Security Features › error handling does not leak information" classname="security.spec.ts" time="0.463">
</testcase>
<testcase name="Security Features › content security policy" classname="security.spec.ts" time="15.825">
</testcase>
<testcase name="Security Features › HTTPS enforcement" classname="security.spec.ts" time="19.73">
<system-out>
<![CDATA[
[[ATTACHMENT|security-Security-Features-HTTPS-enforcement-chromium\test-failed-1.png]]

[[ATTACHMENT|security-Security-Features-HTTPS-enforcement-chromium\video.webm]]

[[ATTACHMENT|security-Security-Features-HTTPS-enforcement-chromium\error-context.md]]
]]>
</system-out>
<failure message="expect(received).toBeTruthy()" type="expect.toBeTruthy">
<![CDATA[  [chromium] › security.spec.ts:261:7 › Security Features › HTTPS enforcement ──────────────────────

    Error: expect(received).toBeTruthy()

    Received: undefined

      265 |     
      266 |     // Should have HSTS header
    > 267 |     expect(hsts).toBeTruthy();
          |                  ^
      268 |     expect(hsts).toMatch(/max-age=/);
      269 |     expect(hsts).toMatch(/includeSubDomains/);
      270 |   });
        at E:\github\trusthire\tests\security.spec.ts:267:18

    attachment #1: screenshot (image/png) ──────────────────────────────────────────────────────────
    ..\test-results\security-Security-Features-HTTPS-enforcement-chromium\test-failed-1.png
    ────────────────────────────────────────────────────────────────────────────────────────────────

    attachment #2: video (video/webm) ──────────────────────────────────────────────────────────────
    ..\test-results\security-Security-Features-HTTPS-enforcement-chromium\video.webm
    ────────────────────────────────────────────────────────────────────────────────────────────────

    Error Context: ..\test-results\security-Security-Features-HTTPS-enforcement-chromium\error-context.md
]]>
</failure>
</testcase>
<testcase name="Security Features › access control" classname="security.spec.ts" time="9.109">
<system-out>
<![CDATA[
[[ATTACHMENT|security-Security-Features-access-control-chromium\test-failed-1.png]]

[[ATTACHMENT|security-Security-Features-access-control-chromium\video.webm]]

[[ATTACHMENT|security-Security-Features-access-control-chromium\error-context.md]]
]]>
</system-out>
<failure message="expect(received).toMatch(expected)" type="expect.toMatch">
<![CDATA[  [chromium] › security.spec.ts:272:7 › Security Features › access control ─────────────────────────

    Error: expect(received).toMatch(expected)

    Expected pattern: /(login|access.denied|unauthorized)/i
    Received string:  "http://localhost:3000/admin"

      283 |       // Should either redirect to login or show access denied
      284 |       const url = page.url();
    > 285 |       expect(url).toMatch(/(login|access.denied|unauthorized)/i);
          |                   ^
      286 |     }
      287 |   });
      288 |
        at E:\github\trusthire\tests\security.spec.ts:285:19

    attachment #1: screenshot (image/png) ──────────────────────────────────────────────────────────
    ..\test-results\security-Security-Features-access-control-chromium\test-failed-1.png
    ────────────────────────────────────────────────────────────────────────────────────────────────

    attachment #2: video (video/webm) ──────────────────────────────────────────────────────────────
    ..\test-results\security-Security-Features-access-control-chromium\video.webm
    ────────────────────────────────────────────────────────────────────────────────────────────────

    Error Context: ..\test-results\security-Security-Features-access-control-chromium\error-context.md
]]>
</failure>
</testcase>
<testcase name="Security Features › input sanitization" classname="security.spec.ts" time="5.159">
</testcase>
<testcase name="API Security › API endpoints have proper authentication" classname="security.spec.ts" time="5.587">
<system-out>
<![CDATA[
[[ATTACHMENT|security-API-Security-API--fa151--have-proper-authentication-chromium\error-context.md]]
]]>
</system-out>
<failure message="expect(received).toContain(expected) // indexOf" type="expect.toContain">
<![CDATA[  [chromium] › security.spec.ts:316:7 › API Security › API endpoints have proper authentication ────

    Error: expect(received).toContain(expected) // indexOf

    Expected value: 400
    Received array: [401, 403]

      327 |       
      328 |       // Should require authentication
    > 329 |       expect([401, 403]).toContain(response.status());
          |                          ^
      330 |     }
      331 |   });
      332 |
        at E:\github\trusthire\tests\security.spec.ts:329:26

    Error Context: ..\test-results\security-API-Security-API--fa151--have-proper-authentication-chromium\error-context.md
]]>
</failure>
</testcase>
<testcase name="API Security › API rate limiting" classname="security.spec.ts" time="3.877">
<system-out>
<![CDATA[
[[ATTACHMENT|security-API-Security-API-rate-limiting-chromium\error-context.md]]
]]>
</system-out>
<failure message="expect(received).toBeGreaterThan(expected)" type="expect.toBeGreaterThan">
<![CDATA[  [chromium] › security.spec.ts:333:7 › API Security › API rate limiting ───────────────────────────

    Error: expect(received).toBeGreaterThan(expected)

    Expected: > 0
    Received:   0

      344 |     // Should have rate limiting after several requests
      345 |     const rateLimitedCount = responses.filter(r => r.status() === 429).length;
    > 346 |     expect(rateLimitedCount).toBeGreaterThan(0);
          |                              ^
      347 |   });
      348 |
      349 |   test('API input validation', async ({ request }) => {
        at E:\github\trusthire\tests\security.spec.ts:346:30

    Error Context: ..\test-results\security-API-Security-API-rate-limiting-chromium\error-context.md
]]>
</failure>
</testcase>
<testcase name="API Security › API input validation" classname="security.spec.ts" time="0.298">
<system-out>
<![CDATA[
[[ATTACHMENT|security-API-Security-API-input-validation-chromium\error-context.md]]
]]>
</system-out>
<failure message="expect(received).toContain(expected) // indexOf" type="expect.toContain">
<![CDATA[  [chromium] › security.spec.ts:349:7 › API Security › API input validation ────────────────────────

    Error: expect(received).toContain(expected) // indexOf

    Expected value: 500
    Received array: [400, 413, 422]

      363 |       
      364 |       // Should handle invalid data gracefully
    > 365 |       expect([400, 413, 422]).toContain(response.status());
          |                               ^
      366 |       
      367 |       // Should not leak sensitive information
      368 |       if (response.status() >= 400) {
        at E:\github\trusthire\tests\security.spec.ts:365:31

    Error Context: ..\test-results\security-API-Security-API-input-validation-chromium\error-context.md
]]>
</failure>
</testcase>
<testcase name="API Security › API response headers" classname="security.spec.ts" time="0.62">
<system-out>
<![CDATA[
[[ATTACHMENT|security-API-Security-API-response-headers-chromium\error-context.md]]
]]>
</system-out>
<failure message="expect(received).toBe(expected) // Object.is equality" type="expect.toBe">
<![CDATA[  [chromium] › security.spec.ts:376:7 › API Security › API response headers ────────────────────────

    Error: expect(received).toBe(expected) // Object.is equality

    Expected: "nosniff"
    Received: undefined

      379 |     
      380 |     // Should have security headers
    > 381 |     expect(headers['x-content-type-options']).toBe('nosniff');
          |                                               ^
      382 |     expect(headers['x-frame-options']).toBeTruthy();
      383 |     expect(headers['x-xss-protection']).toBeTruthy();
      384 |   });
        at E:\github\trusthire\tests\security.spec.ts:381:47

    Error Context: ..\test-results\security-API-Security-API-response-headers-chromium\error-context.md
]]>
</failure>
</testcase>
</testsuite>
<testsuite name="autonomous-agent.spec.ts" timestamp="2026-04-20T10:48:01.632Z" hostname="firefox" tests="27" failures="9" skipped="0" time="185.984" errors="4">
<testcase name="Autonomous Agent › agent page loads correctly" classname="autonomous-agent.spec.ts" time="11.327">
</testcase>
<testcase name="Autonomous Agent › agent control panel is visible" classname="autonomous-agent.spec.ts" time="11.908">
</testcase>
<testcase name="Autonomous Agent › agent personality tab works" classname="autonomous-agent.spec.ts" time="12.307">
<system-out>
<![CDATA[
[[ATTACHMENT|autonomous-agent-Autonomou-8f04e-agent-personality-tab-works-firefox\test-failed-1.png]]

[[ATTACHMENT|autonomous-agent-Autonomou-8f04e-agent-personality-tab-works-firefox\video.webm]]

[[ATTACHMENT|autonomous-agent-Autonomou-8f04e-agent-personality-tab-works-firefox\error-context.md]]
]]>
</system-out>
<failure message="expect(locator).toBeVisible() failed" type="expect.toBeVisible">
<![CDATA[  [firefox] › autonomous-agent.spec.ts:25:7 › Autonomous Agent › agent personality tab works ───────

    Error: expect(locator).toBeVisible() failed

    Locator: locator('text=Agent Personality')
    Expected: visible
    Timeout: 5000ms
    Error: element(s) not found

    Call log:
      - Expect "toBeVisible" with timeout 5000ms
      - waiting for locator('text=Agent Personality')


      25 |   test('agent personality tab works', async ({ page }) => {
      26 |     await page.click('text=Personality');
    > 27 |     await expect(page.locator('text=Agent Personality')).toBeVisible();
         |                                                          ^
      28 |     await expect(page.locator('text=Basic Information')).toBeVisible();
      29 |     await expect(page.locator('text=Personality Traits')).toBeVisible();
      30 |   });
        at E:\github\trusthire\tests\autonomous-agent.spec.ts:27:58

    attachment #1: screenshot (image/png) ──────────────────────────────────────────────────────────
    ..\test-results\autonomous-agent-Autonomou-8f04e-agent-personality-tab-works-firefox\test-failed-1.png
    ────────────────────────────────────────────────────────────────────────────────────────────────

    attachment #2: video (video/webm) ──────────────────────────────────────────────────────────────
    ..\test-results\autonomous-agent-Autonomou-8f04e-agent-personality-tab-works-firefox\video.webm
    ────────────────────────────────────────────────────────────────────────────────────────────────

    Error Context: ..\test-results\autonomous-agent-Autonomou-8f04e-agent-personality-tab-works-firefox\error-context.md
]]>
</failure>
</testcase>
<testcase name="Autonomous Agent › agent memory tab works" classname="autonomous-agent.spec.ts" time="12.632">
<system-out>
<![CDATA[
[[ATTACHMENT|autonomous-agent-Autonomous-Agent-agent-memory-tab-works-firefox\test-failed-1.png]]

[[ATTACHMENT|autonomous-agent-Autonomous-Agent-agent-memory-tab-works-firefox\video.webm]]

[[ATTACHMENT|autonomous-agent-Autonomous-Agent-agent-memory-tab-works-firefox\error-context.md]]
]]>
</system-out>
<failure message="expect(locator).toBeVisible() failed" type="expect.toBeVisible">
<![CDATA[  [firefox] › autonomous-agent.spec.ts:32:7 › Autonomous Agent › agent memory tab works ────────────

    Error: expect(locator).toBeVisible() failed

    Locator: locator('text=Agent Memory')
    Expected: visible
    Timeout: 5000ms
    Error: element(s) not found

    Call log:
      - Expect "toBeVisible" with timeout 5000ms
      - waiting for locator('text=Agent Memory')


      32 |   test('agent memory tab works', async ({ page }) => {
      33 |     await page.click('text=Memory');
    > 34 |     await expect(page.locator('text=Agent Memory')).toBeVisible();
         |                                                     ^
      35 |     await expect(page.locator('text=Short-term Memory')).toBeVisible();
      36 |     await expect(page.locator('text=Long-term Memory')).toBeVisible();
      37 |     await expect(page.locator('text=Episodic Memory')).toBeVisible();
        at E:\github\trusthire\tests\autonomous-agent.spec.ts:34:53

    attachment #1: screenshot (image/png) ──────────────────────────────────────────────────────────
    ..\test-results\autonomous-agent-Autonomous-Agent-agent-memory-tab-works-firefox\test-failed-1.png
    ────────────────────────────────────────────────────────────────────────────────────────────────

    attachment #2: video (video/webm) ──────────────────────────────────────────────────────────────
    ..\test-results\autonomous-agent-Autonomous-Agent-agent-memory-tab-works-firefox\video.webm
    ────────────────────────────────────────────────────────────────────────────────────────────────

    Error Context: ..\test-results\autonomous-agent-Autonomous-Agent-agent-memory-tab-works-firefox\error-context.md
]]>
</failure>
</testcase>
<testcase name="Autonomous Agent › agent analytics tab works" classname="autonomous-agent.spec.ts" time="7.978">
<system-out>
<![CDATA[
[[ATTACHMENT|autonomous-agent-Autonomous-Agent-agent-analytics-tab-works-firefox\test-failed-1.png]]

[[ATTACHMENT|autonomous-agent-Autonomous-Agent-agent-analytics-tab-works-firefox\video.webm]]

[[ATTACHMENT|autonomous-agent-Autonomous-Agent-agent-analytics-tab-works-firefox\error-context.md]]
]]>
</system-out>
<failure message="expect(locator).toBeVisible() failed" type="expect.toBeVisible">
<![CDATA[  [firefox] › autonomous-agent.spec.ts:40:7 › Autonomous Agent › agent analytics tab works ─────────

    Error: expect(locator).toBeVisible() failed

    Locator: locator('text=Performance Metrics')
    Expected: visible
    Error: strict mode violation: locator('text=Performance Metrics') resolved to 2 elements:
        1) <p class="text-sm text-muted-foreground">Performance metrics and analytics for the autonom…</p> aka getByText('Performance metrics and')
        2) <h4 class="font-medium mb-4">Performance Metrics</h4> aka getByRole('heading', { name: 'Performance Metrics' })

    Call log:
      - Expect "toBeVisible" with timeout 5000ms
      - waiting for locator('text=Performance Metrics')


      41 |     await page.click('text=Analytics');
      42 |     await expect(page.locator('text=Agent Analytics')).toBeVisible();
    > 43 |     await expect(page.locator('text=Performance Metrics')).toBeVisible();
         |                                                            ^
      44 |     await expect(page.locator('text=Activity Timeline')).toBeVisible();
      45 |   });
      46 |
        at E:\github\trusthire\tests\autonomous-agent.spec.ts:43:60

    attachment #1: screenshot (image/png) ──────────────────────────────────────────────────────────
    ..\test-results\autonomous-agent-Autonomous-Agent-agent-analytics-tab-works-firefox\test-failed-1.png
    ────────────────────────────────────────────────────────────────────────────────────────────────

    attachment #2: video (video/webm) ──────────────────────────────────────────────────────────────
    ..\test-results\autonomous-agent-Autonomous-Agent-agent-analytics-tab-works-firefox\video.webm
    ────────────────────────────────────────────────────────────────────────────────────────────────

    Error Context: ..\test-results\autonomous-agent-Autonomous-Agent-agent-analytics-tab-works-firefox\error-context.md
]]>
</failure>
</testcase>
<testcase name="Autonomous Agent › agent status displays correctly" classname="autonomous-agent.spec.ts" time="9.696">
<system-out>
<![CDATA[
[[ATTACHMENT|autonomous-agent-Autonomou-806bf-t-status-displays-correctly-firefox\test-failed-1.png]]

[[ATTACHMENT|autonomous-agent-Autonomou-806bf-t-status-displays-correctly-firefox\video.webm]]

[[ATTACHMENT|autonomous-agent-Autonomou-806bf-t-status-displays-correctly-firefox\error-context.md]]
]]>
</system-out>
<failure message="expect(locator).toBeVisible() failed" type="expect.toBeVisible">
<![CDATA[  [firefox] › autonomous-agent.spec.ts:47:7 › Autonomous Agent › agent status displays correctly ───

    Error: expect(locator).toBeVisible() failed

    Locator: locator('[data-testid="agent-status"]')
    Expected: visible
    Timeout: 5000ms
    Error: element(s) not found

    Call log:
      - Expect "toBeVisible" with timeout 5000ms
      - waiting for locator('[data-testid="agent-status"]')


      47 |   test('agent status displays correctly', async ({ page }) => {
      48 |     // Check if status badges are visible
    > 49 |     await expect(page.locator('[data-testid="agent-status"]')).toBeVisible();
         |                                                                ^
      50 |     await expect(page.locator('[data-testid="agent-name"]')).toBeVisible();
      51 |   });
      52 |
        at E:\github\trusthire\tests\autonomous-agent.spec.ts:49:64

    attachment #1: screenshot (image/png) ──────────────────────────────────────────────────────────
    ..\test-results\autonomous-agent-Autonomou-806bf-t-status-displays-correctly-firefox\test-failed-1.png
    ────────────────────────────────────────────────────────────────────────────────────────────────

    attachment #2: video (video/webm) ──────────────────────────────────────────────────────────────
    ..\test-results\autonomous-agent-Autonomou-806bf-t-status-displays-correctly-firefox\video.webm
    ────────────────────────────────────────────────────────────────────────────────────────────────

    Error Context: ..\test-results\autonomous-agent-Autonomou-806bf-t-status-displays-correctly-firefox\error-context.md
]]>
</failure>
</testcase>
<testcase name="Autonomous Agent › add task functionality works" classname="autonomous-agent.spec.ts" time="10.581">
<system-out>
<![CDATA[
[[ATTACHMENT|autonomous-agent-Autonomou-b019d-dd-task-functionality-works-firefox\test-failed-1.png]]

[[ATTACHMENT|autonomous-agent-Autonomou-b019d-dd-task-functionality-works-firefox\video.webm]]

[[ATTACHMENT|autonomous-agent-Autonomou-b019d-dd-task-functionality-works-firefox\error-context.md]]
]]>
</system-out>
<failure message="expect(locator).toBeVisible() failed" type="expect.toBeVisible">
<![CDATA[  [firefox] › autonomous-agent.spec.ts:53:7 › Autonomous Agent › add task functionality works ──────

    Error: expect(locator).toBeVisible() failed

    Locator: locator('select[name="taskType"]')
    Expected: visible
    Timeout: 5000ms
    Error: element(s) not found

    Call log:
      - Expect "toBeVisible" with timeout 5000ms
      - waiting for locator('select[name="taskType"]')


      55 |     
      56 |     // Check if task type dropdown is visible
    > 57 |     await expect(page.locator('select[name="taskType"]')).toBeVisible();
         |                                                           ^
      58 |     
      59 |     // Check if priority dropdown is visible
      60 |     await expect(page.locator('select[name="priority"]')).toBeVisible();
        at E:\github\trusthire\tests\autonomous-agent.spec.ts:57:59

    attachment #1: screenshot (image/png) ──────────────────────────────────────────────────────────
    ..\test-results\autonomous-agent-Autonomou-b019d-dd-task-functionality-works-firefox\test-failed-1.png
    ────────────────────────────────────────────────────────────────────────────────────────────────

    attachment #2: video (video/webm) ──────────────────────────────────────────────────────────────
    ..\test-results\autonomous-agent-Autonomou-b019d-dd-task-functionality-works-firefox\video.webm
    ────────────────────────────────────────────────────────────────────────────────────────────────

    Error Context: ..\test-results\autonomous-agent-Autonomou-b019d-dd-task-functionality-works-firefox\error-context.md
]]>
</failure>
</testcase>
<testcase name="Autonomous Agent › custom command input works" classname="autonomous-agent.spec.ts" time="3.347">
</testcase>
<testcase name="Autonomous Agent › agent statistics display" classname="autonomous-agent.spec.ts" time="1.862">
</testcase>
<testcase name="Autonomous Agent › agent capabilities are displayed" classname="autonomous-agent.spec.ts" time="1.831">
<system-out>
<![CDATA[
[[ATTACHMENT|autonomous-agent-Autonomou-e86ed--capabilities-are-displayed-firefox\test-failed-1.png]]

[[ATTACHMENT|autonomous-agent-Autonomou-e86ed--capabilities-are-displayed-firefox\video.webm]]

[[ATTACHMENT|autonomous-agent-Autonomou-e86ed--capabilities-are-displayed-firefox\error-context.md]]
]]>
</system-out>
<failure message="expect(locator).toBeVisible() failed" type="expect.toBeVisible">
<![CDATA[  [firefox] › autonomous-agent.spec.ts:78:7 › Autonomous Agent › agent capabilities are displayed ──

    Error: expect(locator).toBeVisible() failed

    Locator: locator('text=Capabilities')
    Expected: visible
    Error: strict mode violation: locator('text=Capabilities') resolved to 2 elements:
        1) <p class="text-xl text-gray-600 max-w-2xl mx-auto">Advanced AI agent with personality, memory, and a…</p> aka getByText('Advanced AI agent with personality, memory, and autonomous security analysis')
        2) <p class="text-muted-foreground">Advanced AI agent with personality, memory, and a…</p> aka getByText('Advanced AI agent with personality, memory, and autonomous capabilities')

    Call log:
      - Expect "toBeVisible" with timeout 5000ms
      - waiting for locator('text=Capabilities')


      78 |   test('agent capabilities are displayed', async ({ page }) => {
      79 |     await page.click('text=Personality');
    > 80 |     await expect(page.locator('text=Capabilities')).toBeVisible();
         |                                                     ^
      81 |     
      82 |     // Check for specific capabilities
      83 |     await expect(page.locator('text=autonomous_analysis')).toBeVisible();
        at E:\github\trusthire\tests\autonomous-agent.spec.ts:80:53

    attachment #1: screenshot (image/png) ──────────────────────────────────────────────────────────
    ..\test-results\autonomous-agent-Autonomou-e86ed--capabilities-are-displayed-firefox\test-failed-1.png
    ────────────────────────────────────────────────────────────────────────────────────────────────

    attachment #2: video (video/webm) ──────────────────────────────────────────────────────────────
    ..\test-results\autonomous-agent-Autonomou-e86ed--capabilities-are-displayed-firefox\video.webm
    ────────────────────────────────────────────────────────────────────────────────────────────────

    Error Context: ..\test-results\autonomous-agent-Autonomou-e86ed--capabilities-are-displayed-firefox\error-context.md
]]>
</failure>
</testcase>
<testcase name="Autonomous Agent API › agent status endpoint responds" classname="autonomous-agent.spec.ts" time="0.067">
</testcase>
<testcase name="Autonomous Agent API › agent personality endpoint responds" classname="autonomous-agent.spec.ts" time="0.025">
</testcase>
<testcase name="Autonomous Agent API › agent memory endpoint responds" classname="autonomous-agent.spec.ts" time="0.023">
</testcase>
<testcase name="Autonomous Agent API › agent statistics endpoint responds" classname="autonomous-agent.spec.ts" time="0.028">
</testcase>
<testcase name="Autonomous Agent API › agent capabilities endpoint responds" classname="autonomous-agent.spec.ts" time="0.024">
</testcase>
<testcase name="Autonomous Agent API › start agent endpoint works" classname="autonomous-agent.spec.ts" time="0.028">
</testcase>
<testcase name="Autonomous Agent API › stop agent endpoint works" classname="autonomous-agent.spec.ts" time="0.024">
</testcase>
<testcase name="Autonomous Agent API › add task endpoint works" classname="autonomous-agent.spec.ts" time="0.026">
</testcase>
<testcase name="Autonomous Agent API › custom command endpoint works" classname="autonomous-agent.spec.ts" time="0.03">
</testcase>
<testcase name="Autonomous Agent API › update personality endpoint works" classname="autonomous-agent.spec.ts" time="0.025">
</testcase>
<testcase name="Autonomous Agent Integration › agent integrates with Mistral AI" classname="autonomous-agent.spec.ts" time="17.581">
<system-out>
<![CDATA[
[[ATTACHMENT|autonomous-agent-Autonomou-018f8--integrates-with-Mistral-AI-firefox\test-failed-1.png]]

[[ATTACHMENT|autonomous-agent-Autonomou-018f8--integrates-with-Mistral-AI-firefox\video.webm]]

[[ATTACHMENT|autonomous-agent-Autonomou-018f8--integrates-with-Mistral-AI-firefox\error-context.md]]
]]>
</system-out>
<error message="page.selectOption: Timeout 10000ms exceeded." type="TimeoutError">
<![CDATA[  [firefox] › autonomous-agent.spec.ts:217:7 › Autonomous Agent Integration › agent integrates with Mistral AI 

    TimeoutError: page.selectOption: Timeout 10000ms exceeded.
    Call log:
      - waiting for locator('select[name="taskType"]')


      226 |     // Add a task that requires AI analysis
      227 |     await page.click('text=Add Task');
    > 228 |     await page.selectOption('select[name="taskType"]', 'security_analysis');
          |                ^
      229 |     await page.selectOption('select[name="priority"]', 'high');
      230 |     await page.click('button:has-text("Add Task")');
      231 |     
        at E:\github\trusthire\tests\autonomous-agent.spec.ts:228:16

    attachment #1: screenshot (image/png) ──────────────────────────────────────────────────────────
    ..\test-results\autonomous-agent-Autonomou-018f8--integrates-with-Mistral-AI-firefox\test-failed-1.png
    ────────────────────────────────────────────────────────────────────────────────────────────────

    attachment #2: video (video/webm) ──────────────────────────────────────────────────────────────
    ..\test-results\autonomous-agent-Autonomou-018f8--integrates-with-Mistral-AI-firefox\video.webm
    ────────────────────────────────────────────────────────────────────────────────────────────────

    Error Context: ..\test-results\autonomous-agent-Autonomou-018f8--integrates-with-Mistral-AI-firefox\error-context.md
]]>
</error>
</testcase>
<testcase name="Autonomous Agent Integration › agent memory systems work" classname="autonomous-agent.spec.ts" time="11.982">
<system-out>
<![CDATA[
[[ATTACHMENT|autonomous-agent-Autonomou-d68c6-n-agent-memory-systems-work-firefox\test-failed-1.png]]

[[ATTACHMENT|autonomous-agent-Autonomou-d68c6-n-agent-memory-systems-work-firefox\video.webm]]

[[ATTACHMENT|autonomous-agent-Autonomou-d68c6-n-agent-memory-systems-work-firefox\error-context.md]]
]]>
</system-out>
<failure message="expect(locator).toBeVisible() failed" type="expect.toBeVisible">
<![CDATA[  [firefox] › autonomous-agent.spec.ts:240:7 › Autonomous Agent Integration › agent memory systems work 

    Error: expect(locator).toBeVisible() failed

    Locator: locator('text=Short-term Memory')
    Expected: visible
    Timeout: 5000ms
    Error: element(s) not found

    Call log:
      - Expect "toBeVisible" with timeout 5000ms
      - waiting for locator('text=Short-term Memory')


      243 |     
      244 |     // Check if memory sections are visible
    > 245 |     await expect(page.locator('text=Short-term Memory')).toBeVisible();
          |                                                          ^
      246 |     await expect(page.locator('text=Long-term Memory')).toBeVisible();
      247 |     await expect(page.locator('text=Episodic Memory')).toBeVisible();
      248 |     
        at E:\github\trusthire\tests\autonomous-agent.spec.ts:245:58

    attachment #1: screenshot (image/png) ──────────────────────────────────────────────────────────
    ..\test-results\autonomous-agent-Autonomou-d68c6-n-agent-memory-systems-work-firefox\test-failed-1.png
    ────────────────────────────────────────────────────────────────────────────────────────────────

    attachment #2: video (video/webm) ──────────────────────────────────────────────────────────────
    ..\test-results\autonomous-agent-Autonomou-d68c6-n-agent-memory-systems-work-firefox\video.webm
    ────────────────────────────────────────────────────────────────────────────────────────────────

    Error Context: ..\test-results\autonomous-agent-Autonomou-d68c6-n-agent-memory-systems-work-firefox\error-context.md
]]>
</failure>
</testcase>
<testcase name="Autonomous Agent Integration › agent learning functionality works" classname="autonomous-agent.spec.ts" time="18.051">
<system-out>
<![CDATA[
[[ATTACHMENT|autonomous-agent-Autonomou-19a8c-earning-functionality-works-firefox\test-failed-1.png]]

[[ATTACHMENT|autonomous-agent-Autonomou-19a8c-earning-functionality-works-firefox\video.webm]]

[[ATTACHMENT|autonomous-agent-Autonomou-19a8c-earning-functionality-works-firefox\error-context.md]]
]]>
</system-out>
<error message="page.selectOption: Timeout 10000ms exceeded." type="TimeoutError">
<![CDATA[  [firefox] › autonomous-agent.spec.ts:255:7 › Autonomous Agent Integration › agent learning functionality works 

    TimeoutError: page.selectOption: Timeout 10000ms exceeded.
    Call log:
      - waiting for locator('select[name="taskType"]')


      258 |     // Add a learning task
      259 |     await page.click('text=Add Task');
    > 260 |     await page.selectOption('select[name="taskType"]', 'learning');
          |                ^
      261 |     await page.selectOption('select[name="priority"]', 'medium');
      262 |     await page.click('button:has-text("Add Task")');
      263 |     
        at E:\github\trusthire\tests\autonomous-agent.spec.ts:260:16

    attachment #1: screenshot (image/png) ──────────────────────────────────────────────────────────
    ..\test-results\autonomous-agent-Autonomou-19a8c-earning-functionality-works-firefox\test-failed-1.png
    ────────────────────────────────────────────────────────────────────────────────────────────────

    attachment #2: video (video/webm) ──────────────────────────────────────────────────────────────
    ..\test-results\autonomous-agent-Autonomou-19a8c-earning-functionality-works-firefox\video.webm
    ────────────────────────────────────────────────────────────────────────────────────────────────

    Error Context: ..\test-results\autonomous-agent-Autonomou-19a8c-earning-functionality-works-firefox\error-context.md
]]>
</error>
</testcase>
<testcase name="Autonomous Agent Integration › agent error handling works" classname="autonomous-agent.spec.ts" time="10.947">
<system-out>
<![CDATA[
[[ATTACHMENT|autonomous-agent-Autonomou-48b4c--agent-error-handling-works-firefox\test-failed-1.png]]

[[ATTACHMENT|autonomous-agent-Autonomou-48b4c--agent-error-handling-works-firefox\video.webm]]

[[ATTACHMENT|autonomous-agent-Autonomou-48b4c--agent-error-handling-works-firefox\error-context.md]]
]]>
</system-out>
<failure message="expect(locator).toBeVisible() failed" type="expect.toBeVisible">
<![CDATA[  [firefox] › autonomous-agent.spec.ts:272:7 › Autonomous Agent Integration › agent error handling works 

    Error: expect(locator).toBeVisible() failed

    Locator: locator('text=Task type is required')
    Expected: visible
    Timeout: 5000ms
    Error: element(s) not found

    Call log:
      - Expect "toBeVisible" with timeout 5000ms
      - waiting for locator('text=Task type is required')


      278 |     
      279 |     // Should show validation error
    > 280 |     await expect(page.locator('text=Task type is required')).toBeVisible();
          |                                                              ^
      281 |   });
      282 | });
      283 |
        at E:\github\trusthire\tests\autonomous-agent.spec.ts:280:62

    attachment #1: screenshot (image/png) ──────────────────────────────────────────────────────────
    ..\test-results\autonomous-agent-Autonomou-48b4c--agent-error-handling-works-firefox\test-failed-1.png
    ────────────────────────────────────────────────────────────────────────────────────────────────

    attachment #2: video (video/webm) ──────────────────────────────────────────────────────────────
    ..\test-results\autonomous-agent-Autonomou-48b4c--agent-error-handling-works-firefox\video.webm
    ────────────────────────────────────────────────────────────────────────────────────────────────

    Error Context: ..\test-results\autonomous-agent-Autonomou-48b4c--agent-error-handling-works-firefox\error-context.md
]]>
</failure>
</testcase>
<testcase name="Autonomous Agent Performance › agent page loads quickly" classname="autonomous-agent.spec.ts" time="8.202">
<system-out>
<![CDATA[
[[ATTACHMENT|autonomous-agent-Autonomou-adbe2-ce-agent-page-loads-quickly-firefox\test-failed-1.png]]

[[ATTACHMENT|autonomous-agent-Autonomou-adbe2-ce-agent-page-loads-quickly-firefox\video.webm]]

[[ATTACHMENT|autonomous-agent-Autonomou-adbe2-ce-agent-page-loads-quickly-firefox\error-context.md]]
]]>
</system-out>
<failure message="expect(received).toBeLessThan(expected)" type="expect.toBeLessThan">
<![CDATA[  [firefox] › autonomous-agent.spec.ts:285:7 › Autonomous Agent Performance › agent page loads quickly 

    Error: expect(received).toBeLessThan(expected)

    Expected: < 3000
    Received:   3215

      290 |     
      291 |     // Page should load within 3 seconds
    > 292 |     expect(loadTime).toBeLessThan(3000);
          |                      ^
      293 |   });
      294 |
      295 |   test('agent status updates in real-time', async ({ page }) => {
        at E:\github\trusthire\tests\autonomous-agent.spec.ts:292:22

    attachment #1: screenshot (image/png) ──────────────────────────────────────────────────────────
    ..\test-results\autonomous-agent-Autonomou-adbe2-ce-agent-page-loads-quickly-firefox\test-failed-1.png
    ────────────────────────────────────────────────────────────────────────────────────────────────

    attachment #2: video (video/webm) ──────────────────────────────────────────────────────────────
    ..\test-results\autonomous-agent-Autonomou-adbe2-ce-agent-page-loads-quickly-firefox\video.webm
    ────────────────────────────────────────────────────────────────────────────────────────────────

    Error Context: ..\test-results\autonomous-agent-Autonomou-adbe2-ce-agent-page-loads-quickly-firefox\error-context.md
]]>
</failure>
</testcase>
<testcase name="Autonomous Agent Performance › agent status updates in real-time" classname="autonomous-agent.spec.ts" time="18.571">
<system-out>
<![CDATA[
[[ATTACHMENT|autonomous-agent-Autonomou-25389-status-updates-in-real-time-firefox\test-failed-1.png]]

[[ATTACHMENT|autonomous-agent-Autonomou-25389-status-updates-in-real-time-firefox\video.webm]]

[[ATTACHMENT|autonomous-agent-Autonomou-25389-status-updates-in-real-time-firefox\error-context.md]]
]]>
</system-out>
<error message="page.click: Timeout 10000ms exceeded." type="TimeoutError">
<![CDATA[  [firefox] › autonomous-agent.spec.ts:295:7 › Autonomous Agent Performance › agent status updates in real-time 

    TimeoutError: page.click: Timeout 10000ms exceeded.
    Call log:
      - waiting for locator('button:has-text("Start Agent")')
        - locator resolved to <button class="inline-flex items-center justify-center whitespace-nowrap rounded-md text-sm font-medium ring-offset-background transition-colors focus-visible:outline-none focus-visible:ring-2 focus-visible:ring-ring focus-visible:ring-offset-2 disabled:pointer-events-none disabled:opacity-50 bg-primary text-primary-foreground hover:bg-primary/90 h-10 px-4 py-2 flex-1">…</button>
      - attempting click action
        2 × waiting for element to be visible, enabled and stable
          - element is not enabled
        - retrying click action
        - waiting 20ms
        2 × waiting for element to be visible, enabled and stable
          - element is not enabled
        - retrying click action
          - waiting 100ms
        16 × waiting for element to be visible, enabled and stable
           - element is not enabled
         - retrying click action
           - waiting 500ms


      305 |     
      306 |     // Start agent and monitor
    > 307 |     await page.click('button:has-text("Start Agent")');
          |                ^
      308 |     await page.waitForTimeout(10000);
      309 |     
      310 |     // Should have received status updates
        at E:\github\trusthire\tests\autonomous-agent.spec.ts:307:16

    attachment #1: screenshot (image/png) ──────────────────────────────────────────────────────────
    ..\test-results\autonomous-agent-Autonomou-25389-status-updates-in-real-time-firefox\test-failed-1.png
    ────────────────────────────────────────────────────────────────────────────────────────────────

    attachment #2: video (video/webm) ──────────────────────────────────────────────────────────────
    ..\test-results\autonomous-agent-Autonomou-25389-status-updates-in-real-time-firefox\video.webm
    ────────────────────────────────────────────────────────────────────────────────────────────────

    Error Context: ..\test-results\autonomous-agent-Autonomou-25389-status-updates-in-real-time-firefox\error-context.md
]]>
</error>
</testcase>
<testcase name="Autonomous Agent Performance › agent handles multiple concurrent tasks" classname="autonomous-agent.spec.ts" time="16.881">
<system-out>
<![CDATA[
[[ATTACHMENT|autonomous-agent-Autonomou-8353a-s-multiple-concurrent-tasks-firefox\test-failed-1.png]]

[[ATTACHMENT|autonomous-agent-Autonomou-8353a-s-multiple-concurrent-tasks-firefox\video.webm]]

[[ATTACHMENT|autonomous-agent-Autonomou-8353a-s-multiple-concurrent-tasks-firefox\error-context.md]]
]]>
</system-out>
<error message="page.selectOption: Timeout 10000ms exceeded." type="TimeoutError">
<![CDATA[  [firefox] › autonomous-agent.spec.ts:314:7 › Autonomous Agent Performance › agent handles multiple concurrent tasks 

    TimeoutError: page.selectOption: Timeout 10000ms exceeded.
    Call log:
      - waiting for locator('select[name="taskType"]')


      325 |     for (const task of tasks) {
      326 |       await page.click('text=Add Task');
    > 327 |       await page.selectOption('select[name="taskType"]', task.type);
          |                  ^
      328 |       await page.selectOption('select[name="priority"]', task.priority);
      329 |       await page.click('button:has-text("Add Task")');
      330 |       await page.waitForTimeout(1000);
        at E:\github\trusthire\tests\autonomous-agent.spec.ts:327:18

    attachment #1: screenshot (image/png) ──────────────────────────────────────────────────────────
    ..\test-results\autonomous-agent-Autonomou-8353a-s-multiple-concurrent-tasks-firefox\test-failed-1.png
    ────────────────────────────────────────────────────────────────────────────────────────────────

    attachment #2: video (video/webm) ──────────────────────────────────────────────────────────────
    ..\test-results\autonomous-agent-Autonomou-8353a-s-multiple-concurrent-tasks-firefox\video.webm
    ────────────────────────────────────────────────────────────────────────────────────────────────

    Error Context: ..\test-results\autonomous-agent-Autonomou-8353a-s-multiple-concurrent-tasks-firefox\error-context.md
]]>
</error>
</testcase>
</testsuite>
<testsuite name="basic-functionality.spec.ts" timestamp="2026-04-20T10:48:01.632Z" hostname="firefox" tests="17" failures="5" skipped="0" time="89.871" errors="1">
<testcase name="TrustHire Basic Functionality › homepage loads correctly" classname="basic-functionality.spec.ts" time="11.098">
<system-out>
<![CDATA[
[[ATTACHMENT|basic-functionality-TrustH-4a122-ty-homepage-loads-correctly-firefox\test-failed-1.png]]

[[ATTACHMENT|basic-functionality-TrustH-4a122-ty-homepage-loads-correctly-firefox\video.webm]]

[[ATTACHMENT|basic-functionality-TrustH-4a122-ty-homepage-loads-correctly-firefox\error-context.md]]
]]>
</system-out>
<failure message="expect(locator).toContainText(expected) failed" type="expect.toContainText">
<![CDATA[  [firefox] › basic-functionality.spec.ts:13:7 › TrustHire Basic Functionality › homepage loads correctly 

    Error: expect(locator).toContainText(expected) failed

    Locator: locator('h1')
    Expected substring: "TrustHire"
    Received string:    "Stop RecruitmentScam Attacks"
    Timeout: 5000ms

    Call log:
      - Expect "toContainText" with timeout 5000ms
      - waiting for locator('h1')
        8 × locator resolved to <h1 class="text-5xl md:text-6xl font-mono font-bold tracking-tight mb-6">…</h1>
          - unexpected value "Stop RecruitmentScam Attacks"


      13 |   test('homepage loads correctly', async ({ page }) => {
      14 |     await expect(page).toHaveTitle(/TrustHire/);
    > 15 |     await expect(page.locator('h1')).toContainText('TrustHire');
         |                                      ^
      16 |     await expect(page.locator('body')).toBeVisible();
      17 |   });
      18 |
        at E:\github\trusthire\tests\basic-functionality.spec.ts:15:38

    attachment #1: screenshot (image/png) ──────────────────────────────────────────────────────────
    ..\test-results\basic-functionality-TrustH-4a122-ty-homepage-loads-correctly-firefox\test-failed-1.png
    ────────────────────────────────────────────────────────────────────────────────────────────────

    attachment #2: video (video/webm) ──────────────────────────────────────────────────────────────
    ..\test-results\basic-functionality-TrustH-4a122-ty-homepage-loads-correctly-firefox\video.webm
    ────────────────────────────────────────────────────────────────────────────────────────────────

    Error Context: ..\test-results\basic-functionality-TrustH-4a122-ty-homepage-loads-correctly-firefox\error-context.md
]]>
</failure>
</testcase>
<testcase name="TrustHire Basic Functionality › navigation works correctly" classname="basic-functionality.spec.ts" time="13.26">
<system-out>
<![CDATA[
[[ATTACHMENT|basic-functionality-TrustH-82723--navigation-works-correctly-firefox\test-failed-1.png]]

[[ATTACHMENT|basic-functionality-TrustH-82723--navigation-works-correctly-firefox\video.webm]]

[[ATTACHMENT|basic-functionality-TrustH-82723--navigation-works-correctly-firefox\error-context.md]]
]]>
</system-out>
<error message="page.click: Timeout 10000ms exceeded." type="TimeoutError">
<![CDATA[  [firefox] › basic-functionality.spec.ts:19:7 › TrustHire Basic Functionality › navigation works correctly 

    TimeoutError: page.click: Timeout 10000ms exceeded.
    Call log:
      - waiting for locator('text=Dashboard')
        - locator resolved to 2 elements. Proceeding with the first one: <span>Dashboard</span>
      - attempting click action
        2 × waiting for element to be visible, enabled and stable
          - element is visible, enabled and stable
          - scrolling into view if needed
          - done scrolling
          - <div class="fixed inset-0 z-50 flex items-center justify-center bg-black/80 backdrop-blur-sm p-4">…</div> intercepts pointer events
        - retrying click action
        - waiting 20ms
        2 × waiting for element to be visible, enabled and stable
          - element is visible, enabled and stable
          - scrolling into view if needed
          - done scrolling
          - <div class="fixed inset-0 z-50 flex items-center justify-center bg-black/80 backdrop-blur-sm p-4">…</div> intercepts pointer events
        - retrying click action
          - waiting 100ms
        15 × waiting for element to be visible, enabled and stable
           - element is visible, enabled and stable
           - scrolling into view if needed
           - done scrolling
           - <div class="fixed inset-0 z-50 flex items-center justify-center bg-black/80 backdrop-blur-sm p-4">…</div> intercepts pointer events
         - retrying click action
           - waiting 500ms


      19 |   test('navigation works correctly', async ({ page }) => {
      20 |     // Test navigation to dashboard
    > 21 |     await page.click('text=Dashboard');
         |                ^
      22 |     await expect(page).toHaveURL(/dashboard/);
      23 |     await expect(page.locator('h1')).toContainText('Dashboard');
      24 |
        at E:\github\trusthire\tests\basic-functionality.spec.ts:21:16

    attachment #1: screenshot (image/png) ──────────────────────────────────────────────────────────
    ..\test-results\basic-functionality-TrustH-82723--navigation-works-correctly-firefox\test-failed-1.png
    ────────────────────────────────────────────────────────────────────────────────────────────────

    attachment #2: video (video/webm) ──────────────────────────────────────────────────────────────
    ..\test-results\basic-functionality-TrustH-82723--navigation-works-correctly-firefox\video.webm
    ────────────────────────────────────────────────────────────────────────────────────────────────

    Error Context: ..\test-results\basic-functionality-TrustH-82723--navigation-works-correctly-firefox\error-context.md
]]>
</error>
</testcase>
<testcase name="TrustHire Basic Functionality › assessment page loads" classname="basic-functionality.spec.ts" time="10.763">
<system-out>
<![CDATA[
[[ATTACHMENT|basic-functionality-TrustH-e4555-ality-assessment-page-loads-firefox\test-failed-1.png]]

[[ATTACHMENT|basic-functionality-TrustH-e4555-ality-assessment-page-loads-firefox\video.webm]]

[[ATTACHMENT|basic-functionality-TrustH-e4555-ality-assessment-page-loads-firefox\error-context.md]]
]]>
</system-out>
<failure message="expect(locator).toBeVisible() failed" type="expect.toBeVisible">
<![CDATA[  [firefox] › basic-functionality.spec.ts:31:7 › TrustHire Basic Functionality › assessment page loads 

    Error: expect(locator).toBeVisible() failed

    Locator: locator('form')
    Expected: visible
    Timeout: 5000ms
    Error: element(s) not found

    Call log:
      - Expect "toBeVisible" with timeout 5000ms
      - waiting for locator('form')


      33 |     
      34 |     // Check if assessment form is present
    > 35 |     await expect(page.locator('form')).toBeVisible();
         |                                        ^
      36 |     await expect(page.locator('input[type="url"]')).toBeVisible();
      37 |     await expect(page.locator('button[type="submit"]')).toBeVisible();
      38 |   });
        at E:\github\trusthire\tests\basic-functionality.spec.ts:35:40

    attachment #1: screenshot (image/png) ──────────────────────────────────────────────────────────
    ..\test-results\basic-functionality-TrustH-e4555-ality-assessment-page-loads-firefox\test-failed-1.png
    ────────────────────────────────────────────────────────────────────────────────────────────────

    attachment #2: video (video/webm) ──────────────────────────────────────────────────────────────
    ..\test-results\basic-functionality-TrustH-e4555-ality-assessment-page-loads-firefox\video.webm
    ────────────────────────────────────────────────────────────────────────────────────────────────

    Error Context: ..\test-results\basic-functionality-TrustH-e4555-ality-assessment-page-loads-firefox\error-context.md
]]>
</failure>
</testcase>
<testcase name="TrustHire Basic Functionality › scan pages are accessible" classname="basic-functionality.spec.ts" time="13.478">
<system-out>
<![CDATA[
[[ATTACHMENT|basic-functionality-TrustH-7eabf-y-scan-pages-are-accessible-firefox\test-failed-1.png]]

[[ATTACHMENT|basic-functionality-TrustH-7eabf-y-scan-pages-are-accessible-firefox\video.webm]]

[[ATTACHMENT|basic-functionality-TrustH-7eabf-y-scan-pages-are-accessible-firefox\error-context.md]]
]]>
</system-out>
<failure message="expect(locator).toBeVisible() failed" type="expect.toBeVisible">
<![CDATA[  [firefox] › basic-functionality.spec.ts:40:7 › TrustHire Basic Functionality › scan pages are accessible 

    Error: expect(locator).toBeVisible() failed

    Locator: locator('form')
    Expected: visible
    Timeout: 5000ms
    Error: element(s) not found

    Call log:
      - Expect "toBeVisible" with timeout 5000ms
      - waiting for locator('form')


      49 |       await page.goto(scanPage);
      50 |       await expect(page.locator('h1')).toBeVisible();
    > 51 |       await expect(page.locator('form')).toBeVisible();
         |                                          ^
      52 |     }
      53 |   });
      54 |
        at E:\github\trusthire\tests\basic-functionality.spec.ts:51:42

    attachment #1: screenshot (image/png) ──────────────────────────────────────────────────────────
    ..\test-results\basic-functionality-TrustH-7eabf-y-scan-pages-are-accessible-firefox\test-failed-1.png
    ────────────────────────────────────────────────────────────────────────────────────────────────

    attachment #2: video (video/webm) ──────────────────────────────────────────────────────────────
    ..\test-results\basic-functionality-TrustH-7eabf-y-scan-pages-are-accessible-firefox\video.webm
    ────────────────────────────────────────────────────────────────────────────────────────────────

    Error Context: ..\test-results\basic-functionality-TrustH-7eabf-y-scan-pages-are-accessible-firefox\error-context.md
]]>
</failure>
</testcase>
<testcase name="TrustHire Basic Functionality › intelligence page loads" classname="basic-functionality.spec.ts" time="9.809">
</testcase>
<testcase name="TrustHire Basic Functionality › monitoring page loads" classname="basic-functionality.spec.ts" time="3.197">
</testcase>
<testcase name="TrustHire Basic Functionality › collaboration page loads" classname="basic-functionality.spec.ts" time="4.93">
</testcase>
<testcase name="TrustHire Basic Functionality › agent page loads" classname="basic-functionality.spec.ts" time="3.168">
</testcase>
<testcase name="TrustHire Basic Functionality › responsive design works" classname="basic-functionality.spec.ts" time="3.14">
</testcase>
<testcase name="TrustHire Basic Functionality › API health check" classname="basic-functionality.spec.ts" time="5.404">
</testcase>
<testcase name="TrustHire Basic Functionality › page loads without errors" classname="basic-functionality.spec.ts" time="2.889">
</testcase>
<testcase name="API Endpoints › health endpoint responds" classname="basic-functionality.spec.ts" time="0.685">
<system-out>
<![CDATA[
[[ATTACHMENT|basic-functionality-API-Endpoints-health-endpoint-responds-firefox\error-context.md]]
]]>
</system-out>
<failure message="expect(received).toBe(expected) // Object.is equality" type="expect.toBe">
<![CDATA[  [firefox] › basic-functionality.spec.ts:122:7 › API Endpoints › health endpoint responds ─────────

    Error: expect(received).toBe(expected) // Object.is equality

    Expected: 200
    Received: 503

      122 |   test('health endpoint responds', async ({ request }) => {
      123 |     const response = await request.get('/api/health');
    > 124 |     expect(response.status()).toBe(200);
          |                               ^
      125 |   });
      126 |
      127 |   test('metrics endpoint responds', async ({ request }) => {
        at E:\github\trusthire\tests\basic-functionality.spec.ts:124:31

    Error Context: ..\test-results\basic-functionality-API-Endpoints-health-endpoint-responds-firefox\error-context.md
]]>
</failure>
</testcase>
<testcase name="API Endpoints › metrics endpoint responds" classname="basic-functionality.spec.ts" time="0.579">
</testcase>
<testcase name="API Endpoints › patterns endpoint responds" classname="basic-functionality.spec.ts" time="0.414">
</testcase>
<testcase name="Security Features › no sensitive data in page source" classname="basic-functionality.spec.ts" time="1.706">
</testcase>
<testcase name="Security Features › security headers are present" classname="basic-functionality.spec.ts" time="1.868">
<system-out>
<![CDATA[
[[ATTACHMENT|basic-functionality-Securi-eeb00-ecurity-headers-are-present-firefox\test-failed-1.png]]

[[ATTACHMENT|basic-functionality-Securi-eeb00-ecurity-headers-are-present-firefox\video.webm]]

[[ATTACHMENT|basic-functionality-Securi-eeb00-ecurity-headers-are-present-firefox\error-context.md]]
]]>
</system-out>
<failure message="expect(received).toBeTruthy()" type="expect.toBeTruthy">
<![CDATA[  [firefox] › basic-functionality.spec.ts:151:7 › Security Features › security headers are present ─

    Error: expect(received).toBeTruthy()

    Received: undefined

      154 |     
      155 |     // Check for security headers
    > 156 |     expect(headers?.['x-frame-options']).toBeTruthy();
          |                                          ^
      157 |     expect(headers?.['x-content-type-options']).toBeTruthy();
      158 |   });
      159 |
        at E:\github\trusthire\tests\basic-functionality.spec.ts:156:42

    attachment #1: screenshot (image/png) ──────────────────────────────────────────────────────────
    ..\test-results\basic-functionality-Securi-eeb00-ecurity-headers-are-present-firefox\test-failed-1.png
    ────────────────────────────────────────────────────────────────────────────────────────────────

    attachment #2: video (video/webm) ──────────────────────────────────────────────────────────────
    ..\test-results\basic-functionality-Securi-eeb00-ecurity-headers-are-present-firefox\video.webm
    ────────────────────────────────────────────────────────────────────────────────────────────────

    Error Context: ..\test-results\basic-functionality-Securi-eeb00-ecurity-headers-are-present-firefox\error-context.md
]]>
</failure>
</testcase>
<testcase name="Security Features › forms have CSRF protection" classname="basic-functionality.spec.ts" time="3.483">
</testcase>
</testsuite>
<testsuite name="security.spec.ts" timestamp="2026-04-20T10:48:01.632Z" hostname="firefox" tests="19" failures="8" skipped="0" time="92.981" errors="0">
<testcase name="Security Features › no sensitive data in page source" classname="security.spec.ts" time="1.499">
</testcase>
<testcase name="Security Features › security headers are present" classname="security.spec.ts" time="1.429">
<system-out>
<![CDATA[
[[ATTACHMENT|security-Security-Features-security-headers-are-present-firefox\test-failed-1.png]]

[[ATTACHMENT|security-Security-Features-security-headers-are-present-firefox\video.webm]]

[[ATTACHMENT|security-Security-Features-security-headers-are-present-firefox\error-context.md]]
]]>
</system-out>
<failure message="expect(received).toBeTruthy()" type="expect.toBeTruthy">
<![CDATA[  [firefox] › security.spec.ts:28:7 › Security Features › security headers are present ─────────────

    Error: expect(received).toBeTruthy()

    Received: undefined

      31 |     
      32 |     // Check for security headers
    > 33 |     expect(headers?.['x-frame-options']).toBeTruthy();
         |                                          ^
      34 |     expect(headers?.['x-content-type-options']).toBeTruthy();
      35 |     expect(headers?.['x-xss-protection']).toBeTruthy();
      36 |     expect(headers?.['referrer-policy']).toBeTruthy();
        at E:\github\trusthire\tests\security.spec.ts:33:42

    attachment #1: screenshot (image/png) ──────────────────────────────────────────────────────────
    ..\test-results\security-Security-Features-security-headers-are-present-firefox\test-failed-1.png
    ────────────────────────────────────────────────────────────────────────────────────────────────

    attachment #2: video (video/webm) ──────────────────────────────────────────────────────────────
    ..\test-results\security-Security-Features-security-headers-are-present-firefox\video.webm
    ────────────────────────────────────────────────────────────────────────────────────────────────

    Error Context: ..\test-results\security-Security-Features-security-headers-are-present-firefox\error-context.md
]]>
</failure>
</testcase>
<testcase name="Security Features › forms have CSRF protection" classname="security.spec.ts" time="12.851">
</testcase>
<testcase name="Security Features › input validation works" classname="security.spec.ts" time="6.538">
</testcase>
<testcase name="Security Features › rate limiting works" classname="security.spec.ts" time="2.334">
<system-out>
<![CDATA[
[[ATTACHMENT|security-Security-Features-rate-limiting-works-firefox\error-context.md]]
]]>
</system-out>
<failure message="expect(received).toBeGreaterThan(expected)" type="expect.toBeGreaterThan">
<![CDATA[  [firefox] › security.spec.ts:78:7 › Security Features › rate limiting works ──────────────────────

    Error: expect(received).toBeGreaterThan(expected)

    Expected: > 0
    Received:   0

      90 |     const rateLimitedCount = responses.filter(r => r.status() === 429).length;
      91 |     
    > 92 |     expect(successCount).toBeGreaterThan(0);
         |                          ^
      93 |     // Rate limiting should kick in after several requests
      94 |     expect(rateLimitedCount).toBeGreaterThanOrEqual(0);
      95 |   });
        at E:\github\trusthire\tests\security.spec.ts:92:26

    Error Context: ..\test-results\security-Security-Features-rate-limiting-works-firefox\error-context.md
]]>
</failure>
</testcase>
<testcase name="Security Features › authentication endpoints are secure" classname="security.spec.ts" time="0.472">
</testcase>
<testcase name="Security Features › file upload restrictions" classname="security.spec.ts" time="2.683">
</testcase>
<testcase name="Security Features › SQL injection protection" classname="security.spec.ts" time="8.911">
</testcase>
<testcase name="Security Features › XSS protection" classname="security.spec.ts" time="3.442">
</testcase>
<testcase name="Security Features › session security" classname="security.spec.ts" time="4.733">
</testcase>
<testcase name="Security Features › error handling does not leak information" classname="security.spec.ts" time="2.959">
</testcase>
<testcase name="Security Features › content security policy" classname="security.spec.ts" time="4.29">
</testcase>
<testcase name="Security Features › HTTPS enforcement" classname="security.spec.ts" time="10.593">
<system-out>
<![CDATA[
[[ATTACHMENT|security-Security-Features-HTTPS-enforcement-firefox\test-failed-1.png]]

[[ATTACHMENT|security-Security-Features-HTTPS-enforcement-firefox\video.webm]]

[[ATTACHMENT|security-Security-Features-HTTPS-enforcement-firefox\error-context.md]]
]]>
</system-out>
<failure message="expect(received).toBeTruthy()" type="expect.toBeTruthy">
<![CDATA[  [firefox] › security.spec.ts:261:7 › Security Features › HTTPS enforcement ───────────────────────

    Error: expect(received).toBeTruthy()

    Received: undefined

      265 |     
      266 |     // Should have HSTS header
    > 267 |     expect(hsts).toBeTruthy();
          |                  ^
      268 |     expect(hsts).toMatch(/max-age=/);
      269 |     expect(hsts).toMatch(/includeSubDomains/);
      270 |   });
        at E:\github\trusthire\tests\security.spec.ts:267:18

    attachment #1: screenshot (image/png) ──────────────────────────────────────────────────────────
    ..\test-results\security-Security-Features-HTTPS-enforcement-firefox\test-failed-1.png
    ────────────────────────────────────────────────────────────────────────────────────────────────

    attachment #2: video (video/webm) ──────────────────────────────────────────────────────────────
    ..\test-results\security-Security-Features-HTTPS-enforcement-firefox\video.webm
    ────────────────────────────────────────────────────────────────────────────────────────────────

    Error Context: ..\test-results\security-Security-Features-HTTPS-enforcement-firefox\error-context.md
]]>
</failure>
</testcase>
<testcase name="Security Features › access control" classname="security.spec.ts" time="9.213">
<system-out>
<![CDATA[
[[ATTACHMENT|security-Security-Features-access-control-firefox\test-failed-1.png]]

[[ATTACHMENT|security-Security-Features-access-control-firefox\video.webm]]

[[ATTACHMENT|security-Security-Features-access-control-firefox\error-context.md]]
]]>
</system-out>
<failure message="expect(received).toMatch(expected)" type="expect.toMatch">
<![CDATA[  [firefox] › security.spec.ts:272:7 › Security Features › access control ──────────────────────────

    Error: expect(received).toMatch(expected)

    Expected pattern: /(login|access.denied|unauthorized)/i
    Received string:  "http://localhost:3000/admin"

      283 |       // Should either redirect to login or show access denied
      284 |       const url = page.url();
    > 285 |       expect(url).toMatch(/(login|access.denied|unauthorized)/i);
          |                   ^
      286 |     }
      287 |   });
      288 |
        at E:\github\trusthire\tests\security.spec.ts:285:19

    attachment #1: screenshot (image/png) ──────────────────────────────────────────────────────────
    ..\test-results\security-Security-Features-access-control-firefox\test-failed-1.png
    ────────────────────────────────────────────────────────────────────────────────────────────────

    attachment #2: video (video/webm) ──────────────────────────────────────────────────────────────
    ..\test-results\security-Security-Features-access-control-firefox\video.webm
    ────────────────────────────────────────────────────────────────────────────────────────────────

    Error Context: ..\test-results\security-Security-Features-access-control-firefox\error-context.md
]]>
</failure>
</testcase>
<testcase name="Security Features › input sanitization" classname="security.spec.ts" time="8.31">
</testcase>
<testcase name="API Security › API endpoints have proper authentication" classname="security.spec.ts" time="8.331">
<system-out>
<![CDATA[
[[ATTACHMENT|security-API-Security-API--fa151--have-proper-authentication-firefox\error-context.md]]
]]>
</system-out>
<failure message="expect(received).toContain(expected) // indexOf" type="expect.toContain">
<![CDATA[  [firefox] › security.spec.ts:316:7 › API Security › API endpoints have proper authentication ─────

    Error: expect(received).toContain(expected) // indexOf

    Expected value: 400
    Received array: [401, 403]

      327 |       
      328 |       // Should require authentication
    > 329 |       expect([401, 403]).toContain(response.status());
          |                          ^
      330 |     }
      331 |   });
      332 |
        at E:\github\trusthire\tests\security.spec.ts:329:26

    Error Context: ..\test-results\security-API-Security-API--fa151--have-proper-authentication-firefox\error-context.md
]]>
</failure>
</testcase>
<testcase name="API Security › API rate limiting" classname="security.spec.ts" time="3.32">
<system-out>
<![CDATA[
[[ATTACHMENT|security-API-Security-API-rate-limiting-firefox\error-context.md]]
]]>
</system-out>
<failure message="expect(received).toBeGreaterThan(expected)" type="expect.toBeGreaterThan">
<![CDATA[  [firefox] › security.spec.ts:333:7 › API Security › API rate limiting ────────────────────────────

    Error: expect(received).toBeGreaterThan(expected)

    Expected: > 0
    Received:   0

      344 |     // Should have rate limiting after several requests
      345 |     const rateLimitedCount = responses.filter(r => r.status() === 429).length;
    > 346 |     expect(rateLimitedCount).toBeGreaterThan(0);
          |                              ^
      347 |   });
      348 |
      349 |   test('API input validation', async ({ request }) => {
        at E:\github\trusthire\tests\security.spec.ts:346:30

    Error Context: ..\test-results\security-API-Security-API-rate-limiting-firefox\error-context.md
]]>
</failure>
</testcase>
<testcase name="API Security › API input validation" classname="security.spec.ts" time="0.274">
<system-out>
<![CDATA[
[[ATTACHMENT|security-API-Security-API-input-validation-firefox\error-context.md]]
]]>
</system-out>
<failure message="expect(received).toContain(expected) // indexOf" type="expect.toContain">
<![CDATA[  [firefox] › security.spec.ts:349:7 › API Security › API input validation ─────────────────────────

    Error: expect(received).toContain(expected) // indexOf

    Expected value: 500
    Received array: [400, 413, 422]

      363 |       
      364 |       // Should handle invalid data gracefully
    > 365 |       expect([400, 413, 422]).toContain(response.status());
          |                               ^
      366 |       
      367 |       // Should not leak sensitive information
      368 |       if (response.status() >= 400) {
        at E:\github\trusthire\tests\security.spec.ts:365:31

    Error Context: ..\test-results\security-API-Security-API-input-validation-firefox\error-context.md
]]>
</failure>
</testcase>
<testcase name="API Security › API response headers" classname="security.spec.ts" time="0.799">
<system-out>
<![CDATA[
[[ATTACHMENT|security-API-Security-API-response-headers-firefox\error-context.md]]
]]>
</system-out>
<failure message="expect(received).toBe(expected) // Object.is equality" type="expect.toBe">
<![CDATA[  [firefox] › security.spec.ts:376:7 › API Security › API response headers ─────────────────────────

    Error: expect(received).toBe(expected) // Object.is equality

    Expected: "nosniff"
    Received: undefined

      379 |     
      380 |     // Should have security headers
    > 381 |     expect(headers['x-content-type-options']).toBe('nosniff');
          |                                               ^
      382 |     expect(headers['x-frame-options']).toBeTruthy();
      383 |     expect(headers['x-xss-protection']).toBeTruthy();
      384 |   });
        at E:\github\trusthire\tests\security.spec.ts:381:47

    Error Context: ..\test-results\security-API-Security-API-response-headers-firefox\error-context.md
]]>
</failure>
</testcase>
</testsuite>
<testsuite name="autonomous-agent.spec.ts" timestamp="2026-04-20T10:48:01.632Z" hostname="webkit" tests="27" failures="8" skipped="0" time="221.126" errors="4">
<testcase name="Autonomous Agent › agent page loads correctly" classname="autonomous-agent.spec.ts" time="9.805">
</testcase>
<testcase name="Autonomous Agent › agent control panel is visible" classname="autonomous-agent.spec.ts" time="9.305">
</testcase>
<testcase name="Autonomous Agent › agent personality tab works" classname="autonomous-agent.spec.ts" time="17.744">
<system-out>
<![CDATA[
[[ATTACHMENT|autonomous-agent-Autonomou-8f04e-agent-personality-tab-works-webkit\test-failed-1.png]]

[[ATTACHMENT|autonomous-agent-Autonomou-8f04e-agent-personality-tab-works-webkit\video.webm]]

[[ATTACHMENT|autonomous-agent-Autonomou-8f04e-agent-personality-tab-works-webkit\error-context.md]]
]]>
</system-out>
<failure message="expect(locator).toBeVisible() failed" type="expect.toBeVisible">
<![CDATA[  [webkit] › autonomous-agent.spec.ts:25:7 › Autonomous Agent › agent personality tab works ────────

    Error: expect(locator).toBeVisible() failed

    Locator: locator('text=Agent Personality')
    Expected: visible
    Timeout: 5000ms
    Error: element(s) not found

    Call log:
      - Expect "toBeVisible" with timeout 5000ms
      - waiting for locator('text=Agent Personality')


      25 |   test('agent personality tab works', async ({ page }) => {
      26 |     await page.click('text=Personality');
    > 27 |     await expect(page.locator('text=Agent Personality')).toBeVisible();
         |                                                          ^
      28 |     await expect(page.locator('text=Basic Information')).toBeVisible();
      29 |     await expect(page.locator('text=Personality Traits')).toBeVisible();
      30 |   });
        at E:\github\trusthire\tests\autonomous-agent.spec.ts:27:58

    attachment #1: screenshot (image/png) ──────────────────────────────────────────────────────────
    ..\test-results\autonomous-agent-Autonomou-8f04e-agent-personality-tab-works-webkit\test-failed-1.png
    ────────────────────────────────────────────────────────────────────────────────────────────────

    attachment #2: video (video/webm) ──────────────────────────────────────────────────────────────
    ..\test-results\autonomous-agent-Autonomou-8f04e-agent-personality-tab-works-webkit\video.webm
    ────────────────────────────────────────────────────────────────────────────────────────────────

    Error Context: ..\test-results\autonomous-agent-Autonomou-8f04e-agent-personality-tab-works-webkit\error-context.md
]]>
</failure>
</testcase>
<testcase name="Autonomous Agent › agent memory tab works" classname="autonomous-agent.spec.ts" time="17.017">
<system-out>
<![CDATA[
[[ATTACHMENT|autonomous-agent-Autonomous-Agent-agent-memory-tab-works-webkit\test-failed-1.png]]

[[ATTACHMENT|autonomous-agent-Autonomous-Agent-agent-memory-tab-works-webkit\video.webm]]

[[ATTACHMENT|autonomous-agent-Autonomous-Agent-agent-memory-tab-works-webkit\error-context.md]]
]]>
</system-out>
<failure message="expect(locator).toBeVisible() failed" type="expect.toBeVisible">
<![CDATA[  [webkit] › autonomous-agent.spec.ts:32:7 › Autonomous Agent › agent memory tab works ─────────────

    Error: expect(locator).toBeVisible() failed

    Locator: locator('text=Agent Memory')
    Expected: visible
    Timeout: 5000ms
    Error: element(s) not found

    Call log:
      - Expect "toBeVisible" with timeout 5000ms
      - waiting for locator('text=Agent Memory')


      32 |   test('agent memory tab works', async ({ page }) => {
      33 |     await page.click('text=Memory');
    > 34 |     await expect(page.locator('text=Agent Memory')).toBeVisible();
         |                                                     ^
      35 |     await expect(page.locator('text=Short-term Memory')).toBeVisible();
      36 |     await expect(page.locator('text=Long-term Memory')).toBeVisible();
      37 |     await expect(page.locator('text=Episodic Memory')).toBeVisible();
        at E:\github\trusthire\tests\autonomous-agent.spec.ts:34:53

    attachment #1: screenshot (image/png) ──────────────────────────────────────────────────────────
    ..\test-results\autonomous-agent-Autonomous-Agent-agent-memory-tab-works-webkit\test-failed-1.png
    ────────────────────────────────────────────────────────────────────────────────────────────────

    attachment #2: video (video/webm) ──────────────────────────────────────────────────────────────
    ..\test-results\autonomous-agent-Autonomous-Agent-agent-memory-tab-works-webkit\video.webm
    ────────────────────────────────────────────────────────────────────────────────────────────────

    Error Context: ..\test-results\autonomous-agent-Autonomous-Agent-agent-memory-tab-works-webkit\error-context.md
]]>
</failure>
</testcase>
<testcase name="Autonomous Agent › agent analytics tab works" classname="autonomous-agent.spec.ts" time="11.24">
<system-out>
<![CDATA[
[[ATTACHMENT|autonomous-agent-Autonomous-Agent-agent-analytics-tab-works-webkit\test-failed-1.png]]

[[ATTACHMENT|autonomous-agent-Autonomous-Agent-agent-analytics-tab-works-webkit\video.webm]]

[[ATTACHMENT|autonomous-agent-Autonomous-Agent-agent-analytics-tab-works-webkit\error-context.md]]
]]>
</system-out>
<failure message="expect(locator).toBeVisible() failed" type="expect.toBeVisible">
<![CDATA[  [webkit] › autonomous-agent.spec.ts:40:7 › Autonomous Agent › agent analytics tab works ──────────

    Error: expect(locator).toBeVisible() failed

    Locator: locator('text=Performance Metrics')
    Expected: visible
    Error: strict mode violation: locator('text=Performance Metrics') resolved to 2 elements:
        1) <p class="text-sm text-muted-foreground">Performance metrics and analytics for the autonom…</p> aka getByText('Performance metrics and')
        2) <h4 class="font-medium mb-4">Performance Metrics</h4> aka getByRole('heading', { name: 'Performance Metrics' })

    Call log:
      - Expect "toBeVisible" with timeout 5000ms
      - waiting for locator('text=Performance Metrics')


      41 |     await page.click('text=Analytics');
      42 |     await expect(page.locator('text=Agent Analytics')).toBeVisible();
    > 43 |     await expect(page.locator('text=Performance Metrics')).toBeVisible();
         |                                                            ^
      44 |     await expect(page.locator('text=Activity Timeline')).toBeVisible();
      45 |   });
      46 |
        at E:\github\trusthire\tests\autonomous-agent.spec.ts:43:60

    attachment #1: screenshot (image/png) ──────────────────────────────────────────────────────────
    ..\test-results\autonomous-agent-Autonomous-Agent-agent-analytics-tab-works-webkit\test-failed-1.png
    ────────────────────────────────────────────────────────────────────────────────────────────────

    attachment #2: video (video/webm) ──────────────────────────────────────────────────────────────
    ..\test-results\autonomous-agent-Autonomous-Agent-agent-analytics-tab-works-webkit\video.webm
    ────────────────────────────────────────────────────────────────────────────────────────────────

    Error Context: ..\test-results\autonomous-agent-Autonomous-Agent-agent-analytics-tab-works-webkit\error-context.md
]]>
</failure>
</testcase>
<testcase name="Autonomous Agent › agent status displays correctly" classname="autonomous-agent.spec.ts" time="11.142">
<system-out>
<![CDATA[
[[ATTACHMENT|autonomous-agent-Autonomou-806bf-t-status-displays-correctly-webkit\test-failed-1.png]]

[[ATTACHMENT|autonomous-agent-Autonomou-806bf-t-status-displays-correctly-webkit\video.webm]]

[[ATTACHMENT|autonomous-agent-Autonomou-806bf-t-status-displays-correctly-webkit\error-context.md]]
]]>
</system-out>
<failure message="expect(locator).toBeVisible() failed" type="expect.toBeVisible">
<![CDATA[  [webkit] › autonomous-agent.spec.ts:47:7 › Autonomous Agent › agent status displays correctly ────

    Error: expect(locator).toBeVisible() failed

    Locator: locator('[data-testid="agent-status"]')
    Expected: visible
    Timeout: 5000ms
    Error: element(s) not found

    Call log:
      - Expect "toBeVisible" with timeout 5000ms
      - waiting for locator('[data-testid="agent-status"]')


      47 |   test('agent status displays correctly', async ({ page }) => {
      48 |     // Check if status badges are visible
    > 49 |     await expect(page.locator('[data-testid="agent-status"]')).toBeVisible();
         |                                                                ^
      50 |     await expect(page.locator('[data-testid="agent-name"]')).toBeVisible();
      51 |   });
      52 |
        at E:\github\trusthire\tests\autonomous-agent.spec.ts:49:64

    attachment #1: screenshot (image/png) ──────────────────────────────────────────────────────────
    ..\test-results\autonomous-agent-Autonomou-806bf-t-status-displays-correctly-webkit\test-failed-1.png
    ────────────────────────────────────────────────────────────────────────────────────────────────

    attachment #2: video (video/webm) ──────────────────────────────────────────────────────────────
    ..\test-results\autonomous-agent-Autonomou-806bf-t-status-displays-correctly-webkit\video.webm
    ────────────────────────────────────────────────────────────────────────────────────────────────

    Error Context: ..\test-results\autonomous-agent-Autonomou-806bf-t-status-displays-correctly-webkit\error-context.md
]]>
</failure>
</testcase>
<testcase name="Autonomous Agent › add task functionality works" classname="autonomous-agent.spec.ts" time="14.783">
<system-out>
<![CDATA[
[[ATTACHMENT|autonomous-agent-Autonomou-b019d-dd-task-functionality-works-webkit\test-failed-1.png]]

[[ATTACHMENT|autonomous-agent-Autonomou-b019d-dd-task-functionality-works-webkit\video.webm]]

[[ATTACHMENT|autonomous-agent-Autonomou-b019d-dd-task-functionality-works-webkit\error-context.md]]
]]>
</system-out>
<failure message="expect(locator).toBeVisible() failed" type="expect.toBeVisible">
<![CDATA[  [webkit] › autonomous-agent.spec.ts:53:7 › Autonomous Agent › add task functionality works ───────

    Error: expect(locator).toBeVisible() failed

    Locator: locator('select[name="taskType"]')
    Expected: visible
    Timeout: 5000ms
    Error: element(s) not found

    Call log:
      - Expect "toBeVisible" with timeout 5000ms
      - waiting for locator('select[name="taskType"]')


      55 |     
      56 |     // Check if task type dropdown is visible
    > 57 |     await expect(page.locator('select[name="taskType"]')).toBeVisible();
         |                                                           ^
      58 |     
      59 |     // Check if priority dropdown is visible
      60 |     await expect(page.locator('select[name="priority"]')).toBeVisible();
        at E:\github\trusthire\tests\autonomous-agent.spec.ts:57:59

    attachment #1: screenshot (image/png) ──────────────────────────────────────────────────────────
    ..\test-results\autonomous-agent-Autonomou-b019d-dd-task-functionality-works-webkit\test-failed-1.png
    ────────────────────────────────────────────────────────────────────────────────────────────────

    attachment #2: video (video/webm) ──────────────────────────────────────────────────────────────
    ..\test-results\autonomous-agent-Autonomou-b019d-dd-task-functionality-works-webkit\video.webm
    ────────────────────────────────────────────────────────────────────────────────────────────────

    Error Context: ..\test-results\autonomous-agent-Autonomou-b019d-dd-task-functionality-works-webkit\error-context.md
]]>
</failure>
</testcase>
<testcase name="Autonomous Agent › custom command input works" classname="autonomous-agent.spec.ts" time="6.835">
</testcase>
<testcase name="Autonomous Agent › agent statistics display" classname="autonomous-agent.spec.ts" time="6.953">
</testcase>
<testcase name="Autonomous Agent › agent capabilities are displayed" classname="autonomous-agent.spec.ts" time="6.929">
<system-out>
<![CDATA[
[[ATTACHMENT|autonomous-agent-Autonomou-e86ed--capabilities-are-displayed-webkit\test-failed-1.png]]

[[ATTACHMENT|autonomous-agent-Autonomou-e86ed--capabilities-are-displayed-webkit\video.webm]]

[[ATTACHMENT|autonomous-agent-Autonomou-e86ed--capabilities-are-displayed-webkit\error-context.md]]
]]>
</system-out>
<failure message="expect(locator).toBeVisible() failed" type="expect.toBeVisible">
<![CDATA[  [webkit] › autonomous-agent.spec.ts:78:7 › Autonomous Agent › agent capabilities are displayed ───

    Error: expect(locator).toBeVisible() failed

    Locator: locator('text=Capabilities')
    Expected: visible
    Error: strict mode violation: locator('text=Capabilities') resolved to 2 elements:
        1) <p class="text-xl text-gray-600 max-w-2xl mx-auto">Advanced AI agent with personality, memory, and a…</p> aka getByText('Advanced AI agent with personality, memory, and autonomous security analysis')
        2) <p class="text-muted-foreground">Advanced AI agent with personality, memory, and a…</p> aka getByText('Advanced AI agent with personality, memory, and autonomous capabilities')

    Call log:
      - Expect "toBeVisible" with timeout 5000ms
      - waiting for locator('text=Capabilities')


      78 |   test('agent capabilities are displayed', async ({ page }) => {
      79 |     await page.click('text=Personality');
    > 80 |     await expect(page.locator('text=Capabilities')).toBeVisible();
         |                                                     ^
      81 |     
      82 |     // Check for specific capabilities
      83 |     await expect(page.locator('text=autonomous_analysis')).toBeVisible();
        at E:\github\trusthire\tests\autonomous-agent.spec.ts:80:53

    attachment #1: screenshot (image/png) ──────────────────────────────────────────────────────────
    ..\test-results\autonomous-agent-Autonomou-e86ed--capabilities-are-displayed-webkit\test-failed-1.png
    ────────────────────────────────────────────────────────────────────────────────────────────────

    attachment #2: video (video/webm) ──────────────────────────────────────────────────────────────
    ..\test-results\autonomous-agent-Autonomou-e86ed--capabilities-are-displayed-webkit\video.webm
    ────────────────────────────────────────────────────────────────────────────────────────────────

    Error Context: ..\test-results\autonomous-agent-Autonomou-e86ed--capabilities-are-displayed-webkit\error-context.md
]]>
</failure>
</testcase>
<testcase name="Autonomous Agent API › agent status endpoint responds" classname="autonomous-agent.spec.ts" time="0.112">
</testcase>
<testcase name="Autonomous Agent API › agent personality endpoint responds" classname="autonomous-agent.spec.ts" time="0.032">
</testcase>
<testcase name="Autonomous Agent API › agent memory endpoint responds" classname="autonomous-agent.spec.ts" time="0.028">
</testcase>
<testcase name="Autonomous Agent API › agent statistics endpoint responds" classname="autonomous-agent.spec.ts" time="0.065">
</testcase>
<testcase name="Autonomous Agent API › agent capabilities endpoint responds" classname="autonomous-agent.spec.ts" time="0.037">
</testcase>
<testcase name="Autonomous Agent API › start agent endpoint works" classname="autonomous-agent.spec.ts" time="0.083">
</testcase>
<testcase name="Autonomous Agent API › stop agent endpoint works" classname="autonomous-agent.spec.ts" time="0.166">
</testcase>
<testcase name="Autonomous Agent API › add task endpoint works" classname="autonomous-agent.spec.ts" time="0.03">
</testcase>
<testcase name="Autonomous Agent API › custom command endpoint works" classname="autonomous-agent.spec.ts" time="0.071">
</testcase>
<testcase name="Autonomous Agent API › update personality endpoint works" classname="autonomous-agent.spec.ts" time="0.123">
</testcase>
<testcase name="Autonomous Agent Integration › agent integrates with Mistral AI" classname="autonomous-agent.spec.ts" time="23.079">
<system-out>
<![CDATA[
[[ATTACHMENT|autonomous-agent-Autonomou-018f8--integrates-with-Mistral-AI-webkit\test-failed-1.png]]

[[ATTACHMENT|autonomous-agent-Autonomou-018f8--integrates-with-Mistral-AI-webkit\video.webm]]

[[ATTACHMENT|autonomous-agent-Autonomou-018f8--integrates-with-Mistral-AI-webkit\error-context.md]]
]]>
</system-out>
<error message="page.selectOption: Timeout 10000ms exceeded." type="TimeoutError">
<![CDATA[  [webkit] › autonomous-agent.spec.ts:217:7 › Autonomous Agent Integration › agent integrates with Mistral AI 

    TimeoutError: page.selectOption: Timeout 10000ms exceeded.
    Call log:
      - waiting for locator('select[name="taskType"]')


      226 |     // Add a task that requires AI analysis
      227 |     await page.click('text=Add Task');
    > 228 |     await page.selectOption('select[name="taskType"]', 'security_analysis');
          |                ^
      229 |     await page.selectOption('select[name="priority"]', 'high');
      230 |     await page.click('button:has-text("Add Task")');
      231 |     
        at E:\github\trusthire\tests\autonomous-agent.spec.ts:228:16

    attachment #1: screenshot (image/png) ──────────────────────────────────────────────────────────
    ..\test-results\autonomous-agent-Autonomou-018f8--integrates-with-Mistral-AI-webkit\test-failed-1.png
    ────────────────────────────────────────────────────────────────────────────────────────────────

    attachment #2: video (video/webm) ──────────────────────────────────────────────────────────────
    ..\test-results\autonomous-agent-Autonomou-018f8--integrates-with-Mistral-AI-webkit\video.webm
    ────────────────────────────────────────────────────────────────────────────────────────────────

    Error Context: ..\test-results\autonomous-agent-Autonomou-018f8--integrates-with-Mistral-AI-webkit\error-context.md
]]>
</error>
</testcase>
<testcase name="Autonomous Agent Integration › agent memory systems work" classname="autonomous-agent.spec.ts" time="11.651">
<system-out>
<![CDATA[
[[ATTACHMENT|autonomous-agent-Autonomou-d68c6-n-agent-memory-systems-work-webkit\test-failed-1.png]]

[[ATTACHMENT|autonomous-agent-Autonomou-d68c6-n-agent-memory-systems-work-webkit\video.webm]]

[[ATTACHMENT|autonomous-agent-Autonomou-d68c6-n-agent-memory-systems-work-webkit\error-context.md]]
]]>
</system-out>
<failure message="expect(locator).toBeVisible() failed" type="expect.toBeVisible">
<![CDATA[  [webkit] › autonomous-agent.spec.ts:240:7 › Autonomous Agent Integration › agent memory systems work 

    Error: expect(locator).toBeVisible() failed

    Locator: locator('text=Short-term Memory')
    Expected: visible
    Timeout: 5000ms
    Error: element(s) not found

    Call log:
      - Expect "toBeVisible" with timeout 5000ms
      - waiting for locator('text=Short-term Memory')


      243 |     
      244 |     // Check if memory sections are visible
    > 245 |     await expect(page.locator('text=Short-term Memory')).toBeVisible();
          |                                                          ^
      246 |     await expect(page.locator('text=Long-term Memory')).toBeVisible();
      247 |     await expect(page.locator('text=Episodic Memory')).toBeVisible();
      248 |     
        at E:\github\trusthire\tests\autonomous-agent.spec.ts:245:58

    attachment #1: screenshot (image/png) ──────────────────────────────────────────────────────────
    ..\test-results\autonomous-agent-Autonomou-d68c6-n-agent-memory-systems-work-webkit\test-failed-1.png
    ────────────────────────────────────────────────────────────────────────────────────────────────

    attachment #2: video (video/webm) ──────────────────────────────────────────────────────────────
    ..\test-results\autonomous-agent-Autonomou-d68c6-n-agent-memory-systems-work-webkit\video.webm
    ────────────────────────────────────────────────────────────────────────────────────────────────

    Error Context: ..\test-results\autonomous-agent-Autonomou-d68c6-n-agent-memory-systems-work-webkit\error-context.md
]]>
</failure>
</testcase>
<testcase name="Autonomous Agent Integration › agent learning functionality works" classname="autonomous-agent.spec.ts" time="19.137">
<system-out>
<![CDATA[
[[ATTACHMENT|autonomous-agent-Autonomou-19a8c-earning-functionality-works-webkit\test-failed-1.png]]

[[ATTACHMENT|autonomous-agent-Autonomou-19a8c-earning-functionality-works-webkit\video.webm]]

[[ATTACHMENT|autonomous-agent-Autonomou-19a8c-earning-functionality-works-webkit\error-context.md]]
]]>
</system-out>
<error message="page.selectOption: Timeout 10000ms exceeded." type="TimeoutError">
<![CDATA[  [webkit] › autonomous-agent.spec.ts:255:7 › Autonomous Agent Integration › agent learning functionality works 

    TimeoutError: page.selectOption: Timeout 10000ms exceeded.
    Call log:
      - waiting for locator('select[name="taskType"]')


      258 |     // Add a learning task
      259 |     await page.click('text=Add Task');
    > 260 |     await page.selectOption('select[name="taskType"]', 'learning');
          |                ^
      261 |     await page.selectOption('select[name="priority"]', 'medium');
      262 |     await page.click('button:has-text("Add Task")');
      263 |     
        at E:\github\trusthire\tests\autonomous-agent.spec.ts:260:16

    attachment #1: screenshot (image/png) ──────────────────────────────────────────────────────────
    ..\test-results\autonomous-agent-Autonomou-19a8c-earning-functionality-works-webkit\test-failed-1.png
    ────────────────────────────────────────────────────────────────────────────────────────────────

    attachment #2: video (video/webm) ──────────────────────────────────────────────────────────────
    ..\test-results\autonomous-agent-Autonomou-19a8c-earning-functionality-works-webkit\video.webm
    ────────────────────────────────────────────────────────────────────────────────────────────────

    Error Context: ..\test-results\autonomous-agent-Autonomou-19a8c-earning-functionality-works-webkit\error-context.md
]]>
</error>
</testcase>
<testcase name="Autonomous Agent Integration › agent error handling works" classname="autonomous-agent.spec.ts" time="12.912">
<system-out>
<![CDATA[
[[ATTACHMENT|autonomous-agent-Autonomou-48b4c--agent-error-handling-works-webkit\test-failed-1.png]]

[[ATTACHMENT|autonomous-agent-Autonomou-48b4c--agent-error-handling-works-webkit\video.webm]]

[[ATTACHMENT|autonomous-agent-Autonomou-48b4c--agent-error-handling-works-webkit\error-context.md]]
]]>
</system-out>
<failure message="expect(locator).toBeVisible() failed" type="expect.toBeVisible">
<![CDATA[  [webkit] › autonomous-agent.spec.ts:272:7 › Autonomous Agent Integration › agent error handling works 

    Error: expect(locator).toBeVisible() failed

    Locator: locator('text=Task type is required')
    Expected: visible
    Timeout: 5000ms
    Error: element(s) not found

    Call log:
      - Expect "toBeVisible" with timeout 5000ms
      - waiting for locator('text=Task type is required')


      278 |     
      279 |     // Should show validation error
    > 280 |     await expect(page.locator('text=Task type is required')).toBeVisible();
          |                                                              ^
      281 |   });
      282 | });
      283 |
        at E:\github\trusthire\tests\autonomous-agent.spec.ts:280:62

    attachment #1: screenshot (image/png) ──────────────────────────────────────────────────────────
    ..\test-results\autonomous-agent-Autonomou-48b4c--agent-error-handling-works-webkit\test-failed-1.png
    ────────────────────────────────────────────────────────────────────────────────────────────────

    attachment #2: video (video/webm) ──────────────────────────────────────────────────────────────
    ..\test-results\autonomous-agent-Autonomou-48b4c--agent-error-handling-works-webkit\video.webm
    ────────────────────────────────────────────────────────────────────────────────────────────────

    Error Context: ..\test-results\autonomous-agent-Autonomou-48b4c--agent-error-handling-works-webkit\error-context.md
]]>
</failure>
</testcase>
<testcase name="Autonomous Agent Performance › agent page loads quickly" classname="autonomous-agent.spec.ts" time="6.379">
</testcase>
<testcase name="Autonomous Agent Performance › agent status updates in real-time" classname="autonomous-agent.spec.ts" time="16.665">
<system-out>
<![CDATA[
[[ATTACHMENT|autonomous-agent-Autonomou-25389-status-updates-in-real-time-webkit\test-failed-1.png]]

[[ATTACHMENT|autonomous-agent-Autonomou-25389-status-updates-in-real-time-webkit\video.webm]]

[[ATTACHMENT|autonomous-agent-Autonomou-25389-status-updates-in-real-time-webkit\error-context.md]]
]]>
</system-out>
<error message="page.click: Timeout 10000ms exceeded." type="TimeoutError">
<![CDATA[  [webkit] › autonomous-agent.spec.ts:295:7 › Autonomous Agent Performance › agent status updates in real-time 

    TimeoutError: page.click: Timeout 10000ms exceeded.
    Call log:
      - waiting for locator('button:has-text("Start Agent")')
        - locator resolved to <button class="inline-flex items-center justify-center whitespace-nowrap rounded-md text-sm font-medium ring-offset-background transition-colors focus-visible:outline-none focus-visible:ring-2 focus-visible:ring-ring focus-visible:ring-offset-2 disabled:pointer-events-none disabled:opacity-50 bg-primary text-primary-foreground hover:bg-primary/90 h-10 px-4 py-2 flex-1">…</button>
      - attempting click action
        2 × waiting for element to be visible, enabled and stable
          - element is not enabled
        - retrying click action
        - waiting 20ms
        2 × waiting for element to be visible, enabled and stable
          - element is not enabled
        - retrying click action
          - waiting 100ms
        4 × waiting for element to be visible, enabled and stable
          - element is not enabled
        - retrying click action
          - waiting 500ms
        - waiting for element to be visible, enabled and stable


      305 |     
      306 |     // Start agent and monitor
    > 307 |     await page.click('button:has-text("Start Agent")');
          |                ^
      308 |     await page.waitForTimeout(10000);
      309 |     
      310 |     // Should have received status updates
        at E:\github\trusthire\tests\autonomous-agent.spec.ts:307:16

    attachment #1: screenshot (image/png) ──────────────────────────────────────────────────────────
    ..\test-results\autonomous-agent-Autonomou-25389-status-updates-in-real-time-webkit\test-failed-1.png
    ────────────────────────────────────────────────────────────────────────────────────────────────

    attachment #2: video (video/webm) ──────────────────────────────────────────────────────────────
    ..\test-results\autonomous-agent-Autonomou-25389-status-updates-in-real-time-webkit\video.webm
    ────────────────────────────────────────────────────────────────────────────────────────────────

    Error Context: ..\test-results\autonomous-agent-Autonomou-25389-status-updates-in-real-time-webkit\error-context.md
]]>
</error>
</testcase>
<testcase name="Autonomous Agent Performance › agent handles multiple concurrent tasks" classname="autonomous-agent.spec.ts" time="18.803">
<system-out>
<![CDATA[
[[ATTACHMENT|autonomous-agent-Autonomou-8353a-s-multiple-concurrent-tasks-webkit\test-failed-1.png]]

[[ATTACHMENT|autonomous-agent-Autonomou-8353a-s-multiple-concurrent-tasks-webkit\video.webm]]

[[ATTACHMENT|autonomous-agent-Autonomou-8353a-s-multiple-concurrent-tasks-webkit\error-context.md]]
]]>
</system-out>
<error message="page.selectOption: Timeout 10000ms exceeded." type="TimeoutError">
<![CDATA[  [webkit] › autonomous-agent.spec.ts:314:7 › Autonomous Agent Performance › agent handles multiple concurrent tasks 

    TimeoutError: page.selectOption: Timeout 10000ms exceeded.
    Call log:
      - waiting for locator('select[name="taskType"]')


      325 |     for (const task of tasks) {
      326 |       await page.click('text=Add Task');
    > 327 |       await page.selectOption('select[name="taskType"]', task.type);
          |                  ^
      328 |       await page.selectOption('select[name="priority"]', task.priority);
      329 |       await page.click('button:has-text("Add Task")');
      330 |       await page.waitForTimeout(1000);
        at E:\github\trusthire\tests\autonomous-agent.spec.ts:327:18

    attachment #1: screenshot (image/png) ──────────────────────────────────────────────────────────
    ..\test-results\autonomous-agent-Autonomou-8353a-s-multiple-concurrent-tasks-webkit\test-failed-1.png
    ────────────────────────────────────────────────────────────────────────────────────────────────

    attachment #2: video (video/webm) ──────────────────────────────────────────────────────────────
    ..\test-results\autonomous-agent-Autonomou-8353a-s-multiple-concurrent-tasks-webkit\video.webm
    ────────────────────────────────────────────────────────────────────────────────────────────────

    Error Context: ..\test-results\autonomous-agent-Autonomou-8353a-s-multiple-concurrent-tasks-webkit\error-context.md
]]>
</error>
</testcase>
</testsuite>
<testsuite name="basic-functionality.spec.ts" timestamp="2026-04-20T10:48:01.632Z" hostname="webkit" tests="17" failures="5" skipped="0" time="127.053" errors="1">
<testcase name="TrustHire Basic Functionality › homepage loads correctly" classname="basic-functionality.spec.ts" time="10.166">
<system-out>
<![CDATA[
[[ATTACHMENT|basic-functionality-TrustH-4a122-ty-homepage-loads-correctly-webkit\test-failed-1.png]]

[[ATTACHMENT|basic-functionality-TrustH-4a122-ty-homepage-loads-correctly-webkit\video.webm]]

[[ATTACHMENT|basic-functionality-TrustH-4a122-ty-homepage-loads-correctly-webkit\error-context.md]]
]]>
</system-out>
<failure message="expect(locator).toContainText(expected) failed" type="expect.toContainText">
<![CDATA[  [webkit] › basic-functionality.spec.ts:13:7 › TrustHire Basic Functionality › homepage loads correctly 

    Error: expect(locator).toContainText(expected) failed

    Locator: locator('h1')
    Expected substring: "TrustHire"
    Received string:    "Stop RecruitmentScam Attacks"
    Timeout: 5000ms

    Call log:
      - Expect "toContainText" with timeout 5000ms
      - waiting for locator('h1')
        8 × locator resolved to <h1 class="text-5xl md:text-6xl font-mono font-bold tracking-tight mb-6">…</h1>
          - unexpected value "Stop RecruitmentScam Attacks"


      13 |   test('homepage loads correctly', async ({ page }) => {
      14 |     await expect(page).toHaveTitle(/TrustHire/);
    > 15 |     await expect(page.locator('h1')).toContainText('TrustHire');
         |                                      ^
      16 |     await expect(page.locator('body')).toBeVisible();
      17 |   });
      18 |
        at E:\github\trusthire\tests\basic-functionality.spec.ts:15:38

    attachment #1: screenshot (image/png) ──────────────────────────────────────────────────────────
    ..\test-results\basic-functionality-TrustH-4a122-ty-homepage-loads-correctly-webkit\test-failed-1.png
    ────────────────────────────────────────────────────────────────────────────────────────────────

    attachment #2: video (video/webm) ──────────────────────────────────────────────────────────────
    ..\test-results\basic-functionality-TrustH-4a122-ty-homepage-loads-correctly-webkit\video.webm
    ────────────────────────────────────────────────────────────────────────────────────────────────

    Error Context: ..\test-results\basic-functionality-TrustH-4a122-ty-homepage-loads-correctly-webkit\error-context.md
]]>
</failure>
</testcase>
<testcase name="TrustHire Basic Functionality › navigation works correctly" classname="basic-functionality.spec.ts" time="14.972">
<system-out>
<![CDATA[
[[ATTACHMENT|basic-functionality-TrustH-82723--navigation-works-correctly-webkit\test-failed-1.png]]

[[ATTACHMENT|basic-functionality-TrustH-82723--navigation-works-correctly-webkit\video.webm]]

[[ATTACHMENT|basic-functionality-TrustH-82723--navigation-works-correctly-webkit\error-context.md]]
]]>
</system-out>
<error message="page.click: Timeout 10000ms exceeded." type="TimeoutError">
<![CDATA[  [webkit] › basic-functionality.spec.ts:19:7 › TrustHire Basic Functionality › navigation works correctly 

    TimeoutError: page.click: Timeout 10000ms exceeded.
    Call log:
      - waiting for locator('text=Dashboard')
        - locator resolved to 2 elements. Proceeding with the first one: <span>Dashboard</span>
      - attempting click action
        - waiting for element to be visible, enabled and stable
        - element is visible, enabled and stable
        - scrolling into view if needed
        - done scrolling
        - performing click action
        - <div class="fixed inset-0 z-50 flex items-center justify-center bg-black/80 backdrop-blur-sm p-4">…</div> intercepts pointer events
      - retrying click action
        - waiting for element to be visible, enabled and stable
        - element is visible, enabled and stable
        - scrolling into view if needed
        - done scrolling
        - <div class="fixed inset-0 z-50 flex items-center justify-center bg-black/80 backdrop-blur-sm p-4">…</div> intercepts pointer events
      - retrying click action
        - waiting 20ms
        2 × waiting for element to be visible, enabled and stable
          - element is visible, enabled and stable
          - scrolling into view if needed
          - done scrolling
          - <div class="fixed inset-0 z-50 flex items-center justify-center bg-black/80 backdrop-blur-sm p-4">…</div> intercepts pointer events
        - retrying click action
          - waiting 100ms
        - waiting for element to be visible, enabled and stable
        - element is visible, enabled and stable
        - scrolling into view if needed
        - done scrolling
        - <div class="fixed inset-0 z-50 flex items-center justify-center bg-black/80 backdrop-blur-sm p-4">…</div> intercepts pointer events
      - retrying click action
        - waiting 500ms
        - waiting for element to be visible, enabled and stable


      19 |   test('navigation works correctly', async ({ page }) => {
      20 |     // Test navigation to dashboard
    > 21 |     await page.click('text=Dashboard');
         |                ^
      22 |     await expect(page).toHaveURL(/dashboard/);
      23 |     await expect(page.locator('h1')).toContainText('Dashboard');
      24 |
        at E:\github\trusthire\tests\basic-functionality.spec.ts:21:16

    attachment #1: screenshot (image/png) ──────────────────────────────────────────────────────────
    ..\test-results\basic-functionality-TrustH-82723--navigation-works-correctly-webkit\test-failed-1.png
    ────────────────────────────────────────────────────────────────────────────────────────────────

    attachment #2: video (video/webm) ──────────────────────────────────────────────────────────────
    ..\test-results\basic-functionality-TrustH-82723--navigation-works-correctly-webkit\video.webm
    ────────────────────────────────────────────────────────────────────────────────────────────────

    Error Context: ..\test-results\basic-functionality-TrustH-82723--navigation-works-correctly-webkit\error-context.md
]]>
</error>
</testcase>
<testcase name="TrustHire Basic Functionality › assessment page loads" classname="basic-functionality.spec.ts" time="11.464">
<system-out>
<![CDATA[
[[ATTACHMENT|basic-functionality-TrustH-e4555-ality-assessment-page-loads-webkit\test-failed-1.png]]

[[ATTACHMENT|basic-functionality-TrustH-e4555-ality-assessment-page-loads-webkit\video.webm]]

[[ATTACHMENT|basic-functionality-TrustH-e4555-ality-assessment-page-loads-webkit\error-context.md]]
]]>
</system-out>
<failure message="expect(locator).toBeVisible() failed" type="expect.toBeVisible">
<![CDATA[  [webkit] › basic-functionality.spec.ts:31:7 › TrustHire Basic Functionality › assessment page loads 

    Error: expect(locator).toBeVisible() failed

    Locator: locator('form')
    Expected: visible
    Timeout: 5000ms
    Error: element(s) not found

    Call log:
      - Expect "toBeVisible" with timeout 5000ms
      - waiting for locator('form')


      33 |     
      34 |     // Check if assessment form is present
    > 35 |     await expect(page.locator('form')).toBeVisible();
         |                                        ^
      36 |     await expect(page.locator('input[type="url"]')).toBeVisible();
      37 |     await expect(page.locator('button[type="submit"]')).toBeVisible();
      38 |   });
        at E:\github\trusthire\tests\basic-functionality.spec.ts:35:40

    attachment #1: screenshot (image/png) ──────────────────────────────────────────────────────────
    ..\test-results\basic-functionality-TrustH-e4555-ality-assessment-page-loads-webkit\test-failed-1.png
    ────────────────────────────────────────────────────────────────────────────────────────────────

    attachment #2: video (video/webm) ──────────────────────────────────────────────────────────────
    ..\test-results\basic-functionality-TrustH-e4555-ality-assessment-page-loads-webkit\video.webm
    ────────────────────────────────────────────────────────────────────────────────────────────────

    Error Context: ..\test-results\basic-functionality-TrustH-e4555-ality-assessment-page-loads-webkit\error-context.md
]]>
</failure>
</testcase>
<testcase name="TrustHire Basic Functionality › scan pages are accessible" classname="basic-functionality.spec.ts" time="12.922">
<system-out>
<![CDATA[
[[ATTACHMENT|basic-functionality-TrustH-7eabf-y-scan-pages-are-accessible-webkit\test-failed-1.png]]

[[ATTACHMENT|basic-functionality-TrustH-7eabf-y-scan-pages-are-accessible-webkit\video.webm]]

[[ATTACHMENT|basic-functionality-TrustH-7eabf-y-scan-pages-are-accessible-webkit\error-context.md]]
]]>
</system-out>
<failure message="expect(locator).toBeVisible() failed" type="expect.toBeVisible">
<![CDATA[  [webkit] › basic-functionality.spec.ts:40:7 › TrustHire Basic Functionality › scan pages are accessible 

    Error: expect(locator).toBeVisible() failed

    Locator: locator('form')
    Expected: visible
    Timeout: 5000ms
    Error: element(s) not found

    Call log:
      - Expect "toBeVisible" with timeout 5000ms
      - waiting for locator('form')


      49 |       await page.goto(scanPage);
      50 |       await expect(page.locator('h1')).toBeVisible();
    > 51 |       await expect(page.locator('form')).toBeVisible();
         |                                          ^
      52 |     }
      53 |   });
      54 |
        at E:\github\trusthire\tests\basic-functionality.spec.ts:51:42

    attachment #1: screenshot (image/png) ──────────────────────────────────────────────────────────
    ..\test-results\basic-functionality-TrustH-7eabf-y-scan-pages-are-accessible-webkit\test-failed-1.png
    ────────────────────────────────────────────────────────────────────────────────────────────────

    attachment #2: video (video/webm) ──────────────────────────────────────────────────────────────
    ..\test-results\basic-functionality-TrustH-7eabf-y-scan-pages-are-accessible-webkit\video.webm
    ────────────────────────────────────────────────────────────────────────────────────────────────

    Error Context: ..\test-results\basic-functionality-TrustH-7eabf-y-scan-pages-are-accessible-webkit\error-context.md
]]>
</failure>
</testcase>
<testcase name="TrustHire Basic Functionality › intelligence page loads" classname="basic-functionality.spec.ts" time="11.221">
</testcase>
<testcase name="TrustHire Basic Functionality › monitoring page loads" classname="basic-functionality.spec.ts" time="14.864">
</testcase>
<testcase name="TrustHire Basic Functionality › collaboration page loads" classname="basic-functionality.spec.ts" time="8.944">
</testcase>
<testcase name="TrustHire Basic Functionality › agent page loads" classname="basic-functionality.spec.ts" time="16.963">
</testcase>
<testcase name="TrustHire Basic Functionality › responsive design works" classname="basic-functionality.spec.ts" time="9.102">
</testcase>
<testcase name="TrustHire Basic Functionality › API health check" classname="basic-functionality.spec.ts" time="4.304">
</testcase>
<testcase name="TrustHire Basic Functionality › page loads without errors" classname="basic-functionality.spec.ts" time="3.36">
</testcase>
<testcase name="API Endpoints › health endpoint responds" classname="basic-functionality.spec.ts" time="0.611">
<system-out>
<![CDATA[
[[ATTACHMENT|basic-functionality-API-Endpoints-health-endpoint-responds-webkit\error-context.md]]
]]>
</system-out>
<failure message="expect(received).toBe(expected) // Object.is equality" type="expect.toBe">
<![CDATA[  [webkit] › basic-functionality.spec.ts:122:7 › API Endpoints › health endpoint responds ──────────

    Error: expect(received).toBe(expected) // Object.is equality

    Expected: 200
    Received: 503

      122 |   test('health endpoint responds', async ({ request }) => {
      123 |     const response = await request.get('/api/health');
    > 124 |     expect(response.status()).toBe(200);
          |                               ^
      125 |   });
      126 |
      127 |   test('metrics endpoint responds', async ({ request }) => {
        at E:\github\trusthire\tests\basic-functionality.spec.ts:124:31

    Error Context: ..\test-results\basic-functionality-API-Endpoints-health-endpoint-responds-webkit\error-context.md
]]>
</failure>
</testcase>
<testcase name="API Endpoints › metrics endpoint responds" classname="basic-functionality.spec.ts" time="0.453">
</testcase>
<testcase name="API Endpoints › patterns endpoint responds" classname="basic-functionality.spec.ts" time="0.367">
</testcase>
<testcase name="Security Features › no sensitive data in page source" classname="basic-functionality.spec.ts" time="1.684">
</testcase>
<testcase name="Security Features › security headers are present" classname="basic-functionality.spec.ts" time="2.925">
<system-out>
<![CDATA[
[[ATTACHMENT|basic-functionality-Securi-eeb00-ecurity-headers-are-present-webkit\test-failed-1.png]]

[[ATTACHMENT|basic-functionality-Securi-eeb00-ecurity-headers-are-present-webkit\video.webm]]

[[ATTACHMENT|basic-functionality-Securi-eeb00-ecurity-headers-are-present-webkit\error-context.md]]
]]>
</system-out>
<failure message="expect(received).toBeTruthy()" type="expect.toBeTruthy">
<![CDATA[  [webkit] › basic-functionality.spec.ts:151:7 › Security Features › security headers are present ──

    Error: expect(received).toBeTruthy()

    Received: undefined

      154 |     
      155 |     // Check for security headers
    > 156 |     expect(headers?.['x-frame-options']).toBeTruthy();
          |                                          ^
      157 |     expect(headers?.['x-content-type-options']).toBeTruthy();
      158 |   });
      159 |
        at E:\github\trusthire\tests\basic-functionality.spec.ts:156:42

    attachment #1: screenshot (image/png) ──────────────────────────────────────────────────────────
    ..\test-results\basic-functionality-Securi-eeb00-ecurity-headers-are-present-webkit\test-failed-1.png
    ────────────────────────────────────────────────────────────────────────────────────────────────

    attachment #2: video (video/webm) ──────────────────────────────────────────────────────────────
    ..\test-results\basic-functionality-Securi-eeb00-ecurity-headers-are-present-webkit\video.webm
    ────────────────────────────────────────────────────────────────────────────────────────────────

    Error Context: ..\test-results\basic-functionality-Securi-eeb00-ecurity-headers-are-present-webkit\error-context.md
]]>
</failure>
</testcase>
<testcase name="Security Features › forms have CSRF protection" classname="basic-functionality.spec.ts" time="2.731">
</testcase>
</testsuite>
<testsuite name="security.spec.ts" timestamp="2026-04-20T10:48:01.632Z" hostname="webkit" tests="19" failures="8" skipped="0" time="62.86" errors="0">
<testcase name="Security Features › no sensitive data in page source" classname="security.spec.ts" time="1.831">
</testcase>
<testcase name="Security Features › security headers are present" classname="security.spec.ts" time="3.693">
<system-out>
<![CDATA[
[[ATTACHMENT|security-Security-Features-security-headers-are-present-webkit\test-failed-1.png]]

[[ATTACHMENT|security-Security-Features-security-headers-are-present-webkit\video.webm]]

[[ATTACHMENT|security-Security-Features-security-headers-are-present-webkit\error-context.md]]
]]>
</system-out>
<failure message="expect(received).toBeTruthy()" type="expect.toBeTruthy">
<![CDATA[  [webkit] › security.spec.ts:28:7 › Security Features › security headers are present ──────────────

    Error: expect(received).toBeTruthy()

    Received: undefined

      31 |     
      32 |     // Check for security headers
    > 33 |     expect(headers?.['x-frame-options']).toBeTruthy();
         |                                          ^
      34 |     expect(headers?.['x-content-type-options']).toBeTruthy();
      35 |     expect(headers?.['x-xss-protection']).toBeTruthy();
      36 |     expect(headers?.['referrer-policy']).toBeTruthy();
        at E:\github\trusthire\tests\security.spec.ts:33:42

    attachment #1: screenshot (image/png) ──────────────────────────────────────────────────────────
    ..\test-results\security-Security-Features-security-headers-are-present-webkit\test-failed-1.png
    ────────────────────────────────────────────────────────────────────────────────────────────────

    attachment #2: video (video/webm) ──────────────────────────────────────────────────────────────
    ..\test-results\security-Security-Features-security-headers-are-present-webkit\video.webm
    ────────────────────────────────────────────────────────────────────────────────────────────────

    Error Context: ..\test-results\security-Security-Features-security-headers-are-present-webkit\error-context.md
]]>
</failure>
</testcase>
<testcase name="Security Features › forms have CSRF protection" classname="security.spec.ts" time="8.391">
</testcase>
<testcase name="Security Features › input validation works" classname="security.spec.ts" time="2.759">
</testcase>
<testcase name="Security Features › rate limiting works" classname="security.spec.ts" time="1.275">
<system-out>
<![CDATA[
[[ATTACHMENT|security-Security-Features-rate-limiting-works-webkit\error-context.md]]
]]>
</system-out>
<failure message="expect(received).toBeGreaterThan(expected)" type="expect.toBeGreaterThan">
<![CDATA[  [webkit] › security.spec.ts:78:7 › Security Features › rate limiting works ───────────────────────

    Error: expect(received).toBeGreaterThan(expected)

    Expected: > 0
    Received:   0

      90 |     const rateLimitedCount = responses.filter(r => r.status() === 429).length;
      91 |     
    > 92 |     expect(successCount).toBeGreaterThan(0);
         |                          ^
      93 |     // Rate limiting should kick in after several requests
      94 |     expect(rateLimitedCount).toBeGreaterThanOrEqual(0);
      95 |   });
        at E:\github\trusthire\tests\security.spec.ts:92:26

    Error Context: ..\test-results\security-Security-Features-rate-limiting-works-webkit\error-context.md
]]>
</failure>
</testcase>
<testcase name="Security Features › authentication endpoints are secure" classname="security.spec.ts" time="0.425">
</testcase>
<testcase name="Security Features › file upload restrictions" classname="security.spec.ts" time="9.494">
</testcase>
<testcase name="Security Features › SQL injection protection" classname="security.spec.ts" time="11.683">
</testcase>
<testcase name="Security Features › XSS protection" classname="security.spec.ts" time="2.799">
</testcase>
<testcase name="Security Features › session security" classname="security.spec.ts" time="2.543">
</testcase>
<testcase name="Security Features › error handling does not leak information" classname="security.spec.ts" time="0.139">
</testcase>
<testcase name="Security Features › content security policy" classname="security.spec.ts" time="3.83">
</testcase>
<testcase name="Security Features › HTTPS enforcement" classname="security.spec.ts" time="4.145">
<system-out>
<![CDATA[
[[ATTACHMENT|security-Security-Features-HTTPS-enforcement-webkit\test-failed-1.png]]

[[ATTACHMENT|security-Security-Features-HTTPS-enforcement-webkit\video.webm]]

[[ATTACHMENT|security-Security-Features-HTTPS-enforcement-webkit\error-context.md]]
]]>
</system-out>
<failure message="expect(received).toBeTruthy()" type="expect.toBeTruthy">
<![CDATA[  [webkit] › security.spec.ts:261:7 › Security Features › HTTPS enforcement ────────────────────────

    Error: expect(received).toBeTruthy()

    Received: undefined

      265 |     
      266 |     // Should have HSTS header
    > 267 |     expect(hsts).toBeTruthy();
          |                  ^
      268 |     expect(hsts).toMatch(/max-age=/);
      269 |     expect(hsts).toMatch(/includeSubDomains/);
      270 |   });
        at E:\github\trusthire\tests\security.spec.ts:267:18

    attachment #1: screenshot (image/png) ──────────────────────────────────────────────────────────
    ..\test-results\security-Security-Features-HTTPS-enforcement-webkit\test-failed-1.png
    ────────────────────────────────────────────────────────────────────────────────────────────────

    attachment #2: video (video/webm) ──────────────────────────────────────────────────────────────
    ..\test-results\security-Security-Features-HTTPS-enforcement-webkit\video.webm
    ────────────────────────────────────────────────────────────────────────────────────────────────

    Error Context: ..\test-results\security-Security-Features-HTTPS-enforcement-webkit\error-context.md
]]>
</failure>
</testcase>
<testcase name="Security Features › access control" classname="security.spec.ts" time="3.227">
<system-out>
<![CDATA[
[[ATTACHMENT|security-Security-Features-access-control-webkit\test-failed-1.png]]

[[ATTACHMENT|security-Security-Features-access-control-webkit\video.webm]]

[[ATTACHMENT|security-Security-Features-access-control-webkit\error-context.md]]
]]>
</system-out>
<failure message="expect(received).toMatch(expected)" type="expect.toMatch">
<![CDATA[  [webkit] › security.spec.ts:272:7 › Security Features › access control ───────────────────────────

    Error: expect(received).toMatch(expected)

    Expected pattern: /(login|access.denied|unauthorized)/i
    Received string:  "http://localhost:3000/admin"

      283 |       // Should either redirect to login or show access denied
      284 |       const url = page.url();
    > 285 |       expect(url).toMatch(/(login|access.denied|unauthorized)/i);
          |                   ^
      286 |     }
      287 |   });
      288 |
        at E:\github\trusthire\tests\security.spec.ts:285:19

    attachment #1: screenshot (image/png) ──────────────────────────────────────────────────────────
    ..\test-results\security-Security-Features-access-control-webkit\test-failed-1.png
    ────────────────────────────────────────────────────────────────────────────────────────────────

    attachment #2: video (video/webm) ──────────────────────────────────────────────────────────────
    ..\test-results\security-Security-Features-access-control-webkit\video.webm
    ────────────────────────────────────────────────────────────────────────────────────────────────

    Error Context: ..\test-results\security-Security-Features-access-control-webkit\error-context.md
]]>
</failure>
</testcase>
<testcase name="Security Features › input sanitization" classname="security.spec.ts" time="1.779">
</testcase>
<testcase name="API Security › API endpoints have proper authentication" classname="security.spec.ts" time="1.934">
<system-out>
<![CDATA[
[[ATTACHMENT|security-API-Security-API--fa151--have-proper-authentication-webkit\error-context.md]]
]]>
</system-out>
<failure message="expect(received).toContain(expected) // indexOf" type="expect.toContain">
<![CDATA[  [webkit] › security.spec.ts:316:7 › API Security › API endpoints have proper authentication ──────

    Error: expect(received).toContain(expected) // indexOf

    Expected value: 400
    Received array: [401, 403]

      327 |       
      328 |       // Should require authentication
    > 329 |       expect([401, 403]).toContain(response.status());
          |                          ^
      330 |     }
      331 |   });
      332 |
        at E:\github\trusthire\tests\security.spec.ts:329:26

    Error Context: ..\test-results\security-API-Security-API--fa151--have-proper-authentication-webkit\error-context.md
]]>
</failure>
</testcase>
<testcase name="API Security › API rate limiting" classname="security.spec.ts" time="1.352">
<system-out>
<![CDATA[
[[ATTACHMENT|security-API-Security-API-rate-limiting-webkit\error-context.md]]
]]>
</system-out>
<failure message="expect(received).toBeGreaterThan(expected)" type="expect.toBeGreaterThan">
<![CDATA[  [webkit] › security.spec.ts:333:7 › API Security › API rate limiting ─────────────────────────────

    Error: expect(received).toBeGreaterThan(expected)

    Expected: > 0
    Received:   0

      344 |     // Should have rate limiting after several requests
      345 |     const rateLimitedCount = responses.filter(r => r.status() === 429).length;
    > 346 |     expect(rateLimitedCount).toBeGreaterThan(0);
          |                              ^
      347 |   });
      348 |
      349 |   test('API input validation', async ({ request }) => {
        at E:\github\trusthire\tests\security.spec.ts:346:30

    Error Context: ..\test-results\security-API-Security-API-rate-limiting-webkit\error-context.md
]]>
</failure>
</testcase>
<testcase name="API Security › API input validation" classname="security.spec.ts" time="0.226">
<system-out>
<![CDATA[
[[ATTACHMENT|security-API-Security-API-input-validation-webkit\error-context.md]]
]]>
</system-out>
<failure message="expect(received).toContain(expected) // indexOf" type="expect.toContain">
<![CDATA[  [webkit] › security.spec.ts:349:7 › API Security › API input validation ──────────────────────────

    Error: expect(received).toContain(expected) // indexOf

    Expected value: 500
    Received array: [400, 413, 422]

      363 |       
      364 |       // Should handle invalid data gracefully
    > 365 |       expect([400, 413, 422]).toContain(response.status());
          |                               ^
      366 |       
      367 |       // Should not leak sensitive information
      368 |       if (response.status() >= 400) {
        at E:\github\trusthire\tests\security.spec.ts:365:31

    Error Context: ..\test-results\security-API-Security-API-input-validation-webkit\error-context.md
]]>
</failure>
</testcase>
<testcase name="API Security › API response headers" classname="security.spec.ts" time="1.335">
<system-out>
<![CDATA[
[[ATTACHMENT|security-API-Security-API-response-headers-webkit\error-context.md]]
]]>
</system-out>
<failure message="expect(received).toBe(expected) // Object.is equality" type="expect.toBe">
<![CDATA[  [webkit] › security.spec.ts:376:7 › API Security › API response headers ──────────────────────────

    Error: expect(received).toBe(expected) // Object.is equality

    Expected: "nosniff"
    Received: undefined

      379 |     
      380 |     // Should have security headers
    > 381 |     expect(headers['x-content-type-options']).toBe('nosniff');
          |                                               ^
      382 |     expect(headers['x-frame-options']).toBeTruthy();
      383 |     expect(headers['x-xss-protection']).toBeTruthy();
      384 |   });
        at E:\github\trusthire\tests\security.spec.ts:381:47

    Error Context: ..\test-results\security-API-Security-API-response-headers-webkit\error-context.md
]]>
</failure>
</testcase>
</testsuite>
<testsuite name="autonomous-agent.spec.ts" timestamp="2026-04-20T10:48:01.632Z" hostname="Mobile Chrome" tests="27" failures="6" skipped="0" time="119.926" errors="6">
<testcase name="Autonomous Agent › agent page loads correctly" classname="autonomous-agent.spec.ts" time="2.861">
</testcase>
<testcase name="Autonomous Agent › agent control panel is visible" classname="autonomous-agent.spec.ts" time="2.809">
</testcase>
<testcase name="Autonomous Agent › agent personality tab works" classname="autonomous-agent.spec.ts" time="7.521">
<system-out>
<![CDATA[
[[ATTACHMENT|autonomous-agent-Autonomou-8f04e-agent-personality-tab-works-Mobile-Chrome\test-failed-1.png]]

[[ATTACHMENT|autonomous-agent-Autonomou-8f04e-agent-personality-tab-works-Mobile-Chrome\video.webm]]

[[ATTACHMENT|autonomous-agent-Autonomou-8f04e-agent-personality-tab-works-Mobile-Chrome\error-context.md]]
]]>
</system-out>
<failure message="expect(locator).toBeVisible() failed" type="expect.toBeVisible">
<![CDATA[  [Mobile Chrome] › autonomous-agent.spec.ts:25:7 › Autonomous Agent › agent personality tab works ─

    Error: expect(locator).toBeVisible() failed

    Locator: locator('text=Agent Personality')
    Expected: visible
    Timeout: 5000ms
    Error: element(s) not found

    Call log:
      - Expect "toBeVisible" with timeout 5000ms
      - waiting for locator('text=Agent Personality')


      25 |   test('agent personality tab works', async ({ page }) => {
      26 |     await page.click('text=Personality');
    > 27 |     await expect(page.locator('text=Agent Personality')).toBeVisible();
         |                                                          ^
      28 |     await expect(page.locator('text=Basic Information')).toBeVisible();
      29 |     await expect(page.locator('text=Personality Traits')).toBeVisible();
      30 |   });
        at E:\github\trusthire\tests\autonomous-agent.spec.ts:27:58

    attachment #1: screenshot (image/png) ──────────────────────────────────────────────────────────
    ..\test-results\autonomous-agent-Autonomou-8f04e-agent-personality-tab-works-Mobile-Chrome\test-failed-1.png
    ────────────────────────────────────────────────────────────────────────────────────────────────

    attachment #2: video (video/webm) ──────────────────────────────────────────────────────────────
    ..\test-results\autonomous-agent-Autonomou-8f04e-agent-personality-tab-works-Mobile-Chrome\video.webm
    ────────────────────────────────────────────────────────────────────────────────────────────────

    Error Context: ..\test-results\autonomous-agent-Autonomou-8f04e-agent-personality-tab-works-Mobile-Chrome\error-context.md
]]>
</failure>
</testcase>
<testcase name="Autonomous Agent › agent memory tab works" classname="autonomous-agent.spec.ts" time="7.347">
<system-out>
<![CDATA[
[[ATTACHMENT|autonomous-agent-Autonomous-Agent-agent-memory-tab-works-Mobile-Chrome\test-failed-1.png]]

[[ATTACHMENT|autonomous-agent-Autonomous-Agent-agent-memory-tab-works-Mobile-Chrome\video.webm]]

[[ATTACHMENT|autonomous-agent-Autonomous-Agent-agent-memory-tab-works-Mobile-Chrome\error-context.md]]
]]>
</system-out>
<failure message="expect(locator).toBeVisible() failed" type="expect.toBeVisible">
<![CDATA[  [Mobile Chrome] › autonomous-agent.spec.ts:32:7 › Autonomous Agent › agent memory tab works ──────

    Error: expect(locator).toBeVisible() failed

    Locator: locator('text=Agent Memory')
    Expected: visible
    Timeout: 5000ms
    Error: element(s) not found

    Call log:
      - Expect "toBeVisible" with timeout 5000ms
      - waiting for locator('text=Agent Memory')


      32 |   test('agent memory tab works', async ({ page }) => {
      33 |     await page.click('text=Memory');
    > 34 |     await expect(page.locator('text=Agent Memory')).toBeVisible();
         |                                                     ^
      35 |     await expect(page.locator('text=Short-term Memory')).toBeVisible();
      36 |     await expect(page.locator('text=Long-term Memory')).toBeVisible();
      37 |     await expect(page.locator('text=Episodic Memory')).toBeVisible();
        at E:\github\trusthire\tests\autonomous-agent.spec.ts:34:53

    attachment #1: screenshot (image/png) ──────────────────────────────────────────────────────────
    ..\test-results\autonomous-agent-Autonomous-Agent-agent-memory-tab-works-Mobile-Chrome\test-failed-1.png
    ────────────────────────────────────────────────────────────────────────────────────────────────

    attachment #2: video (video/webm) ──────────────────────────────────────────────────────────────
    ..\test-results\autonomous-agent-Autonomous-Agent-agent-memory-tab-works-Mobile-Chrome\video.webm
    ────────────────────────────────────────────────────────────────────────────────────────────────

    Error Context: ..\test-results\autonomous-agent-Autonomous-Agent-agent-memory-tab-works-Mobile-Chrome\error-context.md
]]>
</failure>
</testcase>
<testcase name="Autonomous Agent › agent analytics tab works" classname="autonomous-agent.spec.ts" time="2.18">
<system-out>
<![CDATA[
[[ATTACHMENT|autonomous-agent-Autonomous-Agent-agent-analytics-tab-works-Mobile-Chrome\test-failed-1.png]]

[[ATTACHMENT|autonomous-agent-Autonomous-Agent-agent-analytics-tab-works-Mobile-Chrome\video.webm]]

[[ATTACHMENT|autonomous-agent-Autonomous-Agent-agent-analytics-tab-works-Mobile-Chrome\error-context.md]]
]]>
</system-out>
<failure message="expect(locator).toBeVisible() failed" type="expect.toBeVisible">
<![CDATA[  [Mobile Chrome] › autonomous-agent.spec.ts:40:7 › Autonomous Agent › agent analytics tab works ───

    Error: expect(locator).toBeVisible() failed

    Locator: locator('text=Performance Metrics')
    Expected: visible
    Error: strict mode violation: locator('text=Performance Metrics') resolved to 2 elements:
        1) <p class="text-sm text-muted-foreground">Performance metrics and analytics for the autonom…</p> aka getByText('Performance metrics and')
        2) <h4 class="font-medium mb-4">Performance Metrics</h4> aka getByRole('heading', { name: 'Performance Metrics' })

    Call log:
      - Expect "toBeVisible" with timeout 5000ms
      - waiting for locator('text=Performance Metrics')


      41 |     await page.click('text=Analytics');
      42 |     await expect(page.locator('text=Agent Analytics')).toBeVisible();
    > 43 |     await expect(page.locator('text=Performance Metrics')).toBeVisible();
         |                                                            ^
      44 |     await expect(page.locator('text=Activity Timeline')).toBeVisible();
      45 |   });
      46 |
        at E:\github\trusthire\tests\autonomous-agent.spec.ts:43:60

    attachment #1: screenshot (image/png) ──────────────────────────────────────────────────────────
    ..\test-results\autonomous-agent-Autonomous-Agent-agent-analytics-tab-works-Mobile-Chrome\test-failed-1.png
    ────────────────────────────────────────────────────────────────────────────────────────────────

    attachment #2: video (video/webm) ──────────────────────────────────────────────────────────────
    ..\test-results\autonomous-agent-Autonomous-Agent-agent-analytics-tab-works-Mobile-Chrome\video.webm
    ────────────────────────────────────────────────────────────────────────────────────────────────

    Error Context: ..\test-results\autonomous-agent-Autonomous-Agent-agent-analytics-tab-works-Mobile-Chrome\error-context.md
]]>
</failure>
</testcase>
<testcase name="Autonomous Agent › agent status displays correctly" classname="autonomous-agent.spec.ts" time="6.765">
<system-out>
<![CDATA[
[[ATTACHMENT|autonomous-agent-Autonomou-806bf-t-status-displays-correctly-Mobile-Chrome\test-failed-1.png]]

[[ATTACHMENT|autonomous-agent-Autonomou-806bf-t-status-displays-correctly-Mobile-Chrome\video.webm]]

[[ATTACHMENT|autonomous-agent-Autonomou-806bf-t-status-displays-correctly-Mobile-Chrome\error-context.md]]
]]>
</system-out>
<failure message="expect(locator).toBeVisible() failed" type="expect.toBeVisible">
<![CDATA[  [Mobile Chrome] › autonomous-agent.spec.ts:47:7 › Autonomous Agent › agent status displays correctly 

    Error: expect(locator).toBeVisible() failed

    Locator: locator('[data-testid="agent-status"]')
    Expected: visible
    Timeout: 5000ms
    Error: element(s) not found

    Call log:
      - Expect "toBeVisible" with timeout 5000ms
      - waiting for locator('[data-testid="agent-status"]')


      47 |   test('agent status displays correctly', async ({ page }) => {
      48 |     // Check if status badges are visible
    > 49 |     await expect(page.locator('[data-testid="agent-status"]')).toBeVisible();
         |                                                                ^
      50 |     await expect(page.locator('[data-testid="agent-name"]')).toBeVisible();
      51 |   });
      52 |
        at E:\github\trusthire\tests\autonomous-agent.spec.ts:49:64

    attachment #1: screenshot (image/png) ──────────────────────────────────────────────────────────
    ..\test-results\autonomous-agent-Autonomou-806bf-t-status-displays-correctly-Mobile-Chrome\test-failed-1.png
    ────────────────────────────────────────────────────────────────────────────────────────────────

    attachment #2: video (video/webm) ──────────────────────────────────────────────────────────────
    ..\test-results\autonomous-agent-Autonomou-806bf-t-status-displays-correctly-Mobile-Chrome\video.webm
    ────────────────────────────────────────────────────────────────────────────────────────────────

    Error Context: ..\test-results\autonomous-agent-Autonomou-806bf-t-status-displays-correctly-Mobile-Chrome\error-context.md
]]>
</failure>
</testcase>
<testcase name="Autonomous Agent › add task functionality works" classname="autonomous-agent.spec.ts" time="12.011">
<system-out>
<![CDATA[
[[ATTACHMENT|autonomous-agent-Autonomou-b019d-dd-task-functionality-works-Mobile-Chrome\test-failed-1.png]]

[[ATTACHMENT|autonomous-agent-Autonomou-b019d-dd-task-functionality-works-Mobile-Chrome\video.webm]]

[[ATTACHMENT|autonomous-agent-Autonomou-b019d-dd-task-functionality-works-Mobile-Chrome\error-context.md]]
]]>
</system-out>
<error message="page.click: Timeout 10000ms exceeded." type="TimeoutError">
<![CDATA[  [Mobile Chrome] › autonomous-agent.spec.ts:53:7 › Autonomous Agent › add task functionality works 

    TimeoutError: page.click: Timeout 10000ms exceeded.
    Call log:
      - waiting for locator('text=Add Task')
        - locator resolved to 2 elements. Proceeding with the first one: <h4 class="font-medium mb-2">Add Task</h4>
      - attempting click action
        - waiting for element to be visible, enabled and stable
        - element is visible, enabled and stable
        - scrolling into view if needed
        - done scrolling
        - <div class="p-6 pt-0 space-y-4">…</div> intercepts pointer events
      - retrying click action
        - waiting for element to be visible, enabled and stable
        - element is visible, enabled and stable
        - scrolling into view if needed
        - done scrolling
        - <div class="flex items-center justify-around p-2">…</div> from <div class="lg:hidden fixed bottom-0 left-0 right-0 bg-[#0A0A0B]/95 backdrop-blur-md border-t border-white/5 z-50">…</div> subtree intercepts pointer events
      - retrying click action
        - waiting 20ms
        2 × waiting for element to be visible, enabled and stable
          - element is visible, enabled and stable
          - scrolling into view if needed
          - done scrolling
          - <div class="p-6 pt-0 space-y-4">…</div> intercepts pointer events
        - retrying click action
          - waiting 100ms
        4 × waiting for element to be visible, enabled and stable
          - element is visible, enabled and stable
          - scrolling into view if needed
          - done scrolling
          - <div class="p-6 pt-0 space-y-4">…</div> intercepts pointer events
        - retrying click action
          - waiting 500ms
          - waiting for element to be visible, enabled and stable
          - element is visible, enabled and stable
          - scrolling into view if needed
          - done scrolling
          - <div class="flex items-center justify-around p-2">…</div> from <div class="lg:hidden fixed bottom-0 left-0 right-0 bg-[#0A0A0B]/95 backdrop-blur-md border-t border-white/5 z-50">…</div> subtree intercepts pointer events
        - retrying click action
          - waiting 500ms
          - waiting for element to be visible, enabled and stable
          - element is visible, enabled and stable
          - scrolling into view if needed
          - done scrolling
          - <div class="p-6 pt-0 space-y-4">…</div> intercepts pointer events
        - retrying click action
          - waiting 500ms
          - waiting for element to be visible, enabled and stable
          - element is visible, enabled and stable
          - scrolling into view if needed
          - done scrolling
          - <div class="p-6 pt-0 space-y-4">…</div> intercepts pointer events
        - retrying click action
          - waiting 500ms


      52 |
      53 |   test('add task functionality works', async ({ page }) => {
    > 54 |     await page.click('text=Add Task');
         |                ^
      55 |     
      56 |     // Check if task type dropdown is visible
      57 |     await expect(page.locator('select[name="taskType"]')).toBeVisible();
        at E:\github\trusthire\tests\autonomous-agent.spec.ts:54:16

    attachment #1: screenshot (image/png) ──────────────────────────────────────────────────────────
    ..\test-results\autonomous-agent-Autonomou-b019d-dd-task-functionality-works-Mobile-Chrome\test-failed-1.png
    ────────────────────────────────────────────────────────────────────────────────────────────────

    attachment #2: video (video/webm) ──────────────────────────────────────────────────────────────
    ..\test-results\autonomous-agent-Autonomou-b019d-dd-task-functionality-works-Mobile-Chrome\video.webm
    ────────────────────────────────────────────────────────────────────────────────────────────────

    Error Context: ..\test-results\autonomous-agent-Autonomou-b019d-dd-task-functionality-works-Mobile-Chrome\error-context.md
]]>
</error>
</testcase>
<testcase name="Autonomous Agent › custom command input works" classname="autonomous-agent.spec.ts" time="2.086">
</testcase>
<testcase name="Autonomous Agent › agent statistics display" classname="autonomous-agent.spec.ts" time="2.501">
</testcase>
<testcase name="Autonomous Agent › agent capabilities are displayed" classname="autonomous-agent.spec.ts" time="2.652">
<system-out>
<![CDATA[
[[ATTACHMENT|autonomous-agent-Autonomou-e86ed--capabilities-are-displayed-Mobile-Chrome\test-failed-1.png]]

[[ATTACHMENT|autonomous-agent-Autonomou-e86ed--capabilities-are-displayed-Mobile-Chrome\video.webm]]

[[ATTACHMENT|autonomous-agent-Autonomou-e86ed--capabilities-are-displayed-Mobile-Chrome\error-context.md]]
]]>
</system-out>
<failure message="expect(locator).toBeVisible() failed" type="expect.toBeVisible">
<![CDATA[  [Mobile Chrome] › autonomous-agent.spec.ts:78:7 › Autonomous Agent › agent capabilities are displayed 

    Error: expect(locator).toBeVisible() failed

    Locator: locator('text=Capabilities')
    Expected: visible
    Error: strict mode violation: locator('text=Capabilities') resolved to 2 elements:
        1) <p class="text-xl text-gray-600 max-w-2xl mx-auto">Advanced AI agent with personality, memory, and a…</p> aka getByText('Advanced AI agent with personality, memory, and autonomous security analysis')
        2) <p class="text-muted-foreground">Advanced AI agent with personality, memory, and a…</p> aka getByText('Advanced AI agent with personality, memory, and autonomous capabilities')

    Call log:
      - Expect "toBeVisible" with timeout 5000ms
      - waiting for locator('text=Capabilities')


      78 |   test('agent capabilities are displayed', async ({ page }) => {
      79 |     await page.click('text=Personality');
    > 80 |     await expect(page.locator('text=Capabilities')).toBeVisible();
         |                                                     ^
      81 |     
      82 |     // Check for specific capabilities
      83 |     await expect(page.locator('text=autonomous_analysis')).toBeVisible();
        at E:\github\trusthire\tests\autonomous-agent.spec.ts:80:53

    attachment #1: screenshot (image/png) ──────────────────────────────────────────────────────────
    ..\test-results\autonomous-agent-Autonomou-e86ed--capabilities-are-displayed-Mobile-Chrome\test-failed-1.png
    ────────────────────────────────────────────────────────────────────────────────────────────────

    attachment #2: video (video/webm) ──────────────────────────────────────────────────────────────
    ..\test-results\autonomous-agent-Autonomou-e86ed--capabilities-are-displayed-Mobile-Chrome\video.webm
    ────────────────────────────────────────────────────────────────────────────────────────────────

    Error Context: ..\test-results\autonomous-agent-Autonomou-e86ed--capabilities-are-displayed-Mobile-Chrome\error-context.md
]]>
</failure>
</testcase>
<testcase name="Autonomous Agent API › agent status endpoint responds" classname="autonomous-agent.spec.ts" time="0.066">
</testcase>
<testcase name="Autonomous Agent API › agent personality endpoint responds" classname="autonomous-agent.spec.ts" time="0.411">
</testcase>
<testcase name="Autonomous Agent API › agent memory endpoint responds" classname="autonomous-agent.spec.ts" time="0.026">
</testcase>
<testcase name="Autonomous Agent API › agent statistics endpoint responds" classname="autonomous-agent.spec.ts" time="0.025">
</testcase>
<testcase name="Autonomous Agent API › agent capabilities endpoint responds" classname="autonomous-agent.spec.ts" time="0.028">
</testcase>
<testcase name="Autonomous Agent API › start agent endpoint works" classname="autonomous-agent.spec.ts" time="0.03">
</testcase>
<testcase name="Autonomous Agent API › stop agent endpoint works" classname="autonomous-agent.spec.ts" time="0.025">
</testcase>
<testcase name="Autonomous Agent API › add task endpoint works" classname="autonomous-agent.spec.ts" time="0.028">
</testcase>
<testcase name="Autonomous Agent API › custom command endpoint works" classname="autonomous-agent.spec.ts" time="0.024">
</testcase>
<testcase name="Autonomous Agent API › update personality endpoint works" classname="autonomous-agent.spec.ts" time="0.033">
</testcase>
<testcase name="Autonomous Agent Integration › agent integrates with Mistral AI" classname="autonomous-agent.spec.ts" time="14.766">
<system-out>
<![CDATA[
[[ATTACHMENT|autonomous-agent-Autonomou-018f8--integrates-with-Mistral-AI-Mobile-Chrome\test-failed-1.png]]

[[ATTACHMENT|autonomous-agent-Autonomou-018f8--integrates-with-Mistral-AI-Mobile-Chrome\video.webm]]

[[ATTACHMENT|autonomous-agent-Autonomou-018f8--integrates-with-Mistral-AI-Mobile-Chrome\error-context.md]]
]]>
</system-out>
<error message="page.click: Timeout 10000ms exceeded." type="TimeoutError">
<![CDATA[  [Mobile Chrome] › autonomous-agent.spec.ts:217:7 › Autonomous Agent Integration › agent integrates with Mistral AI 

    TimeoutError: page.click: Timeout 10000ms exceeded.
    Call log:
      - waiting for locator('text=Add Task')
        - locator resolved to 2 elements. Proceeding with the first one: <h4 class="font-medium mb-2">Add Task</h4>
      - attempting click action
        - waiting for element to be visible, enabled and stable
        - element is visible, enabled and stable
        - scrolling into view if needed
        - done scrolling
        - <div class="p-6 pt-0 space-y-4">…</div> intercepts pointer events
      - retrying click action
        - waiting for element to be visible, enabled and stable
        - element is visible, enabled and stable
        - scrolling into view if needed
        - done scrolling
        - <div class="flex items-center justify-around p-2">…</div> from <div class="lg:hidden fixed bottom-0 left-0 right-0 bg-[#0A0A0B]/95 backdrop-blur-md border-t border-white/5 z-50">…</div> subtree intercepts pointer events
      - retrying click action
        - waiting 20ms
        2 × waiting for element to be visible, enabled and stable
          - element is visible, enabled and stable
          - scrolling into view if needed
          - done scrolling
          - <div class="p-6 pt-0 space-y-4">…</div> intercepts pointer events
        - retrying click action
          - waiting 100ms
        4 × waiting for element to be visible, enabled and stable
          - element is visible, enabled and stable
          - scrolling into view if needed
          - done scrolling
          - <div class="p-6 pt-0 space-y-4">…</div> intercepts pointer events
        - retrying click action
          - waiting 500ms
          - waiting for element to be visible, enabled and stable
          - element is visible, enabled and stable
          - scrolling into view if needed
          - done scrolling
          - <div class="flex items-center justify-around p-2">…</div> from <div class="lg:hidden fixed bottom-0 left-0 right-0 bg-[#0A0A0B]/95 backdrop-blur-md border-t border-white/5 z-50">…</div> subtree intercepts pointer events
        - retrying click action
          - waiting 500ms
          - waiting for element to be visible, enabled and stable
          - element is visible, enabled and stable
          - scrolling into view if needed
          - done scrolling
          - <div class="p-6 pt-0 space-y-4">…</div> intercepts pointer events
        - retrying click action
          - waiting 500ms
          - waiting for element to be visible, enabled and stable
          - element is visible, enabled and stable
          - scrolling into view if needed
          - done scrolling
          - <div class="p-6 pt-0 space-y-4">…</div> intercepts pointer events
        - retrying click action
          - waiting 500ms
        - waiting for element to be visible, enabled and stable
        - element is visible, enabled and stable
        - scrolling into view if needed
        - done scrolling
        - <div class="p-6 pt-0 space-y-4">…</div> intercepts pointer events
      - retrying click action
        - waiting 500ms
        - waiting for element to be visible, enabled and stable
        - element is visible, enabled and stable
        - scrolling into view if needed
        - done scrolling
        - <div class="flex items-center justify-around p-2">…</div> from <div class="lg:hidden fixed bottom-0 left-0 right-0 bg-[#0A0A0B]/95 backdrop-blur-md border-t border-white/5 z-50">…</div> subtree intercepts pointer events
      - retrying click action
        - waiting 500ms


      225 |     
      226 |     // Add a task that requires AI analysis
    > 227 |     await page.click('text=Add Task');
          |                ^
      228 |     await page.selectOption('select[name="taskType"]', 'security_analysis');
      229 |     await page.selectOption('select[name="priority"]', 'high');
      230 |     await page.click('button:has-text("Add Task")');
        at E:\github\trusthire\tests\autonomous-agent.spec.ts:227:16

    attachment #1: screenshot (image/png) ──────────────────────────────────────────────────────────
    ..\test-results\autonomous-agent-Autonomou-018f8--integrates-with-Mistral-AI-Mobile-Chrome\test-failed-1.png
    ────────────────────────────────────────────────────────────────────────────────────────────────

    attachment #2: video (video/webm) ──────────────────────────────────────────────────────────────
    ..\test-results\autonomous-agent-Autonomou-018f8--integrates-with-Mistral-AI-Mobile-Chrome\video.webm
    ────────────────────────────────────────────────────────────────────────────────────────────────

    Error Context: ..\test-results\autonomous-agent-Autonomou-018f8--integrates-with-Mistral-AI-Mobile-Chrome\error-context.md
]]>
</error>
</testcase>
<testcase name="Autonomous Agent Integration › agent memory systems work" classname="autonomous-agent.spec.ts" time="7.147">
<system-out>
<![CDATA[
[[ATTACHMENT|autonomous-agent-Autonomou-d68c6-n-agent-memory-systems-work-Mobile-Chrome\test-failed-1.png]]

[[ATTACHMENT|autonomous-agent-Autonomou-d68c6-n-agent-memory-systems-work-Mobile-Chrome\video.webm]]

[[ATTACHMENT|autonomous-agent-Autonomou-d68c6-n-agent-memory-systems-work-Mobile-Chrome\error-context.md]]
]]>
</system-out>
<failure message="expect(locator).toBeVisible() failed" type="expect.toBeVisible">
<![CDATA[  [Mobile Chrome] › autonomous-agent.spec.ts:240:7 › Autonomous Agent Integration › agent memory systems work 

    Error: expect(locator).toBeVisible() failed

    Locator: locator('text=Short-term Memory')
    Expected: visible
    Timeout: 5000ms
    Error: element(s) not found

    Call log:
      - Expect "toBeVisible" with timeout 5000ms
      - waiting for locator('text=Short-term Memory')


      243 |     
      244 |     // Check if memory sections are visible
    > 245 |     await expect(page.locator('text=Short-term Memory')).toBeVisible();
          |                                                          ^
      246 |     await expect(page.locator('text=Long-term Memory')).toBeVisible();
      247 |     await expect(page.locator('text=Episodic Memory')).toBeVisible();
      248 |     
        at E:\github\trusthire\tests\autonomous-agent.spec.ts:245:58

    attachment #1: screenshot (image/png) ──────────────────────────────────────────────────────────
    ..\test-results\autonomous-agent-Autonomou-d68c6-n-agent-memory-systems-work-Mobile-Chrome\test-failed-1.png
    ────────────────────────────────────────────────────────────────────────────────────────────────

    attachment #2: video (video/webm) ──────────────────────────────────────────────────────────────
    ..\test-results\autonomous-agent-Autonomou-d68c6-n-agent-memory-systems-work-Mobile-Chrome\video.webm
    ────────────────────────────────────────────────────────────────────────────────────────────────

    Error Context: ..\test-results\autonomous-agent-Autonomou-d68c6-n-agent-memory-systems-work-Mobile-Chrome\error-context.md
]]>
</failure>
</testcase>
<testcase name="Autonomous Agent Integration › agent learning functionality works" classname="autonomous-agent.spec.ts" time="11.675">
<system-out>
<![CDATA[
[[ATTACHMENT|autonomous-agent-Autonomou-19a8c-earning-functionality-works-Mobile-Chrome\test-failed-1.png]]

[[ATTACHMENT|autonomous-agent-Autonomou-19a8c-earning-functionality-works-Mobile-Chrome\video.webm]]

[[ATTACHMENT|autonomous-agent-Autonomou-19a8c-earning-functionality-works-Mobile-Chrome\error-context.md]]
]]>
</system-out>
<error message="page.click: Timeout 10000ms exceeded." type="TimeoutError">
<![CDATA[  [Mobile Chrome] › autonomous-agent.spec.ts:255:7 › Autonomous Agent Integration › agent learning functionality works 

    TimeoutError: page.click: Timeout 10000ms exceeded.
    Call log:
      - waiting for locator('text=Add Task')
        - locator resolved to 2 elements. Proceeding with the first one: <h4 class="font-medium mb-2">Add Task</h4>
      - attempting click action
        - waiting for element to be visible, enabled and stable
        - element is visible, enabled and stable
        - scrolling into view if needed
        - done scrolling
        - <div class="p-6 pt-0 space-y-4">…</div> intercepts pointer events
      - retrying click action
        - waiting for element to be visible, enabled and stable
        - element is visible, enabled and stable
        - scrolling into view if needed
        - done scrolling
        - <div class="flex items-center justify-around p-2">…</div> from <div class="lg:hidden fixed bottom-0 left-0 right-0 bg-[#0A0A0B]/95 backdrop-blur-md border-t border-white/5 z-50">…</div> subtree intercepts pointer events
      - retrying click action
        - waiting 20ms
        2 × waiting for element to be visible, enabled and stable
          - element is visible, enabled and stable
          - scrolling into view if needed
          - done scrolling
          - <div class="p-6 pt-0 space-y-4">…</div> intercepts pointer events
        - retrying click action
          - waiting 100ms
        4 × waiting for element to be visible, enabled and stable
          - element is visible, enabled and stable
          - scrolling into view if needed
          - done scrolling
          - <div class="p-6 pt-0 space-y-4">…</div> intercepts pointer events
        - retrying click action
          - waiting 500ms
          - waiting for element to be visible, enabled and stable
          - element is visible, enabled and stable
          - scrolling into view if needed
          - done scrolling
          - <div class="flex items-center justify-around p-2">…</div> from <div class="lg:hidden fixed bottom-0 left-0 right-0 bg-[#0A0A0B]/95 backdrop-blur-md border-t border-white/5 z-50">…</div> subtree intercepts pointer events
        - retrying click action
          - waiting 500ms
          - waiting for element to be visible, enabled and stable
          - element is visible, enabled and stable
          - scrolling into view if needed
          - done scrolling
          - <div class="p-6 pt-0 space-y-4">…</div> intercepts pointer events
        - retrying click action
          - waiting 500ms
          - waiting for element to be visible, enabled and stable
          - element is visible, enabled and stable
          - scrolling into view if needed
          - done scrolling
          - <div class="p-6 pt-0 space-y-4">…</div> intercepts pointer events
        - retrying click action
          - waiting 500ms
        - waiting for element to be visible, enabled and stable
        - element is visible, enabled and stable
        - scrolling into view if needed
        - done scrolling
        - <div class="p-6 pt-0 space-y-4">…</div> intercepts pointer events
      - retrying click action
        - waiting 500ms
        - waiting for element to be visible, enabled and stable
        - element is visible, enabled and stable
        - scrolling into view if needed
        - done scrolling
        - <div class="flex items-center justify-around p-2">…</div> from <div class="lg:hidden fixed bottom-0 left-0 right-0 bg-[#0A0A0B]/95 backdrop-blur-md border-t border-white/5 z-50">…</div> subtree intercepts pointer events
      - retrying click action
        - waiting 500ms


      257 |     
      258 |     // Add a learning task
    > 259 |     await page.click('text=Add Task');
          |                ^
      260 |     await page.selectOption('select[name="taskType"]', 'learning');
      261 |     await page.selectOption('select[name="priority"]', 'medium');
      262 |     await page.click('button:has-text("Add Task")');
        at E:\github\trusthire\tests\autonomous-agent.spec.ts:259:16

    attachment #1: screenshot (image/png) ──────────────────────────────────────────────────────────
    ..\test-results\autonomous-agent-Autonomou-19a8c-earning-functionality-works-Mobile-Chrome\test-failed-1.png
    ────────────────────────────────────────────────────────────────────────────────────────────────

    attachment #2: video (video/webm) ──────────────────────────────────────────────────────────────
    ..\test-results\autonomous-agent-Autonomou-19a8c-earning-functionality-works-Mobile-Chrome\video.webm
    ────────────────────────────────────────────────────────────────────────────────────────────────

    Error Context: ..\test-results\autonomous-agent-Autonomou-19a8c-earning-functionality-works-Mobile-Chrome\error-context.md
]]>
</error>
</testcase>
<testcase name="Autonomous Agent Integration › agent error handling works" classname="autonomous-agent.spec.ts" time="11.307">
<system-out>
<![CDATA[
[[ATTACHMENT|autonomous-agent-Autonomou-48b4c--agent-error-handling-works-Mobile-Chrome\test-failed-1.png]]

[[ATTACHMENT|autonomous-agent-Autonomou-48b4c--agent-error-handling-works-Mobile-Chrome\video.webm]]

[[ATTACHMENT|autonomous-agent-Autonomou-48b4c--agent-error-handling-works-Mobile-Chrome\error-context.md]]
]]>
</system-out>
<error message="page.click: Timeout 10000ms exceeded." type="TimeoutError">
<![CDATA[  [Mobile Chrome] › autonomous-agent.spec.ts:272:7 › Autonomous Agent Integration › agent error handling works 

    TimeoutError: page.click: Timeout 10000ms exceeded.
    Call log:
      - waiting for locator('text=Add Task')
        - locator resolved to 2 elements. Proceeding with the first one: <h4 class="font-medium mb-2">Add Task</h4>
      - attempting click action
        - waiting for element to be visible, enabled and stable
        - element is visible, enabled and stable
        - scrolling into view if needed
        - done scrolling
        - <div class="p-6 pt-0 space-y-4">…</div> intercepts pointer events
      - retrying click action
        - waiting for element to be visible, enabled and stable
        - element is visible, enabled and stable
        - scrolling into view if needed
        - done scrolling
        - <div class="flex items-center justify-around p-2">…</div> from <div class="lg:hidden fixed bottom-0 left-0 right-0 bg-[#0A0A0B]/95 backdrop-blur-md border-t border-white/5 z-50">…</div> subtree intercepts pointer events
      - retrying click action
        - waiting 20ms
        2 × waiting for element to be visible, enabled and stable
          - element is visible, enabled and stable
          - scrolling into view if needed
          - done scrolling
          - <div class="p-6 pt-0 space-y-4">…</div> intercepts pointer events
        - retrying click action
          - waiting 100ms
        4 × waiting for element to be visible, enabled and stable
          - element is visible, enabled and stable
          - scrolling into view if needed
          - done scrolling
          - <div class="p-6 pt-0 space-y-4">…</div> intercepts pointer events
        - retrying click action
          - waiting 500ms
          - waiting for element to be visible, enabled and stable
          - element is visible, enabled and stable
          - scrolling into view if needed
          - done scrolling
          - <div class="flex items-center justify-around p-2">…</div> from <div class="lg:hidden fixed bottom-0 left-0 right-0 bg-[#0A0A0B]/95 backdrop-blur-md border-t border-white/5 z-50">…</div> subtree intercepts pointer events
        - retrying click action
          - waiting 500ms
          - waiting for element to be visible, enabled and stable
          - element is visible, enabled and stable
          - scrolling into view if needed
          - done scrolling
          - <div class="p-6 pt-0 space-y-4">…</div> intercepts pointer events
        - retrying click action
          - waiting 500ms
          - waiting for element to be visible, enabled and stable
          - element is visible, enabled and stable
          - scrolling into view if needed
          - done scrolling
          - <div class="p-6 pt-0 space-y-4">…</div> intercepts pointer events
        - retrying click action
          - waiting 500ms
        - waiting for element to be visible, enabled and stable
        - element is visible, enabled and stable
        - scrolling into view if needed
        - done scrolling
        - <div class="p-6 pt-0 space-y-4">…</div> intercepts pointer events
      - retrying click action
        - waiting 500ms
        - waiting for element to be visible, enabled and stable
        - element is visible, enabled and stable
        - scrolling into view if needed
        - done scrolling
        - <div class="flex items-center justify-around p-2">…</div> from <div class="lg:hidden fixed bottom-0 left-0 right-0 bg-[#0A0A0B]/95 backdrop-blur-md border-t border-white/5 z-50">…</div> subtree intercepts pointer events
      - retrying click action
        - waiting 500ms


      274 |     
      275 |     // Try to add invalid task
    > 276 |     await page.click('text=Add Task');
          |                ^
      277 |     await page.click('button:has-text("Add Task")');
      278 |     
      279 |     // Should show validation error
        at E:\github\trusthire\tests\autonomous-agent.spec.ts:276:16

    attachment #1: screenshot (image/png) ──────────────────────────────────────────────────────────
    ..\test-results\autonomous-agent-Autonomou-48b4c--agent-error-handling-works-Mobile-Chrome\test-failed-1.png
    ────────────────────────────────────────────────────────────────────────────────────────────────

    attachment #2: video (video/webm) ──────────────────────────────────────────────────────────────
    ..\test-results\autonomous-agent-Autonomou-48b4c--agent-error-handling-works-Mobile-Chrome\video.webm
    ────────────────────────────────────────────────────────────────────────────────────────────────

    Error Context: ..\test-results\autonomous-agent-Autonomou-48b4c--agent-error-handling-works-Mobile-Chrome\error-context.md
]]>
</error>
</testcase>
<testcase name="Autonomous Agent Performance › agent page loads quickly" classname="autonomous-agent.spec.ts" time="2.025">
</testcase>
<testcase name="Autonomous Agent Performance › agent status updates in real-time" classname="autonomous-agent.spec.ts" time="12.034">
<system-out>
<![CDATA[
[[ATTACHMENT|autonomous-agent-Autonomou-25389-status-updates-in-real-time-Mobile-Chrome\test-failed-1.png]]

[[ATTACHMENT|autonomous-agent-Autonomou-25389-status-updates-in-real-time-Mobile-Chrome\video.webm]]

[[ATTACHMENT|autonomous-agent-Autonomou-25389-status-updates-in-real-time-Mobile-Chrome\error-context.md]]
]]>
</system-out>
<error message="page.click: Timeout 10000ms exceeded." type="TimeoutError">
<![CDATA[  [Mobile Chrome] › autonomous-agent.spec.ts:295:7 › Autonomous Agent Performance › agent status updates in real-time 

    TimeoutError: page.click: Timeout 10000ms exceeded.
    Call log:
      - waiting for locator('button:has-text("Start Agent")')
        - locator resolved to <button disabled class="inline-flex items-center justify-center whitespace-nowrap rounded-md text-sm font-medium ring-offset-background transition-colors focus-visible:outline-none focus-visible:ring-2 focus-visible:ring-ring focus-visible:ring-offset-2 disabled:pointer-events-none disabled:opacity-50 bg-primary text-primary-foreground hover:bg-primary/90 h-10 px-4 py-2 flex-1">…</button>
      - attempting click action
        2 × waiting for element to be visible, enabled and stable
          - element is not enabled
        - retrying click action
        - waiting 20ms
        2 × waiting for element to be visible, enabled and stable
          - element is not enabled
        - retrying click action
          - waiting 100ms
        18 × waiting for element to be visible, enabled and stable
           - element is not enabled
         - retrying click action
           - waiting 500ms


      305 |     
      306 |     // Start agent and monitor
    > 307 |     await page.click('button:has-text("Start Agent")');
          |                ^
      308 |     await page.waitForTimeout(10000);
      309 |     
      310 |     // Should have received status updates
        at E:\github\trusthire\tests\autonomous-agent.spec.ts:307:16

    attachment #1: screenshot (image/png) ──────────────────────────────────────────────────────────
    ..\test-results\autonomous-agent-Autonomou-25389-status-updates-in-real-time-Mobile-Chrome\test-failed-1.png
    ────────────────────────────────────────────────────────────────────────────────────────────────

    attachment #2: video (video/webm) ──────────────────────────────────────────────────────────────
    ..\test-results\autonomous-agent-Autonomou-25389-status-updates-in-real-time-Mobile-Chrome\video.webm
    ────────────────────────────────────────────────────────────────────────────────────────────────

    Error Context: ..\test-results\autonomous-agent-Autonomou-25389-status-updates-in-real-time-Mobile-Chrome\error-context.md
]]>
</error>
</testcase>
<testcase name="Autonomous Agent Performance › agent handles multiple concurrent tasks" classname="autonomous-agent.spec.ts" time="11.543">
<system-out>
<![CDATA[
[[ATTACHMENT|autonomous-agent-Autonomou-8353a-s-multiple-concurrent-tasks-Mobile-Chrome\test-failed-1.png]]

[[ATTACHMENT|autonomous-agent-Autonomou-8353a-s-multiple-concurrent-tasks-Mobile-Chrome\video.webm]]

[[ATTACHMENT|autonomous-agent-Autonomou-8353a-s-multiple-concurrent-tasks-Mobile-Chrome\error-context.md]]
]]>
</system-out>
<error message="page.click: Timeout 10000ms exceeded." type="TimeoutError">
<![CDATA[  [Mobile Chrome] › autonomous-agent.spec.ts:314:7 › Autonomous Agent Performance › agent handles multiple concurrent tasks 

    TimeoutError: page.click: Timeout 10000ms exceeded.
    Call log:
      - waiting for locator('text=Add Task')
        - locator resolved to 2 elements. Proceeding with the first one: <h4 class="font-medium mb-2">Add Task</h4>
      - attempting click action
        - waiting for element to be visible, enabled and stable
        - element is visible, enabled and stable
        - scrolling into view if needed
        - done scrolling
        - <div class="p-6 pt-0 space-y-4">…</div> intercepts pointer events
      - retrying click action
        - waiting for element to be visible, enabled and stable
        - element is visible, enabled and stable
        - scrolling into view if needed
        - done scrolling
        - <div class="flex items-center justify-around p-2">…</div> from <div class="lg:hidden fixed bottom-0 left-0 right-0 bg-[#0A0A0B]/95 backdrop-blur-md border-t border-white/5 z-50">…</div> subtree intercepts pointer events
      - retrying click action
        - waiting 20ms
        2 × waiting for element to be visible, enabled and stable
          - element is visible, enabled and stable
          - scrolling into view if needed
          - done scrolling
          - <div class="p-6 pt-0 space-y-4">…</div> intercepts pointer events
        - retrying click action
          - waiting 100ms
        4 × waiting for element to be visible, enabled and stable
          - element is visible, enabled and stable
          - scrolling into view if needed
          - done scrolling
          - <div class="p-6 pt-0 space-y-4">…</div> intercepts pointer events
        - retrying click action
          - waiting 500ms
          - waiting for element to be visible, enabled and stable
          - element is visible, enabled and stable
          - scrolling into view if needed
          - done scrolling
          - <div class="flex items-center justify-around p-2">…</div> from <div class="lg:hidden fixed bottom-0 left-0 right-0 bg-[#0A0A0B]/95 backdrop-blur-md border-t border-white/5 z-50">…</div> subtree intercepts pointer events
        - retrying click action
          - waiting 500ms
          - waiting for element to be visible, enabled and stable
          - element is visible, enabled and stable
          - scrolling into view if needed
          - done scrolling
          - <div class="p-6 pt-0 space-y-4">…</div> intercepts pointer events
        - retrying click action
          - waiting 500ms
          - waiting for element to be visible, enabled and stable
          - element is visible, enabled and stable
          - scrolling into view if needed
          - done scrolling
          - <div class="p-6 pt-0 space-y-4">…</div> intercepts pointer events
        - retrying click action
          - waiting 500ms
        - waiting for element to be visible, enabled and stable
        - element is visible, enabled and stable
        - scrolling into view if needed
        - done scrolling
        - <div class="p-6 pt-0 space-y-4">…</div> intercepts pointer events
      - retrying click action
        - waiting 500ms
        - waiting for element to be visible, enabled and stable
        - element is visible, enabled and stable
        - scrolling into view if needed
        - done scrolling
        - <div class="flex items-center justify-around p-2">…</div> from <div class="lg:hidden fixed bottom-0 left-0 right-0 bg-[#0A0A0B]/95 backdrop-blur-md border-t border-white/5 z-50">…</div> subtree intercepts pointer events
      - retrying click action
        - waiting 500ms


      324 |     
      325 |     for (const task of tasks) {
    > 326 |       await page.click('text=Add Task');
          |                  ^
      327 |       await page.selectOption('select[name="taskType"]', task.type);
      328 |       await page.selectOption('select[name="priority"]', task.priority);
      329 |       await page.click('button:has-text("Add Task")');
        at E:\github\trusthire\tests\autonomous-agent.spec.ts:326:18

    attachment #1: screenshot (image/png) ──────────────────────────────────────────────────────────
    ..\test-results\autonomous-agent-Autonomou-8353a-s-multiple-concurrent-tasks-Mobile-Chrome\test-failed-1.png
    ────────────────────────────────────────────────────────────────────────────────────────────────

    attachment #2: video (video/webm) ──────────────────────────────────────────────────────────────
    ..\test-results\autonomous-agent-Autonomou-8353a-s-multiple-concurrent-tasks-Mobile-Chrome\video.webm
    ────────────────────────────────────────────────────────────────────────────────────────────────

    Error Context: ..\test-results\autonomous-agent-Autonomou-8353a-s-multiple-concurrent-tasks-Mobile-Chrome\error-context.md
]]>
</error>
</testcase>
</testsuite>
<testsuite name="basic-functionality.spec.ts" timestamp="2026-04-20T10:48:01.632Z" hostname="Mobile Chrome" tests="17" failures="5" skipped="0" time="144.738" errors="1">
<testcase name="TrustHire Basic Functionality › homepage loads correctly" classname="basic-functionality.spec.ts" time="9.137">
<system-out>
<![CDATA[
[[ATTACHMENT|basic-functionality-TrustH-4a122-ty-homepage-loads-correctly-Mobile-Chrome\test-failed-1.png]]

[[ATTACHMENT|basic-functionality-TrustH-4a122-ty-homepage-loads-correctly-Mobile-Chrome\video.webm]]

[[ATTACHMENT|basic-functionality-TrustH-4a122-ty-homepage-loads-correctly-Mobile-Chrome\error-context.md]]
]]>
</system-out>
<failure message="expect(locator).toContainText(expected) failed" type="expect.toContainText">
<![CDATA[  [Mobile Chrome] › basic-functionality.spec.ts:13:7 › TrustHire Basic Functionality › homepage loads correctly 

    Error: expect(locator).toContainText(expected) failed

    Locator: locator('h1')
    Expected substring: "TrustHire"
    Received string:    "Stop RecruitmentScam Attacks"
    Timeout: 5000ms

    Call log:
      - Expect "toContainText" with timeout 5000ms
      - waiting for locator('h1')
        8 × locator resolved to <h1 class="text-5xl md:text-6xl font-mono font-bold tracking-tight mb-6">…</h1>
          - unexpected value "Stop RecruitmentScam Attacks"


      13 |   test('homepage loads correctly', async ({ page }) => {
      14 |     await expect(page).toHaveTitle(/TrustHire/);
    > 15 |     await expect(page.locator('h1')).toContainText('TrustHire');
         |                                      ^
      16 |     await expect(page.locator('body')).toBeVisible();
      17 |   });
      18 |
        at E:\github\trusthire\tests\basic-functionality.spec.ts:15:38

    attachment #1: screenshot (image/png) ──────────────────────────────────────────────────────────
    ..\test-results\basic-functionality-TrustH-4a122-ty-homepage-loads-correctly-Mobile-Chrome\test-failed-1.png
    ────────────────────────────────────────────────────────────────────────────────────────────────

    attachment #2: video (video/webm) ──────────────────────────────────────────────────────────────
    ..\test-results\basic-functionality-TrustH-4a122-ty-homepage-loads-correctly-Mobile-Chrome\video.webm
    ────────────────────────────────────────────────────────────────────────────────────────────────

    Error Context: ..\test-results\basic-functionality-TrustH-4a122-ty-homepage-loads-correctly-Mobile-Chrome\error-context.md
]]>
</failure>
</testcase>
<testcase name="TrustHire Basic Functionality › navigation works correctly" classname="basic-functionality.spec.ts" time="13.169">
<system-out>
<![CDATA[
[[ATTACHMENT|basic-functionality-TrustH-82723--navigation-works-correctly-Mobile-Chrome\test-failed-1.png]]

[[ATTACHMENT|basic-functionality-TrustH-82723--navigation-works-correctly-Mobile-Chrome\video.webm]]

[[ATTACHMENT|basic-functionality-TrustH-82723--navigation-works-correctly-Mobile-Chrome\error-context.md]]
]]>
</system-out>
<error message="page.click: Timeout 10000ms exceeded." type="TimeoutError">
<![CDATA[  [Mobile Chrome] › basic-functionality.spec.ts:19:7 › TrustHire Basic Functionality › navigation works correctly 

    TimeoutError: page.click: Timeout 10000ms exceeded.
    Call log:
      - waiting for locator('text=Dashboard')
        - locator resolved to 2 elements. Proceeding with the first one: <span>Dashboard</span>
      - attempting click action
        2 × waiting for element to be visible, enabled and stable
          - element is not visible
        - retrying click action
        - waiting 20ms
        2 × waiting for element to be visible, enabled and stable
          - element is not visible
        - retrying click action
          - waiting 100ms
        14 × waiting for element to be visible, enabled and stable
           - element is not visible
         - retrying click action
           - waiting 500ms


      19 |   test('navigation works correctly', async ({ page }) => {
      20 |     // Test navigation to dashboard
    > 21 |     await page.click('text=Dashboard');
         |                ^
      22 |     await expect(page).toHaveURL(/dashboard/);
      23 |     await expect(page.locator('h1')).toContainText('Dashboard');
      24 |
        at E:\github\trusthire\tests\basic-functionality.spec.ts:21:16

    attachment #1: screenshot (image/png) ──────────────────────────────────────────────────────────
    ..\test-results\basic-functionality-TrustH-82723--navigation-works-correctly-Mobile-Chrome\test-failed-1.png
    ────────────────────────────────────────────────────────────────────────────────────────────────

    attachment #2: video (video/webm) ──────────────────────────────────────────────────────────────
    ..\test-results\basic-functionality-TrustH-82723--navigation-works-correctly-Mobile-Chrome\video.webm
    ────────────────────────────────────────────────────────────────────────────────────────────────

    Error Context: ..\test-results\basic-functionality-TrustH-82723--navigation-works-correctly-Mobile-Chrome\error-context.md
]]>
</error>
</testcase>
<testcase name="TrustHire Basic Functionality › assessment page loads" classname="basic-functionality.spec.ts" time="10.819">
<system-out>
<![CDATA[
[[ATTACHMENT|basic-functionality-TrustH-e4555-ality-assessment-page-loads-Mobile-Chrome\test-failed-1.png]]

[[ATTACHMENT|basic-functionality-TrustH-e4555-ality-assessment-page-loads-Mobile-Chrome\video.webm]]

[[ATTACHMENT|basic-functionality-TrustH-e4555-ality-assessment-page-loads-Mobile-Chrome\error-context.md]]
]]>
</system-out>
<failure message="expect(locator).toBeVisible() failed" type="expect.toBeVisible">
<![CDATA[  [Mobile Chrome] › basic-functionality.spec.ts:31:7 › TrustHire Basic Functionality › assessment page loads 

    Error: expect(locator).toBeVisible() failed

    Locator: locator('form')
    Expected: visible
    Timeout: 5000ms
    Error: element(s) not found

    Call log:
      - Expect "toBeVisible" with timeout 5000ms
      - waiting for locator('form')


      33 |     
      34 |     // Check if assessment form is present
    > 35 |     await expect(page.locator('form')).toBeVisible();
         |                                        ^
      36 |     await expect(page.locator('input[type="url"]')).toBeVisible();
      37 |     await expect(page.locator('button[type="submit"]')).toBeVisible();
      38 |   });
        at E:\github\trusthire\tests\basic-functionality.spec.ts:35:40

    attachment #1: screenshot (image/png) ──────────────────────────────────────────────────────────
    ..\test-results\basic-functionality-TrustH-e4555-ality-assessment-page-loads-Mobile-Chrome\test-failed-1.png
    ────────────────────────────────────────────────────────────────────────────────────────────────

    attachment #2: video (video/webm) ──────────────────────────────────────────────────────────────
    ..\test-results\basic-functionality-TrustH-e4555-ality-assessment-page-loads-Mobile-Chrome\video.webm
    ────────────────────────────────────────────────────────────────────────────────────────────────

    Error Context: ..\test-results\basic-functionality-TrustH-e4555-ality-assessment-page-loads-Mobile-Chrome\error-context.md
]]>
</failure>
</testcase>
<testcase name="TrustHire Basic Functionality › scan pages are accessible" classname="basic-functionality.spec.ts" time="10.14">
<system-out>
<![CDATA[
[[ATTACHMENT|basic-functionality-TrustH-7eabf-y-scan-pages-are-accessible-Mobile-Chrome\test-failed-1.png]]

[[ATTACHMENT|basic-functionality-TrustH-7eabf-y-scan-pages-are-accessible-Mobile-Chrome\video.webm]]

[[ATTACHMENT|basic-functionality-TrustH-7eabf-y-scan-pages-are-accessible-Mobile-Chrome\error-context.md]]
]]>
</system-out>
<failure message="expect(locator).toBeVisible() failed" type="expect.toBeVisible">
<![CDATA[  [Mobile Chrome] › basic-functionality.spec.ts:40:7 › TrustHire Basic Functionality › scan pages are accessible 

    Error: expect(locator).toBeVisible() failed

    Locator: locator('form')
    Expected: visible
    Timeout: 5000ms
    Error: element(s) not found

    Call log:
      - Expect "toBeVisible" with timeout 5000ms
      - waiting for locator('form')


      49 |       await page.goto(scanPage);
      50 |       await expect(page.locator('h1')).toBeVisible();
    > 51 |       await expect(page.locator('form')).toBeVisible();
         |                                          ^
      52 |     }
      53 |   });
      54 |
        at E:\github\trusthire\tests\basic-functionality.spec.ts:51:42

    attachment #1: screenshot (image/png) ──────────────────────────────────────────────────────────
    ..\test-results\basic-functionality-TrustH-7eabf-y-scan-pages-are-accessible-Mobile-Chrome\test-failed-1.png
    ────────────────────────────────────────────────────────────────────────────────────────────────

    attachment #2: video (video/webm) ──────────────────────────────────────────────────────────────
    ..\test-results\basic-functionality-TrustH-7eabf-y-scan-pages-are-accessible-Mobile-Chrome\video.webm
    ────────────────────────────────────────────────────────────────────────────────────────────────

    Error Context: ..\test-results\basic-functionality-TrustH-7eabf-y-scan-pages-are-accessible-Mobile-Chrome\error-context.md
]]>
</failure>
</testcase>
<testcase name="TrustHire Basic Functionality › intelligence page loads" classname="basic-functionality.spec.ts" time="5.221">
</testcase>
<testcase name="TrustHire Basic Functionality › monitoring page loads" classname="basic-functionality.spec.ts" time="4.255">
</testcase>
<testcase name="TrustHire Basic Functionality › collaboration page loads" classname="basic-functionality.spec.ts" time="9.956">
</testcase>
<testcase name="TrustHire Basic Functionality › agent page loads" classname="basic-functionality.spec.ts" time="8.926">
</testcase>
<testcase name="TrustHire Basic Functionality › responsive design works" classname="basic-functionality.spec.ts" time="33.642">
</testcase>
<testcase name="TrustHire Basic Functionality › API health check" classname="basic-functionality.spec.ts" time="23.539">
</testcase>
<testcase name="TrustHire Basic Functionality › page loads without errors" classname="basic-functionality.spec.ts" time="8.644">
</testcase>
<testcase name="API Endpoints › health endpoint responds" classname="basic-functionality.spec.ts" time="0.587">
<system-out>
<![CDATA[
[[ATTACHMENT|basic-functionality-API-Endpoints-health-endpoint-responds-Mobile-Chrome\error-context.md]]
]]>
</system-out>
<failure message="expect(received).toBe(expected) // Object.is equality" type="expect.toBe">
<![CDATA[  [Mobile Chrome] › basic-functionality.spec.ts:122:7 › API Endpoints › health endpoint responds ───

    Error: expect(received).toBe(expected) // Object.is equality

    Expected: 200
    Received: 503

      122 |   test('health endpoint responds', async ({ request }) => {
      123 |     const response = await request.get('/api/health');
    > 124 |     expect(response.status()).toBe(200);
          |                               ^
      125 |   });
      126 |
      127 |   test('metrics endpoint responds', async ({ request }) => {
        at E:\github\trusthire\tests\basic-functionality.spec.ts:124:31

    Error Context: ..\test-results\basic-functionality-API-Endpoints-health-endpoint-responds-Mobile-Chrome\error-context.md
]]>
</failure>
</testcase>
<testcase name="API Endpoints › metrics endpoint responds" classname="basic-functionality.spec.ts" time="0.874">
</testcase>
<testcase name="API Endpoints › patterns endpoint responds" classname="basic-functionality.spec.ts" time="0.312">
</testcase>
<testcase name="Security Features › no sensitive data in page source" classname="basic-functionality.spec.ts" time="1.981">
</testcase>
<testcase name="Security Features › security headers are present" classname="basic-functionality.spec.ts" time="1.981">
<system-out>
<![CDATA[
[[ATTACHMENT|basic-functionality-Securi-eeb00-ecurity-headers-are-present-Mobile-Chrome\test-failed-1.png]]

[[ATTACHMENT|basic-functionality-Securi-eeb00-ecurity-headers-are-present-Mobile-Chrome\video.webm]]

[[ATTACHMENT|basic-functionality-Securi-eeb00-ecurity-headers-are-present-Mobile-Chrome\error-context.md]]
]]>
</system-out>
<failure message="expect(received).toBeTruthy()" type="expect.toBeTruthy">
<![CDATA[  [Mobile Chrome] › basic-functionality.spec.ts:151:7 › Security Features › security headers are present 

    Error: expect(received).toBeTruthy()

    Received: undefined

      154 |     
      155 |     // Check for security headers
    > 156 |     expect(headers?.['x-frame-options']).toBeTruthy();
          |                                          ^
      157 |     expect(headers?.['x-content-type-options']).toBeTruthy();
      158 |   });
      159 |
        at E:\github\trusthire\tests\basic-functionality.spec.ts:156:42

    attachment #1: screenshot (image/png) ──────────────────────────────────────────────────────────
    ..\test-results\basic-functionality-Securi-eeb00-ecurity-headers-are-present-Mobile-Chrome\test-failed-1.png
    ────────────────────────────────────────────────────────────────────────────────────────────────

    attachment #2: video (video/webm) ──────────────────────────────────────────────────────────────
    ..\test-results\basic-functionality-Securi-eeb00-ecurity-headers-are-present-Mobile-Chrome\video.webm
    ────────────────────────────────────────────────────────────────────────────────────────────────

    Error Context: ..\test-results\basic-functionality-Securi-eeb00-ecurity-headers-are-present-Mobile-Chrome\error-context.md
]]>
</failure>
</testcase>
<testcase name="Security Features › forms have CSRF protection" classname="basic-functionality.spec.ts" time="1.555">
</testcase>
</testsuite>
<testsuite name="security.spec.ts" timestamp="2026-04-20T10:48:01.632Z" hostname="Mobile Chrome" tests="19" failures="8" skipped="0" time="59.617" errors="0">
<testcase name="Security Features › no sensitive data in page source" classname="security.spec.ts" time="2.349">
</testcase>
<testcase name="Security Features › security headers are present" classname="security.spec.ts" time="3.969">
<system-out>
<![CDATA[
[[ATTACHMENT|security-Security-Features-security-headers-are-present-Mobile-Chrome\test-failed-1.png]]

[[ATTACHMENT|security-Security-Features-security-headers-are-present-Mobile-Chrome\video.webm]]

[[ATTACHMENT|security-Security-Features-security-headers-are-present-Mobile-Chrome\error-context.md]]
]]>
</system-out>
<failure message="expect(received).toBeTruthy()" type="expect.toBeTruthy">
<![CDATA[  [Mobile Chrome] › security.spec.ts:28:7 › Security Features › security headers are present ───────

    Error: expect(received).toBeTruthy()

    Received: undefined

      31 |     
      32 |     // Check for security headers
    > 33 |     expect(headers?.['x-frame-options']).toBeTruthy();
         |                                          ^
      34 |     expect(headers?.['x-content-type-options']).toBeTruthy();
      35 |     expect(headers?.['x-xss-protection']).toBeTruthy();
      36 |     expect(headers?.['referrer-policy']).toBeTruthy();
        at E:\github\trusthire\tests\security.spec.ts:33:42

    attachment #1: screenshot (image/png) ──────────────────────────────────────────────────────────
    ..\test-results\security-Security-Features-security-headers-are-present-Mobile-Chrome\test-failed-1.png
    ────────────────────────────────────────────────────────────────────────────────────────────────

    attachment #2: video (video/webm) ──────────────────────────────────────────────────────────────
    ..\test-results\security-Security-Features-security-headers-are-present-Mobile-Chrome\video.webm
    ────────────────────────────────────────────────────────────────────────────────────────────────

    Error Context: ..\test-results\security-Security-Features-security-headers-are-present-Mobile-Chrome\error-context.md
]]>
</failure>
</testcase>
<testcase name="Security Features › forms have CSRF protection" classname="security.spec.ts" time="9.862">
</testcase>
<testcase name="Security Features › input validation works" classname="security.spec.ts" time="1.547">
</testcase>
<testcase name="Security Features › rate limiting works" classname="security.spec.ts" time="1.286">
<system-out>
<![CDATA[
[[ATTACHMENT|security-Security-Features-rate-limiting-works-Mobile-Chrome\error-context.md]]
]]>
</system-out>
<failure message="expect(received).toBeGreaterThan(expected)" type="expect.toBeGreaterThan">
<![CDATA[  [Mobile Chrome] › security.spec.ts:78:7 › Security Features › rate limiting works ────────────────

    Error: expect(received).toBeGreaterThan(expected)

    Expected: > 0
    Received:   0

      90 |     const rateLimitedCount = responses.filter(r => r.status() === 429).length;
      91 |     
    > 92 |     expect(successCount).toBeGreaterThan(0);
         |                          ^
      93 |     // Rate limiting should kick in after several requests
      94 |     expect(rateLimitedCount).toBeGreaterThanOrEqual(0);
      95 |   });
        at E:\github\trusthire\tests\security.spec.ts:92:26

    Error Context: ..\test-results\security-Security-Features-rate-limiting-works-Mobile-Chrome\error-context.md
]]>
</failure>
</testcase>
<testcase name="Security Features › authentication endpoints are secure" classname="security.spec.ts" time="0.431">
</testcase>
<testcase name="Security Features › file upload restrictions" classname="security.spec.ts" time="2.164">
</testcase>
<testcase name="Security Features › SQL injection protection" classname="security.spec.ts" time="5.639">
</testcase>
<testcase name="Security Features › XSS protection" classname="security.spec.ts" time="2.394">
</testcase>
<testcase name="Security Features › session security" classname="security.spec.ts" time="6.054">
</testcase>
<testcase name="Security Features › error handling does not leak information" classname="security.spec.ts" time="0.185">
</testcase>
<testcase name="Security Features › content security policy" classname="security.spec.ts" time="6.066">
</testcase>
<testcase name="Security Features › HTTPS enforcement" classname="security.spec.ts" time="5.033">
<system-out>
<![CDATA[
[[ATTACHMENT|security-Security-Features-HTTPS-enforcement-Mobile-Chrome\test-failed-1.png]]

[[ATTACHMENT|security-Security-Features-HTTPS-enforcement-Mobile-Chrome\video.webm]]

[[ATTACHMENT|security-Security-Features-HTTPS-enforcement-Mobile-Chrome\error-context.md]]
]]>
</system-out>
<failure message="expect(received).toBeTruthy()" type="expect.toBeTruthy">
<![CDATA[  [Mobile Chrome] › security.spec.ts:261:7 › Security Features › HTTPS enforcement ─────────────────

    Error: expect(received).toBeTruthy()

    Received: undefined

      265 |     
      266 |     // Should have HSTS header
    > 267 |     expect(hsts).toBeTruthy();
          |                  ^
      268 |     expect(hsts).toMatch(/max-age=/);
      269 |     expect(hsts).toMatch(/includeSubDomains/);
      270 |   });
        at E:\github\trusthire\tests\security.spec.ts:267:18

    attachment #1: screenshot (image/png) ──────────────────────────────────────────────────────────
    ..\test-results\security-Security-Features-HTTPS-enforcement-Mobile-Chrome\test-failed-1.png
    ────────────────────────────────────────────────────────────────────────────────────────────────

    attachment #2: video (video/webm) ──────────────────────────────────────────────────────────────
    ..\test-results\security-Security-Features-HTTPS-enforcement-Mobile-Chrome\video.webm
    ────────────────────────────────────────────────────────────────────────────────────────────────

    Error Context: ..\test-results\security-Security-Features-HTTPS-enforcement-Mobile-Chrome\error-context.md
]]>
</failure>
</testcase>
<testcase name="Security Features › access control" classname="security.spec.ts" time="4.943">
<system-out>
<![CDATA[
[[ATTACHMENT|security-Security-Features-access-control-Mobile-Chrome\test-failed-1.png]]

[[ATTACHMENT|security-Security-Features-access-control-Mobile-Chrome\video.webm]]

[[ATTACHMENT|security-Security-Features-access-control-Mobile-Chrome\error-context.md]]
]]>
</system-out>
<failure message="expect(received).toMatch(expected)" type="expect.toMatch">
<![CDATA[  [Mobile Chrome] › security.spec.ts:272:7 › Security Features › access control ────────────────────

    Error: expect(received).toMatch(expected)

    Expected pattern: /(login|access.denied|unauthorized)/i
    Received string:  "http://localhost:3000/admin"

      283 |       // Should either redirect to login or show access denied
      284 |       const url = page.url();
    > 285 |       expect(url).toMatch(/(login|access.denied|unauthorized)/i);
          |                   ^
      286 |     }
      287 |   });
      288 |
        at E:\github\trusthire\tests\security.spec.ts:285:19

    attachment #1: screenshot (image/png) ──────────────────────────────────────────────────────────
    ..\test-results\security-Security-Features-access-control-Mobile-Chrome\test-failed-1.png
    ────────────────────────────────────────────────────────────────────────────────────────────────

    attachment #2: video (video/webm) ──────────────────────────────────────────────────────────────
    ..\test-results\security-Security-Features-access-control-Mobile-Chrome\video.webm
    ────────────────────────────────────────────────────────────────────────────────────────────────

    Error Context: ..\test-results\security-Security-Features-access-control-Mobile-Chrome\error-context.md
]]>
</failure>
</testcase>
<testcase name="Security Features › input sanitization" classname="security.spec.ts" time="2.76">
</testcase>
<testcase name="API Security › API endpoints have proper authentication" classname="security.spec.ts" time="2.847">
<system-out>
<![CDATA[
[[ATTACHMENT|security-API-Security-API--fa151--have-proper-authentication-Mobile-Chrome\error-context.md]]
]]>
</system-out>
<failure message="expect(received).toContain(expected) // indexOf" type="expect.toContain">
<![CDATA[  [Mobile Chrome] › security.spec.ts:316:7 › API Security › API endpoints have proper authentication 

    Error: expect(received).toContain(expected) // indexOf

    Expected value: 400
    Received array: [401, 403]

      327 |       
      328 |       // Should require authentication
    > 329 |       expect([401, 403]).toContain(response.status());
          |                          ^
      330 |     }
      331 |   });
      332 |
        at E:\github\trusthire\tests\security.spec.ts:329:26

    Error Context: ..\test-results\security-API-Security-API--fa151--have-proper-authentication-Mobile-Chrome\error-context.md
]]>
</failure>
</testcase>
<testcase name="API Security › API rate limiting" classname="security.spec.ts" time="1.213">
<system-out>
<![CDATA[
[[ATTACHMENT|security-API-Security-API-rate-limiting-Mobile-Chrome\error-context.md]]
]]>
</system-out>
<failure message="expect(received).toBeGreaterThan(expected)" type="expect.toBeGreaterThan">
<![CDATA[  [Mobile Chrome] › security.spec.ts:333:7 › API Security › API rate limiting ──────────────────────

    Error: expect(received).toBeGreaterThan(expected)

    Expected: > 0
    Received:   0

      344 |     // Should have rate limiting after several requests
      345 |     const rateLimitedCount = responses.filter(r => r.status() === 429).length;
    > 346 |     expect(rateLimitedCount).toBeGreaterThan(0);
          |                              ^
      347 |   });
      348 |
      349 |   test('API input validation', async ({ request }) => {
        at E:\github\trusthire\tests\security.spec.ts:346:30

    Error Context: ..\test-results\security-API-Security-API-rate-limiting-Mobile-Chrome\error-context.md
]]>
</failure>
</testcase>
<testcase name="API Security › API input validation" classname="security.spec.ts" time="0.108">
<system-out>
<![CDATA[
[[ATTACHMENT|security-API-Security-API-input-validation-Mobile-Chrome\error-context.md]]
]]>
</system-out>
<failure message="expect(received).toContain(expected) // indexOf" type="expect.toContain">
<![CDATA[  [Mobile Chrome] › security.spec.ts:349:7 › API Security › API input validation ───────────────────

    Error: expect(received).toContain(expected) // indexOf

    Expected value: 500
    Received array: [400, 413, 422]

      363 |       
      364 |       // Should handle invalid data gracefully
    > 365 |       expect([400, 413, 422]).toContain(response.status());
          |                               ^
      366 |       
      367 |       // Should not leak sensitive information
      368 |       if (response.status() >= 400) {
        at E:\github\trusthire\tests\security.spec.ts:365:31

    Error Context: ..\test-results\security-API-Security-API-input-validation-Mobile-Chrome\error-context.md
]]>
</failure>
</testcase>
<testcase name="API Security › API response headers" classname="security.spec.ts" time="0.767">
<system-out>
<![CDATA[
[[ATTACHMENT|security-API-Security-API-response-headers-Mobile-Chrome\error-context.md]]
]]>
</system-out>
<failure message="expect(received).toBe(expected) // Object.is equality" type="expect.toBe">
<![CDATA[  [Mobile Chrome] › security.spec.ts:376:7 › API Security › API response headers ───────────────────

    Error: expect(received).toBe(expected) // Object.is equality

    Expected: "nosniff"
    Received: undefined

      379 |     
      380 |     // Should have security headers
    > 381 |     expect(headers['x-content-type-options']).toBe('nosniff');
          |                                               ^
      382 |     expect(headers['x-frame-options']).toBeTruthy();
      383 |     expect(headers['x-xss-protection']).toBeTruthy();
      384 |   });
        at E:\github\trusthire\tests\security.spec.ts:381:47

    Error Context: ..\test-results\security-API-Security-API-response-headers-Mobile-Chrome\error-context.md
]]>
</failure>
</testcase>
</testsuite>
<testsuite name="autonomous-agent.spec.ts" timestamp="2026-04-20T10:48:01.632Z" hostname="Mobile Safari" tests="27" failures="8" skipped="0" time="124.508" errors="4">
<testcase name="Autonomous Agent › agent page loads correctly" classname="autonomous-agent.spec.ts" time="2.351">
</testcase>
<testcase name="Autonomous Agent › agent control panel is visible" classname="autonomous-agent.spec.ts" time="3.104">
</testcase>
<testcase name="Autonomous Agent › agent personality tab works" classname="autonomous-agent.spec.ts" time="9.144">
<system-out>
<![CDATA[
[[ATTACHMENT|autonomous-agent-Autonomou-8f04e-agent-personality-tab-works-Mobile-Safari\test-failed-1.png]]

[[ATTACHMENT|autonomous-agent-Autonomou-8f04e-agent-personality-tab-works-Mobile-Safari\video.webm]]

[[ATTACHMENT|autonomous-agent-Autonomou-8f04e-agent-personality-tab-works-Mobile-Safari\error-context.md]]
]]>
</system-out>
<failure message="expect(locator).toBeVisible() failed" type="expect.toBeVisible">
<![CDATA[  [Mobile Safari] › autonomous-agent.spec.ts:25:7 › Autonomous Agent › agent personality tab works ─

    Error: expect(locator).toBeVisible() failed

    Locator: locator('text=Agent Personality')
    Expected: visible
    Timeout: 5000ms
    Error: element(s) not found

    Call log:
      - Expect "toBeVisible" with timeout 5000ms
      - waiting for locator('text=Agent Personality')


      25 |   test('agent personality tab works', async ({ page }) => {
      26 |     await page.click('text=Personality');
    > 27 |     await expect(page.locator('text=Agent Personality')).toBeVisible();
         |                                                          ^
      28 |     await expect(page.locator('text=Basic Information')).toBeVisible();
      29 |     await expect(page.locator('text=Personality Traits')).toBeVisible();
      30 |   });
        at E:\github\trusthire\tests\autonomous-agent.spec.ts:27:58

    attachment #1: screenshot (image/png) ──────────────────────────────────────────────────────────
    ..\test-results\autonomous-agent-Autonomou-8f04e-agent-personality-tab-works-Mobile-Safari\test-failed-1.png
    ────────────────────────────────────────────────────────────────────────────────────────────────

    attachment #2: video (video/webm) ──────────────────────────────────────────────────────────────
    ..\test-results\autonomous-agent-Autonomou-8f04e-agent-personality-tab-works-Mobile-Safari\video.webm
    ────────────────────────────────────────────────────────────────────────────────────────────────

    Error Context: ..\test-results\autonomous-agent-Autonomou-8f04e-agent-personality-tab-works-Mobile-Safari\error-context.md
]]>
</failure>
</testcase>
<testcase name="Autonomous Agent › agent memory tab works" classname="autonomous-agent.spec.ts" time="8.014">
<system-out>
<![CDATA[
[[ATTACHMENT|autonomous-agent-Autonomous-Agent-agent-memory-tab-works-Mobile-Safari\test-failed-1.png]]

[[ATTACHMENT|autonomous-agent-Autonomous-Agent-agent-memory-tab-works-Mobile-Safari\video.webm]]

[[ATTACHMENT|autonomous-agent-Autonomous-Agent-agent-memory-tab-works-Mobile-Safari\error-context.md]]
]]>
</system-out>
<failure message="expect(locator).toBeVisible() failed" type="expect.toBeVisible">
<![CDATA[  [Mobile Safari] › autonomous-agent.spec.ts:32:7 › Autonomous Agent › agent memory tab works ──────

    Error: expect(locator).toBeVisible() failed

    Locator: locator('text=Agent Memory')
    Expected: visible
    Timeout: 5000ms
    Error: element(s) not found

    Call log:
      - Expect "toBeVisible" with timeout 5000ms
      - waiting for locator('text=Agent Memory')


      32 |   test('agent memory tab works', async ({ page }) => {
      33 |     await page.click('text=Memory');
    > 34 |     await expect(page.locator('text=Agent Memory')).toBeVisible();
         |                                                     ^
      35 |     await expect(page.locator('text=Short-term Memory')).toBeVisible();
      36 |     await expect(page.locator('text=Long-term Memory')).toBeVisible();
      37 |     await expect(page.locator('text=Episodic Memory')).toBeVisible();
        at E:\github\trusthire\tests\autonomous-agent.spec.ts:34:53

    attachment #1: screenshot (image/png) ──────────────────────────────────────────────────────────
    ..\test-results\autonomous-agent-Autonomous-Agent-agent-memory-tab-works-Mobile-Safari\test-failed-1.png
    ────────────────────────────────────────────────────────────────────────────────────────────────

    attachment #2: video (video/webm) ──────────────────────────────────────────────────────────────
    ..\test-results\autonomous-agent-Autonomous-Agent-agent-memory-tab-works-Mobile-Safari\video.webm
    ────────────────────────────────────────────────────────────────────────────────────────────────

    Error Context: ..\test-results\autonomous-agent-Autonomous-Agent-agent-memory-tab-works-Mobile-Safari\error-context.md
]]>
</failure>
</testcase>
<testcase name="Autonomous Agent › agent analytics tab works" classname="autonomous-agent.spec.ts" time="2.907">
<system-out>
<![CDATA[
[[ATTACHMENT|autonomous-agent-Autonomous-Agent-agent-analytics-tab-works-Mobile-Safari\test-failed-1.png]]

[[ATTACHMENT|autonomous-agent-Autonomous-Agent-agent-analytics-tab-works-Mobile-Safari\video.webm]]

[[ATTACHMENT|autonomous-agent-Autonomous-Agent-agent-analytics-tab-works-Mobile-Safari\error-context.md]]
]]>
</system-out>
<failure message="expect(locator).toBeVisible() failed" type="expect.toBeVisible">
<![CDATA[  [Mobile Safari] › autonomous-agent.spec.ts:40:7 › Autonomous Agent › agent analytics tab works ───

    Error: expect(locator).toBeVisible() failed

    Locator: locator('text=Performance Metrics')
    Expected: visible
    Error: strict mode violation: locator('text=Performance Metrics') resolved to 2 elements:
        1) <p class="text-sm text-muted-foreground">Performance metrics and analytics for the autonom…</p> aka getByText('Performance metrics and')
        2) <h4 class="font-medium mb-4">Performance Metrics</h4> aka getByRole('heading', { name: 'Performance Metrics' })

    Call log:
      - Expect "toBeVisible" with timeout 5000ms
      - waiting for locator('text=Performance Metrics')


      41 |     await page.click('text=Analytics');
      42 |     await expect(page.locator('text=Agent Analytics')).toBeVisible();
    > 43 |     await expect(page.locator('text=Performance Metrics')).toBeVisible();
         |                                                            ^
      44 |     await expect(page.locator('text=Activity Timeline')).toBeVisible();
      45 |   });
      46 |
        at E:\github\trusthire\tests\autonomous-agent.spec.ts:43:60

    attachment #1: screenshot (image/png) ──────────────────────────────────────────────────────────
    ..\test-results\autonomous-agent-Autonomous-Agent-agent-analytics-tab-works-Mobile-Safari\test-failed-1.png
    ────────────────────────────────────────────────────────────────────────────────────────────────

    attachment #2: video (video/webm) ──────────────────────────────────────────────────────────────
    ..\test-results\autonomous-agent-Autonomous-Agent-agent-analytics-tab-works-Mobile-Safari\video.webm
    ────────────────────────────────────────────────────────────────────────────────────────────────

    Error Context: ..\test-results\autonomous-agent-Autonomous-Agent-agent-analytics-tab-works-Mobile-Safari\error-context.md
]]>
</failure>
</testcase>
<testcase name="Autonomous Agent › agent status displays correctly" classname="autonomous-agent.spec.ts" time="7.531">
<system-out>
<![CDATA[
[[ATTACHMENT|autonomous-agent-Autonomou-806bf-t-status-displays-correctly-Mobile-Safari\test-failed-1.png]]

[[ATTACHMENT|autonomous-agent-Autonomou-806bf-t-status-displays-correctly-Mobile-Safari\video.webm]]

[[ATTACHMENT|autonomous-agent-Autonomou-806bf-t-status-displays-correctly-Mobile-Safari\error-context.md]]
]]>
</system-out>
<failure message="expect(locator).toBeVisible() failed" type="expect.toBeVisible">
<![CDATA[  [Mobile Safari] › autonomous-agent.spec.ts:47:7 › Autonomous Agent › agent status displays correctly 

    Error: expect(locator).toBeVisible() failed

    Locator: locator('[data-testid="agent-status"]')
    Expected: visible
    Timeout: 5000ms
    Error: element(s) not found

    Call log:
      - Expect "toBeVisible" with timeout 5000ms
      - waiting for locator('[data-testid="agent-status"]')


      47 |   test('agent status displays correctly', async ({ page }) => {
      48 |     // Check if status badges are visible
    > 49 |     await expect(page.locator('[data-testid="agent-status"]')).toBeVisible();
         |                                                                ^
      50 |     await expect(page.locator('[data-testid="agent-name"]')).toBeVisible();
      51 |   });
      52 |
        at E:\github\trusthire\tests\autonomous-agent.spec.ts:49:64

    attachment #1: screenshot (image/png) ──────────────────────────────────────────────────────────
    ..\test-results\autonomous-agent-Autonomou-806bf-t-status-displays-correctly-Mobile-Safari\test-failed-1.png
    ────────────────────────────────────────────────────────────────────────────────────────────────

    attachment #2: video (video/webm) ──────────────────────────────────────────────────────────────
    ..\test-results\autonomous-agent-Autonomou-806bf-t-status-displays-correctly-Mobile-Safari\video.webm
    ────────────────────────────────────────────────────────────────────────────────────────────────

    Error Context: ..\test-results\autonomous-agent-Autonomou-806bf-t-status-displays-correctly-Mobile-Safari\error-context.md
]]>
</failure>
</testcase>
<testcase name="Autonomous Agent › add task functionality works" classname="autonomous-agent.spec.ts" time="8.181">
<system-out>
<![CDATA[
[[ATTACHMENT|autonomous-agent-Autonomou-b019d-dd-task-functionality-works-Mobile-Safari\test-failed-1.png]]

[[ATTACHMENT|autonomous-agent-Autonomou-b019d-dd-task-functionality-works-Mobile-Safari\video.webm]]

[[ATTACHMENT|autonomous-agent-Autonomou-b019d-dd-task-functionality-works-Mobile-Safari\error-context.md]]
]]>
</system-out>
<failure message="expect(locator).toBeVisible() failed" type="expect.toBeVisible">
<![CDATA[  [Mobile Safari] › autonomous-agent.spec.ts:53:7 › Autonomous Agent › add task functionality works 

    Error: expect(locator).toBeVisible() failed

    Locator: locator('select[name="taskType"]')
    Expected: visible
    Timeout: 5000ms
    Error: element(s) not found

    Call log:
      - Expect "toBeVisible" with timeout 5000ms
      - waiting for locator('select[name="taskType"]')


      55 |     
      56 |     // Check if task type dropdown is visible
    > 57 |     await expect(page.locator('select[name="taskType"]')).toBeVisible();
         |                                                           ^
      58 |     
      59 |     // Check if priority dropdown is visible
      60 |     await expect(page.locator('select[name="priority"]')).toBeVisible();
        at E:\github\trusthire\tests\autonomous-agent.spec.ts:57:59

    attachment #1: screenshot (image/png) ──────────────────────────────────────────────────────────
    ..\test-results\autonomous-agent-Autonomou-b019d-dd-task-functionality-works-Mobile-Safari\test-failed-1.png
    ────────────────────────────────────────────────────────────────────────────────────────────────

    attachment #2: video (video/webm) ──────────────────────────────────────────────────────────────
    ..\test-results\autonomous-agent-Autonomou-b019d-dd-task-functionality-works-Mobile-Safari\video.webm
    ────────────────────────────────────────────────────────────────────────────────────────────────

    Error Context: ..\test-results\autonomous-agent-Autonomou-b019d-dd-task-functionality-works-Mobile-Safari\error-context.md
]]>
</failure>
</testcase>
<testcase name="Autonomous Agent › custom command input works" classname="autonomous-agent.spec.ts" time="3.06">
</testcase>
<testcase name="Autonomous Agent › agent statistics display" classname="autonomous-agent.spec.ts" time="2.478">
</testcase>
<testcase name="Autonomous Agent › agent capabilities are displayed" classname="autonomous-agent.spec.ts" time="2.459">
<system-out>
<![CDATA[
[[ATTACHMENT|autonomous-agent-Autonomou-e86ed--capabilities-are-displayed-Mobile-Safari\test-failed-1.png]]

[[ATTACHMENT|autonomous-agent-Autonomou-e86ed--capabilities-are-displayed-Mobile-Safari\video.webm]]

[[ATTACHMENT|autonomous-agent-Autonomou-e86ed--capabilities-are-displayed-Mobile-Safari\error-context.md]]
]]>
</system-out>
<failure message="expect(locator).toBeVisible() failed" type="expect.toBeVisible">
<![CDATA[  [Mobile Safari] › autonomous-agent.spec.ts:78:7 › Autonomous Agent › agent capabilities are displayed 

    Error: expect(locator).toBeVisible() failed

    Locator: locator('text=Capabilities')
    Expected: visible
    Error: strict mode violation: locator('text=Capabilities') resolved to 2 elements:
        1) <p class="text-xl text-gray-600 max-w-2xl mx-auto">Advanced AI agent with personality, memory, and a…</p> aka getByText('Advanced AI agent with personality, memory, and autonomous security analysis')
        2) <p class="text-muted-foreground">Advanced AI agent with personality, memory, and a…</p> aka getByText('Advanced AI agent with personality, memory, and autonomous capabilities')

    Call log:
      - Expect "toBeVisible" with timeout 5000ms
      - waiting for locator('text=Capabilities')


      78 |   test('agent capabilities are displayed', async ({ page }) => {
      79 |     await page.click('text=Personality');
    > 80 |     await expect(page.locator('text=Capabilities')).toBeVisible();
         |                                                     ^
      81 |     
      82 |     // Check for specific capabilities
      83 |     await expect(page.locator('text=autonomous_analysis')).toBeVisible();
        at E:\github\trusthire\tests\autonomous-agent.spec.ts:80:53

    attachment #1: screenshot (image/png) ──────────────────────────────────────────────────────────
    ..\test-results\autonomous-agent-Autonomou-e86ed--capabilities-are-displayed-Mobile-Safari\test-failed-1.png
    ────────────────────────────────────────────────────────────────────────────────────────────────

    attachment #2: video (video/webm) ──────────────────────────────────────────────────────────────
    ..\test-results\autonomous-agent-Autonomou-e86ed--capabilities-are-displayed-Mobile-Safari\video.webm
    ────────────────────────────────────────────────────────────────────────────────────────────────

    Error Context: ..\test-results\autonomous-agent-Autonomou-e86ed--capabilities-are-displayed-Mobile-Safari\error-context.md
]]>
</failure>
</testcase>
<testcase name="Autonomous Agent API › agent status endpoint responds" classname="autonomous-agent.spec.ts" time="0.09">
</testcase>
<testcase name="Autonomous Agent API › agent personality endpoint responds" classname="autonomous-agent.spec.ts" time="0.048">
</testcase>
<testcase name="Autonomous Agent API › agent memory endpoint responds" classname="autonomous-agent.spec.ts" time="0.031">
</testcase>
<testcase name="Autonomous Agent API › agent statistics endpoint responds" classname="autonomous-agent.spec.ts" time="0.027">
</testcase>
<testcase name="Autonomous Agent API › agent capabilities endpoint responds" classname="autonomous-agent.spec.ts" time="0.025">
</testcase>
<testcase name="Autonomous Agent API › start agent endpoint works" classname="autonomous-agent.spec.ts" time="0.032">
</testcase>
<testcase name="Autonomous Agent API › stop agent endpoint works" classname="autonomous-agent.spec.ts" time="0.029">
</testcase>
<testcase name="Autonomous Agent API › add task endpoint works" classname="autonomous-agent.spec.ts" time="0.032">
</testcase>
<testcase name="Autonomous Agent API › custom command endpoint works" classname="autonomous-agent.spec.ts" time="0.041">
</testcase>
<testcase name="Autonomous Agent API › update personality endpoint works" classname="autonomous-agent.spec.ts" time="0.04">
</testcase>
<testcase name="Autonomous Agent Integration › agent integrates with Mistral AI" classname="autonomous-agent.spec.ts" time="17.379">
<system-out>
<![CDATA[
[[ATTACHMENT|autonomous-agent-Autonomou-018f8--integrates-with-Mistral-AI-Mobile-Safari\test-failed-1.png]]

[[ATTACHMENT|autonomous-agent-Autonomou-018f8--integrates-with-Mistral-AI-Mobile-Safari\video.webm]]

[[ATTACHMENT|autonomous-agent-Autonomou-018f8--integrates-with-Mistral-AI-Mobile-Safari\error-context.md]]
]]>
</system-out>
<error message="page.selectOption: Timeout 10000ms exceeded." type="TimeoutError">
<![CDATA[  [Mobile Safari] › autonomous-agent.spec.ts:217:7 › Autonomous Agent Integration › agent integrates with Mistral AI 

    TimeoutError: page.selectOption: Timeout 10000ms exceeded.
    Call log:
      - waiting for locator('select[name="taskType"]')


      226 |     // Add a task that requires AI analysis
      227 |     await page.click('text=Add Task');
    > 228 |     await page.selectOption('select[name="taskType"]', 'security_analysis');
          |                ^
      229 |     await page.selectOption('select[name="priority"]', 'high');
      230 |     await page.click('button:has-text("Add Task")');
      231 |     
        at E:\github\trusthire\tests\autonomous-agent.spec.ts:228:16

    attachment #1: screenshot (image/png) ──────────────────────────────────────────────────────────
    ..\test-results\autonomous-agent-Autonomou-018f8--integrates-with-Mistral-AI-Mobile-Safari\test-failed-1.png
    ────────────────────────────────────────────────────────────────────────────────────────────────

    attachment #2: video (video/webm) ──────────────────────────────────────────────────────────────
    ..\test-results\autonomous-agent-Autonomou-018f8--integrates-with-Mistral-AI-Mobile-Safari\video.webm
    ────────────────────────────────────────────────────────────────────────────────────────────────

    Error Context: ..\test-results\autonomous-agent-Autonomou-018f8--integrates-with-Mistral-AI-Mobile-Safari\error-context.md
]]>
</error>
</testcase>
<testcase name="Autonomous Agent Integration › agent memory systems work" classname="autonomous-agent.spec.ts" time="8.49">
<system-out>
<![CDATA[
[[ATTACHMENT|autonomous-agent-Autonomou-d68c6-n-agent-memory-systems-work-Mobile-Safari\test-failed-1.png]]

[[ATTACHMENT|autonomous-agent-Autonomou-d68c6-n-agent-memory-systems-work-Mobile-Safari\video.webm]]

[[ATTACHMENT|autonomous-agent-Autonomou-d68c6-n-agent-memory-systems-work-Mobile-Safari\error-context.md]]
]]>
</system-out>
<failure message="expect(locator).toBeVisible() failed" type="expect.toBeVisible">
<![CDATA[  [Mobile Safari] › autonomous-agent.spec.ts:240:7 › Autonomous Agent Integration › agent memory systems work 

    Error: expect(locator).toBeVisible() failed

    Locator: locator('text=Short-term Memory')
    Expected: visible
    Timeout: 5000ms
    Error: element(s) not found

    Call log:
      - Expect "toBeVisible" with timeout 5000ms
      - waiting for locator('text=Short-term Memory')


      243 |     
      244 |     // Check if memory sections are visible
    > 245 |     await expect(page.locator('text=Short-term Memory')).toBeVisible();
          |                                                          ^
      246 |     await expect(page.locator('text=Long-term Memory')).toBeVisible();
      247 |     await expect(page.locator('text=Episodic Memory')).toBeVisible();
      248 |     
        at E:\github\trusthire\tests\autonomous-agent.spec.ts:245:58

    attachment #1: screenshot (image/png) ──────────────────────────────────────────────────────────
    ..\test-results\autonomous-agent-Autonomou-d68c6-n-agent-memory-systems-work-Mobile-Safari\test-failed-1.png
    ────────────────────────────────────────────────────────────────────────────────────────────────

    attachment #2: video (video/webm) ──────────────────────────────────────────────────────────────
    ..\test-results\autonomous-agent-Autonomou-d68c6-n-agent-memory-systems-work-Mobile-Safari\video.webm
    ────────────────────────────────────────────────────────────────────────────────────────────────

    Error Context: ..\test-results\autonomous-agent-Autonomou-d68c6-n-agent-memory-systems-work-Mobile-Safari\error-context.md
]]>
</failure>
</testcase>
<testcase name="Autonomous Agent Integration › agent learning functionality works" classname="autonomous-agent.spec.ts" time="12.824">
<system-out>
<![CDATA[
[[ATTACHMENT|autonomous-agent-Autonomou-19a8c-earning-functionality-works-Mobile-Safari\test-failed-1.png]]

[[ATTACHMENT|autonomous-agent-Autonomou-19a8c-earning-functionality-works-Mobile-Safari\video.webm]]

[[ATTACHMENT|autonomous-agent-Autonomou-19a8c-earning-functionality-works-Mobile-Safari\error-context.md]]
]]>
</system-out>
<error message="page.selectOption: Timeout 10000ms exceeded." type="TimeoutError">
<![CDATA[  [Mobile Safari] › autonomous-agent.spec.ts:255:7 › Autonomous Agent Integration › agent learning functionality works 

    TimeoutError: page.selectOption: Timeout 10000ms exceeded.
    Call log:
      - waiting for locator('select[name="taskType"]')


      258 |     // Add a learning task
      259 |     await page.click('text=Add Task');
    > 260 |     await page.selectOption('select[name="taskType"]', 'learning');
          |                ^
      261 |     await page.selectOption('select[name="priority"]', 'medium');
      262 |     await page.click('button:has-text("Add Task")');
      263 |     
        at E:\github\trusthire\tests\autonomous-agent.spec.ts:260:16

    attachment #1: screenshot (image/png) ──────────────────────────────────────────────────────────
    ..\test-results\autonomous-agent-Autonomou-19a8c-earning-functionality-works-Mobile-Safari\test-failed-1.png
    ────────────────────────────────────────────────────────────────────────────────────────────────

    attachment #2: video (video/webm) ──────────────────────────────────────────────────────────────
    ..\test-results\autonomous-agent-Autonomou-19a8c-earning-functionality-works-Mobile-Safari\video.webm
    ────────────────────────────────────────────────────────────────────────────────────────────────

    Error Context: ..\test-results\autonomous-agent-Autonomou-19a8c-earning-functionality-works-Mobile-Safari\error-context.md
]]>
</error>
</testcase>
<testcase name="Autonomous Agent Integration › agent error handling works" classname="autonomous-agent.spec.ts" time="8.485">
<system-out>
<![CDATA[
[[ATTACHMENT|autonomous-agent-Autonomou-48b4c--agent-error-handling-works-Mobile-Safari\test-failed-1.png]]

[[ATTACHMENT|autonomous-agent-Autonomou-48b4c--agent-error-handling-works-Mobile-Safari\video.webm]]

[[ATTACHMENT|autonomous-agent-Autonomou-48b4c--agent-error-handling-works-Mobile-Safari\error-context.md]]
]]>
</system-out>
<failure message="expect(locator).toBeVisible() failed" type="expect.toBeVisible">
<![CDATA[  [Mobile Safari] › autonomous-agent.spec.ts:272:7 › Autonomous Agent Integration › agent error handling works 

    Error: expect(locator).toBeVisible() failed

    Locator: locator('text=Task type is required')
    Expected: visible
    Timeout: 5000ms
    Error: element(s) not found

    Call log:
      - Expect "toBeVisible" with timeout 5000ms
      - waiting for locator('text=Task type is required')


      278 |     
      279 |     // Should show validation error
    > 280 |     await expect(page.locator('text=Task type is required')).toBeVisible();
          |                                                              ^
      281 |   });
      282 | });
      283 |
        at E:\github\trusthire\tests\autonomous-agent.spec.ts:280:62

    attachment #1: screenshot (image/png) ──────────────────────────────────────────────────────────
    ..\test-results\autonomous-agent-Autonomou-48b4c--agent-error-handling-works-Mobile-Safari\test-failed-1.png
    ────────────────────────────────────────────────────────────────────────────────────────────────

    attachment #2: video (video/webm) ──────────────────────────────────────────────────────────────
    ..\test-results\autonomous-agent-Autonomou-48b4c--agent-error-handling-works-Mobile-Safari\video.webm
    ────────────────────────────────────────────────────────────────────────────────────────────────

    Error Context: ..\test-results\autonomous-agent-Autonomou-48b4c--agent-error-handling-works-Mobile-Safari\error-context.md
]]>
</failure>
</testcase>
<testcase name="Autonomous Agent Performance › agent page loads quickly" classname="autonomous-agent.spec.ts" time="1.754">
</testcase>
<testcase name="Autonomous Agent Performance › agent status updates in real-time" classname="autonomous-agent.spec.ts" time="12.571">
<system-out>
<![CDATA[
[[ATTACHMENT|autonomous-agent-Autonomou-25389-status-updates-in-real-time-Mobile-Safari\test-failed-1.png]]

[[ATTACHMENT|autonomous-agent-Autonomou-25389-status-updates-in-real-time-Mobile-Safari\video.webm]]

[[ATTACHMENT|autonomous-agent-Autonomou-25389-status-updates-in-real-time-Mobile-Safari\error-context.md]]
]]>
</system-out>
<error message="page.click: Timeout 10000ms exceeded." type="TimeoutError">
<![CDATA[  [Mobile Safari] › autonomous-agent.spec.ts:295:7 › Autonomous Agent Performance › agent status updates in real-time 

    TimeoutError: page.click: Timeout 10000ms exceeded.
    Call log:
      - waiting for locator('button:has-text("Start Agent")')
        - locator resolved to <button class="inline-flex items-center justify-center whitespace-nowrap rounded-md text-sm font-medium ring-offset-background transition-colors focus-visible:outline-none focus-visible:ring-2 focus-visible:ring-ring focus-visible:ring-offset-2 disabled:pointer-events-none disabled:opacity-50 bg-primary text-primary-foreground hover:bg-primary/90 h-10 px-4 py-2 flex-1">…</button>
      - attempting click action
        2 × waiting for element to be visible, enabled and stable
          - element is not enabled
        - retrying click action
        - waiting 20ms
        2 × waiting for element to be visible, enabled and stable
          - element is not enabled
        - retrying click action
          - waiting 100ms
        11 × waiting for element to be visible, enabled and stable
           - element is not enabled
         - retrying click action
           - waiting 500ms
        - waiting for element to be visible, enabled and stable


      305 |     
      306 |     // Start agent and monitor
    > 307 |     await page.click('button:has-text("Start Agent")');
          |                ^
      308 |     await page.waitForTimeout(10000);
      309 |     
      310 |     // Should have received status updates
        at E:\github\trusthire\tests\autonomous-agent.spec.ts:307:16

    attachment #1: screenshot (image/png) ──────────────────────────────────────────────────────────
    ..\test-results\autonomous-agent-Autonomou-25389-status-updates-in-real-time-Mobile-Safari\test-failed-1.png
    ────────────────────────────────────────────────────────────────────────────────────────────────

    attachment #2: video (video/webm) ──────────────────────────────────────────────────────────────
    ..\test-results\autonomous-agent-Autonomou-25389-status-updates-in-real-time-Mobile-Safari\video.webm
    ────────────────────────────────────────────────────────────────────────────────────────────────

    Error Context: ..\test-results\autonomous-agent-Autonomou-25389-status-updates-in-real-time-Mobile-Safari\error-context.md
]]>
</error>
</testcase>
<testcase name="Autonomous Agent Performance › agent handles multiple concurrent tasks" classname="autonomous-agent.spec.ts" time="13.381">
<system-out>
<![CDATA[
[[ATTACHMENT|autonomous-agent-Autonomou-8353a-s-multiple-concurrent-tasks-Mobile-Safari\test-failed-1.png]]

[[ATTACHMENT|autonomous-agent-Autonomou-8353a-s-multiple-concurrent-tasks-Mobile-Safari\video.webm]]

[[ATTACHMENT|autonomous-agent-Autonomou-8353a-s-multiple-concurrent-tasks-Mobile-Safari\error-context.md]]
]]>
</system-out>
<error message="page.selectOption: Timeout 10000ms exceeded." type="TimeoutError">
<![CDATA[  [Mobile Safari] › autonomous-agent.spec.ts:314:7 › Autonomous Agent Performance › agent handles multiple concurrent tasks 

    TimeoutError: page.selectOption: Timeout 10000ms exceeded.
    Call log:
      - waiting for locator('select[name="taskType"]')


      325 |     for (const task of tasks) {
      326 |       await page.click('text=Add Task');
    > 327 |       await page.selectOption('select[name="taskType"]', task.type);
          |                  ^
      328 |       await page.selectOption('select[name="priority"]', task.priority);
      329 |       await page.click('button:has-text("Add Task")');
      330 |       await page.waitForTimeout(1000);
        at E:\github\trusthire\tests\autonomous-agent.spec.ts:327:18

    attachment #1: screenshot (image/png) ──────────────────────────────────────────────────────────
    ..\test-results\autonomous-agent-Autonomou-8353a-s-multiple-concurrent-tasks-Mobile-Safari\test-failed-1.png
    ────────────────────────────────────────────────────────────────────────────────────────────────

    attachment #2: video (video/webm) ──────────────────────────────────────────────────────────────
    ..\test-results\autonomous-agent-Autonomou-8353a-s-multiple-concurrent-tasks-Mobile-Safari\video.webm
    ────────────────────────────────────────────────────────────────────────────────────────────────

    Error Context: ..\test-results\autonomous-agent-Autonomou-8353a-s-multiple-concurrent-tasks-Mobile-Safari\error-context.md
]]>
</error>
</testcase>
</testsuite>
<testsuite name="basic-functionality.spec.ts" timestamp="2026-04-20T10:48:01.632Z" hostname="Mobile Safari" tests="17" failures="6" skipped="0" time="77.766" errors="1">
<testcase name="TrustHire Basic Functionality › homepage loads correctly" classname="basic-functionality.spec.ts" time="7.943">
<system-out>
<![CDATA[
[[ATTACHMENT|basic-functionality-TrustH-4a122-ty-homepage-loads-correctly-Mobile-Safari\test-failed-1.png]]

[[ATTACHMENT|basic-functionality-TrustH-4a122-ty-homepage-loads-correctly-Mobile-Safari\video.webm]]

[[ATTACHMENT|basic-functionality-TrustH-4a122-ty-homepage-loads-correctly-Mobile-Safari\error-context.md]]
]]>
</system-out>
<failure message="expect(locator).toContainText(expected) failed" type="expect.toContainText">
<![CDATA[  [Mobile Safari] › basic-functionality.spec.ts:13:7 › TrustHire Basic Functionality › homepage loads correctly 

    Error: expect(locator).toContainText(expected) failed

    Locator: locator('h1')
    Expected substring: "TrustHire"
    Received string:    "Stop RecruitmentScam Attacks"
    Timeout: 5000ms

    Call log:
      - Expect "toContainText" with timeout 5000ms
      - waiting for locator('h1')
        8 × locator resolved to <h1 class="text-5xl md:text-6xl font-mono font-bold tracking-tight mb-6">…</h1>
          - unexpected value "Stop RecruitmentScam Attacks"


      13 |   test('homepage loads correctly', async ({ page }) => {
      14 |     await expect(page).toHaveTitle(/TrustHire/);
    > 15 |     await expect(page.locator('h1')).toContainText('TrustHire');
         |                                      ^
      16 |     await expect(page.locator('body')).toBeVisible();
      17 |   });
      18 |
        at E:\github\trusthire\tests\basic-functionality.spec.ts:15:38

    attachment #1: screenshot (image/png) ──────────────────────────────────────────────────────────
    ..\test-results\basic-functionality-TrustH-4a122-ty-homepage-loads-correctly-Mobile-Safari\test-failed-1.png
    ────────────────────────────────────────────────────────────────────────────────────────────────

    attachment #2: video (video/webm) ──────────────────────────────────────────────────────────────
    ..\test-results\basic-functionality-TrustH-4a122-ty-homepage-loads-correctly-Mobile-Safari\video.webm
    ────────────────────────────────────────────────────────────────────────────────────────────────

    Error Context: ..\test-results\basic-functionality-TrustH-4a122-ty-homepage-loads-correctly-Mobile-Safari\error-context.md
]]>
</failure>
</testcase>
<testcase name="TrustHire Basic Functionality › navigation works correctly" classname="basic-functionality.spec.ts" time="12.958">
<system-out>
<![CDATA[
[[ATTACHMENT|basic-functionality-TrustH-82723--navigation-works-correctly-Mobile-Safari\test-failed-1.png]]

[[ATTACHMENT|basic-functionality-TrustH-82723--navigation-works-correctly-Mobile-Safari\video.webm]]

[[ATTACHMENT|basic-functionality-TrustH-82723--navigation-works-correctly-Mobile-Safari\error-context.md]]
]]>
</system-out>
<error message="page.click: Timeout 10000ms exceeded." type="TimeoutError">
<![CDATA[  [Mobile Safari] › basic-functionality.spec.ts:19:7 › TrustHire Basic Functionality › navigation works correctly 

    TimeoutError: page.click: Timeout 10000ms exceeded.
    Call log:
      - waiting for locator('text=Dashboard')
        - locator resolved to 2 elements. Proceeding with the first one: <span>Dashboard</span>
      - attempting click action
        2 × waiting for element to be visible, enabled and stable
          - element is not visible
        - retrying click action
        - waiting 20ms
        2 × waiting for element to be visible, enabled and stable
          - element is not visible
        - retrying click action
          - waiting 100ms
        7 × waiting for element to be visible, enabled and stable
          - element is not visible
        - retrying click action
          - waiting 500ms


      19 |   test('navigation works correctly', async ({ page }) => {
      20 |     // Test navigation to dashboard
    > 21 |     await page.click('text=Dashboard');
         |                ^
      22 |     await expect(page).toHaveURL(/dashboard/);
      23 |     await expect(page.locator('h1')).toContainText('Dashboard');
      24 |
        at E:\github\trusthire\tests\basic-functionality.spec.ts:21:16

    attachment #1: screenshot (image/png) ──────────────────────────────────────────────────────────
    ..\test-results\basic-functionality-TrustH-82723--navigation-works-correctly-Mobile-Safari\test-failed-1.png
    ────────────────────────────────────────────────────────────────────────────────────────────────

    attachment #2: video (video/webm) ──────────────────────────────────────────────────────────────
    ..\test-results\basic-functionality-TrustH-82723--navigation-works-correctly-Mobile-Safari\video.webm
    ────────────────────────────────────────────────────────────────────────────────────────────────

    Error Context: ..\test-results\basic-functionality-TrustH-82723--navigation-works-correctly-Mobile-Safari\error-context.md
]]>
</error>
</testcase>
<testcase name="TrustHire Basic Functionality › assessment page loads" classname="basic-functionality.spec.ts" time="7.452">
<system-out>
<![CDATA[
[[ATTACHMENT|basic-functionality-TrustH-e4555-ality-assessment-page-loads-Mobile-Safari\test-failed-1.png]]

[[ATTACHMENT|basic-functionality-TrustH-e4555-ality-assessment-page-loads-Mobile-Safari\video.webm]]

[[ATTACHMENT|basic-functionality-TrustH-e4555-ality-assessment-page-loads-Mobile-Safari\error-context.md]]
]]>
</system-out>
<failure message="expect(locator).toBeVisible() failed" type="expect.toBeVisible">
<![CDATA[  [Mobile Safari] › basic-functionality.spec.ts:31:7 › TrustHire Basic Functionality › assessment page loads 

    Error: expect(locator).toBeVisible() failed

    Locator: locator('form')
    Expected: visible
    Timeout: 5000ms
    Error: element(s) not found

    Call log:
      - Expect "toBeVisible" with timeout 5000ms
      - waiting for locator('form')


      33 |     
      34 |     // Check if assessment form is present
    > 35 |     await expect(page.locator('form')).toBeVisible();
         |                                        ^
      36 |     await expect(page.locator('input[type="url"]')).toBeVisible();
      37 |     await expect(page.locator('button[type="submit"]')).toBeVisible();
      38 |   });
        at E:\github\trusthire\tests\basic-functionality.spec.ts:35:40

    attachment #1: screenshot (image/png) ──────────────────────────────────────────────────────────
    ..\test-results\basic-functionality-TrustH-e4555-ality-assessment-page-loads-Mobile-Safari\test-failed-1.png
    ────────────────────────────────────────────────────────────────────────────────────────────────

    attachment #2: video (video/webm) ──────────────────────────────────────────────────────────────
    ..\test-results\basic-functionality-TrustH-e4555-ality-assessment-page-loads-Mobile-Safari\video.webm
    ────────────────────────────────────────────────────────────────────────────────────────────────

    Error Context: ..\test-results\basic-functionality-TrustH-e4555-ality-assessment-page-loads-Mobile-Safari\error-context.md
]]>
</failure>
</testcase>
<testcase name="TrustHire Basic Functionality › scan pages are accessible" classname="basic-functionality.spec.ts" time="9.907">
<system-out>
<![CDATA[
[[ATTACHMENT|basic-functionality-TrustH-7eabf-y-scan-pages-are-accessible-Mobile-Safari\test-failed-1.png]]

[[ATTACHMENT|basic-functionality-TrustH-7eabf-y-scan-pages-are-accessible-Mobile-Safari\video.webm]]

[[ATTACHMENT|basic-functionality-TrustH-7eabf-y-scan-pages-are-accessible-Mobile-Safari\error-context.md]]
]]>
</system-out>
<failure message="expect(locator).toBeVisible() failed" type="expect.toBeVisible">
<![CDATA[  [Mobile Safari] › basic-functionality.spec.ts:40:7 › TrustHire Basic Functionality › scan pages are accessible 

    Error: expect(locator).toBeVisible() failed

    Locator: locator('form')
    Expected: visible
    Timeout: 5000ms
    Error: element(s) not found

    Call log:
      - Expect "toBeVisible" with timeout 5000ms
      - waiting for locator('form')


      49 |       await page.goto(scanPage);
      50 |       await expect(page.locator('h1')).toBeVisible();
    > 51 |       await expect(page.locator('form')).toBeVisible();
         |                                          ^
      52 |     }
      53 |   });
      54 |
        at E:\github\trusthire\tests\basic-functionality.spec.ts:51:42

    attachment #1: screenshot (image/png) ──────────────────────────────────────────────────────────
    ..\test-results\basic-functionality-TrustH-7eabf-y-scan-pages-are-accessible-Mobile-Safari\test-failed-1.png
    ────────────────────────────────────────────────────────────────────────────────────────────────

    attachment #2: video (video/webm) ──────────────────────────────────────────────────────────────
    ..\test-results\basic-functionality-TrustH-7eabf-y-scan-pages-are-accessible-Mobile-Safari\video.webm
    ────────────────────────────────────────────────────────────────────────────────────────────────

    Error Context: ..\test-results\basic-functionality-TrustH-7eabf-y-scan-pages-are-accessible-Mobile-Safari\error-context.md
]]>
</failure>
</testcase>
<testcase name="TrustHire Basic Functionality › intelligence page loads" classname="basic-functionality.spec.ts" time="5.253">
</testcase>
<testcase name="TrustHire Basic Functionality › monitoring page loads" classname="basic-functionality.spec.ts" time="4.289">
</testcase>
<testcase name="TrustHire Basic Functionality › collaboration page loads" classname="basic-functionality.spec.ts" time="3.682">
</testcase>
<testcase name="TrustHire Basic Functionality › agent page loads" classname="basic-functionality.spec.ts" time="3.847">
</testcase>
<testcase name="TrustHire Basic Functionality › responsive design works" classname="basic-functionality.spec.ts" time="4.346">
</testcase>
<testcase name="TrustHire Basic Functionality › API health check" classname="basic-functionality.spec.ts" time="4.959">
</testcase>
<testcase name="TrustHire Basic Functionality › page loads without errors" classname="basic-functionality.spec.ts" time="4.181">
<system-out>
<![CDATA[
[[ATTACHMENT|basic-functionality-TrustH-60694-y-page-loads-without-errors-Mobile-Safari\test-failed-1.png]]

[[ATTACHMENT|basic-functionality-TrustH-60694-y-page-loads-without-errors-Mobile-Safari\video.webm]]

[[ATTACHMENT|basic-functionality-TrustH-60694-y-page-loads-without-errors-Mobile-Safari\error-context.md]]
]]>
</system-out>
<failure message="expect(received).toBe(expected) // Object.is equality" type="expect.toBe">
<![CDATA[  [Mobile Safari] › basic-functionality.spec.ts:106:7 › TrustHire Basic Functionality › page loads without errors 

    Error: expect(received).toBe(expected) // Object.is equality

    Expected: 0
    Received: 2

      115 |     await page.waitForLoadState('networkidle');
      116 |     
    > 117 |     expect(errors.length).toBe(0);
          |                           ^
      118 |   });
      119 | });
      120 |
        at E:\github\trusthire\tests\basic-functionality.spec.ts:117:27

    attachment #1: screenshot (image/png) ──────────────────────────────────────────────────────────
    ..\test-results\basic-functionality-TrustH-60694-y-page-loads-without-errors-Mobile-Safari\test-failed-1.png
    ────────────────────────────────────────────────────────────────────────────────────────────────

    attachment #2: video (video/webm) ──────────────────────────────────────────────────────────────
    ..\test-results\basic-functionality-TrustH-60694-y-page-loads-without-errors-Mobile-Safari\video.webm
    ────────────────────────────────────────────────────────────────────────────────────────────────

    Error Context: ..\test-results\basic-functionality-TrustH-60694-y-page-loads-without-errors-Mobile-Safari\error-context.md
]]>
</failure>
</testcase>
<testcase name="API Endpoints › health endpoint responds" classname="basic-functionality.spec.ts" time="0.687">
<system-out>
<![CDATA[
[[ATTACHMENT|basic-functionality-API-Endpoints-health-endpoint-responds-Mobile-Safari\error-context.md]]
]]>
</system-out>
<failure message="expect(received).toBe(expected) // Object.is equality" type="expect.toBe">
<![CDATA[  [Mobile Safari] › basic-functionality.spec.ts:122:7 › API Endpoints › health endpoint responds ───

    Error: expect(received).toBe(expected) // Object.is equality

    Expected: 200
    Received: 503

      122 |   test('health endpoint responds', async ({ request }) => {
      123 |     const response = await request.get('/api/health');
    > 124 |     expect(response.status()).toBe(200);
          |                               ^
      125 |   });
      126 |
      127 |   test('metrics endpoint responds', async ({ request }) => {
        at E:\github\trusthire\tests\basic-functionality.spec.ts:124:31

    Error Context: ..\test-results\basic-functionality-API-Endpoints-health-endpoint-responds-Mobile-Safari\error-context.md
]]>
</failure>
</testcase>
<testcase name="API Endpoints › metrics endpoint responds" classname="basic-functionality.spec.ts" time="0.349">
</testcase>
<testcase name="API Endpoints › patterns endpoint responds" classname="basic-functionality.spec.ts" time="0.386">
</testcase>
<testcase name="Security Features › no sensitive data in page source" classname="basic-functionality.spec.ts" time="2.574">
</testcase>
<testcase name="Security Features › security headers are present" classname="basic-functionality.spec.ts" time="2.742">
<system-out>
<![CDATA[
[[ATTACHMENT|basic-functionality-Securi-eeb00-ecurity-headers-are-present-Mobile-Safari\test-failed-1.png]]

[[ATTACHMENT|basic-functionality-Securi-eeb00-ecurity-headers-are-present-Mobile-Safari\video.webm]]

[[ATTACHMENT|basic-functionality-Securi-eeb00-ecurity-headers-are-present-Mobile-Safari\error-context.md]]
]]>
</system-out>
<failure message="expect(received).toBeTruthy()" type="expect.toBeTruthy">
<![CDATA[  [Mobile Safari] › basic-functionality.spec.ts:151:7 › Security Features › security headers are present 

    Error: expect(received).toBeTruthy()

    Received: undefined

      154 |     
      155 |     // Check for security headers
    > 156 |     expect(headers?.['x-frame-options']).toBeTruthy();
          |                                          ^
      157 |     expect(headers?.['x-content-type-options']).toBeTruthy();
      158 |   });
      159 |
        at E:\github\trusthire\tests\basic-functionality.spec.ts:156:42

    attachment #1: screenshot (image/png) ──────────────────────────────────────────────────────────
    ..\test-results\basic-functionality-Securi-eeb00-ecurity-headers-are-present-Mobile-Safari\test-failed-1.png
    ────────────────────────────────────────────────────────────────────────────────────────────────

    attachment #2: video (video/webm) ──────────────────────────────────────────────────────────────
    ..\test-results\basic-functionality-Securi-eeb00-ecurity-headers-are-present-Mobile-Safari\video.webm
    ────────────────────────────────────────────────────────────────────────────────────────────────

    Error Context: ..\test-results\basic-functionality-Securi-eeb00-ecurity-headers-are-present-Mobile-Safari\error-context.md
]]>
</failure>
</testcase>
<testcase name="Security Features › forms have CSRF protection" classname="basic-functionality.spec.ts" time="2.211">
</testcase>
</testsuite>
<testsuite name="security.spec.ts" timestamp="2026-04-20T10:48:01.632Z" hostname="Mobile Safari" tests="19" failures="8" skipped="0" time="49.839" errors="0">
<testcase name="Security Features › no sensitive data in page source" classname="security.spec.ts" time="2.222">
</testcase>
<testcase name="Security Features › security headers are present" classname="security.spec.ts" time="2.025">
<system-out>
<![CDATA[
[[ATTACHMENT|security-Security-Features-security-headers-are-present-Mobile-Safari\test-failed-1.png]]

[[ATTACHMENT|security-Security-Features-security-headers-are-present-Mobile-Safari\video.webm]]

[[ATTACHMENT|security-Security-Features-security-headers-are-present-Mobile-Safari\error-context.md]]
]]>
</system-out>
<failure message="expect(received).toBeTruthy()" type="expect.toBeTruthy">
<![CDATA[  [Mobile Safari] › security.spec.ts:28:7 › Security Features › security headers are present ───────

    Error: expect(received).toBeTruthy()

    Received: undefined

      31 |     
      32 |     // Check for security headers
    > 33 |     expect(headers?.['x-frame-options']).toBeTruthy();
         |                                          ^
      34 |     expect(headers?.['x-content-type-options']).toBeTruthy();
      35 |     expect(headers?.['x-xss-protection']).toBeTruthy();
      36 |     expect(headers?.['referrer-policy']).toBeTruthy();
        at E:\github\trusthire\tests\security.spec.ts:33:42

    attachment #1: screenshot (image/png) ──────────────────────────────────────────────────────────
    ..\test-results\security-Security-Features-security-headers-are-present-Mobile-Safari\test-failed-1.png
    ────────────────────────────────────────────────────────────────────────────────────────────────

    attachment #2: video (video/webm) ──────────────────────────────────────────────────────────────
    ..\test-results\security-Security-Features-security-headers-are-present-Mobile-Safari\video.webm
    ────────────────────────────────────────────────────────────────────────────────────────────────

    Error Context: ..\test-results\security-Security-Features-security-headers-are-present-Mobile-Safari\error-context.md
]]>
</failure>
</testcase>
<testcase name="Security Features › forms have CSRF protection" classname="security.spec.ts" time="7.776">
</testcase>
<testcase name="Security Features › input validation works" classname="security.spec.ts" time="2.393">
</testcase>
<testcase name="Security Features › rate limiting works" classname="security.spec.ts" time="1.291">
<system-out>
<![CDATA[
[[ATTACHMENT|security-Security-Features-rate-limiting-works-Mobile-Safari\error-context.md]]
]]>
</system-out>
<failure message="expect(received).toBeGreaterThan(expected)" type="expect.toBeGreaterThan">
<![CDATA[  [Mobile Safari] › security.spec.ts:78:7 › Security Features › rate limiting works ────────────────

    Error: expect(received).toBeGreaterThan(expected)

    Expected: > 0
    Received:   0

      90 |     const rateLimitedCount = responses.filter(r => r.status() === 429).length;
      91 |     
    > 92 |     expect(successCount).toBeGreaterThan(0);
         |                          ^
      93 |     // Rate limiting should kick in after several requests
      94 |     expect(rateLimitedCount).toBeGreaterThanOrEqual(0);
      95 |   });
        at E:\github\trusthire\tests\security.spec.ts:92:26

    Error Context: ..\test-results\security-Security-Features-rate-limiting-works-Mobile-Safari\error-context.md
]]>
</failure>
</testcase>
<testcase name="Security Features › authentication endpoints are secure" classname="security.spec.ts" time="0.986">
</testcase>
<testcase name="Security Features › file upload restrictions" classname="security.spec.ts" time="2.796">
</testcase>
<testcase name="Security Features › SQL injection protection" classname="security.spec.ts" time="6.12">
</testcase>
<testcase name="Security Features › XSS protection" classname="security.spec.ts" time="4.483">
</testcase>
<testcase name="Security Features › session security" classname="security.spec.ts" time="3.229">
</testcase>
<testcase name="Security Features › error handling does not leak information" classname="security.spec.ts" time="0.323">
</testcase>
<testcase name="Security Features › content security policy" classname="security.spec.ts" time="3.067">
</testcase>
<testcase name="Security Features › HTTPS enforcement" classname="security.spec.ts" time="2.578">
<system-out>
<![CDATA[
[[ATTACHMENT|security-Security-Features-HTTPS-enforcement-Mobile-Safari\test-failed-1.png]]

[[ATTACHMENT|security-Security-Features-HTTPS-enforcement-Mobile-Safari\video.webm]]

[[ATTACHMENT|security-Security-Features-HTTPS-enforcement-Mobile-Safari\error-context.md]]
]]>
</system-out>
<failure message="expect(received).toBeTruthy()" type="expect.toBeTruthy">
<![CDATA[  [Mobile Safari] › security.spec.ts:261:7 › Security Features › HTTPS enforcement ─────────────────

    Error: expect(received).toBeTruthy()

    Received: undefined

      265 |     
      266 |     // Should have HSTS header
    > 267 |     expect(hsts).toBeTruthy();
          |                  ^
      268 |     expect(hsts).toMatch(/max-age=/);
      269 |     expect(hsts).toMatch(/includeSubDomains/);
      270 |   });
        at E:\github\trusthire\tests\security.spec.ts:267:18

    attachment #1: screenshot (image/png) ──────────────────────────────────────────────────────────
    ..\test-results\security-Security-Features-HTTPS-enforcement-Mobile-Safari\test-failed-1.png
    ────────────────────────────────────────────────────────────────────────────────────────────────

    attachment #2: video (video/webm) ──────────────────────────────────────────────────────────────
    ..\test-results\security-Security-Features-HTTPS-enforcement-Mobile-Safari\video.webm
    ────────────────────────────────────────────────────────────────────────────────────────────────

    Error Context: ..\test-results\security-Security-Features-HTTPS-enforcement-Mobile-Safari\error-context.md
]]>
</failure>
</testcase>
<testcase name="Security Features › access control" classname="security.spec.ts" time="3.091">
<system-out>
<![CDATA[
[[ATTACHMENT|security-Security-Features-access-control-Mobile-Safari\test-failed-1.png]]

[[ATTACHMENT|security-Security-Features-access-control-Mobile-Safari\video.webm]]

[[ATTACHMENT|security-Security-Features-access-control-Mobile-Safari\error-context.md]]
]]>
</system-out>
<failure message="expect(received).toMatch(expected)" type="expect.toMatch">
<![CDATA[  [Mobile Safari] › security.spec.ts:272:7 › Security Features › access control ────────────────────

    Error: expect(received).toMatch(expected)

    Expected pattern: /(login|access.denied|unauthorized)/i
    Received string:  "http://localhost:3000/admin"

      283 |       // Should either redirect to login or show access denied
      284 |       const url = page.url();
    > 285 |       expect(url).toMatch(/(login|access.denied|unauthorized)/i);
          |                   ^
      286 |     }
      287 |   });
      288 |
        at E:\github\trusthire\tests\security.spec.ts:285:19

    attachment #1: screenshot (image/png) ──────────────────────────────────────────────────────────
    ..\test-results\security-Security-Features-access-control-Mobile-Safari\test-failed-1.png
    ────────────────────────────────────────────────────────────────────────────────────────────────

    attachment #2: video (video/webm) ──────────────────────────────────────────────────────────────
    ..\test-results\security-Security-Features-access-control-Mobile-Safari\video.webm
    ────────────────────────────────────────────────────────────────────────────────────────────────

    Error Context: ..\test-results\security-Security-Features-access-control-Mobile-Safari\error-context.md
]]>
</failure>
</testcase>
<testcase name="Security Features › input sanitization" classname="security.spec.ts" time="2.054">
</testcase>
<testcase name="API Security › API endpoints have proper authentication" classname="security.spec.ts" time="2.799">
<system-out>
<![CDATA[
[[ATTACHMENT|security-API-Security-API--fa151--have-proper-authentication-Mobile-Safari\error-context.md]]
]]>
</system-out>
<failure message="expect(received).toContain(expected) // indexOf" type="expect.toContain">
<![CDATA[  [Mobile Safari] › security.spec.ts:316:7 › API Security › API endpoints have proper authentication 

    Error: expect(received).toContain(expected) // indexOf

    Expected value: 400
    Received array: [401, 403]

      327 |       
      328 |       // Should require authentication
    > 329 |       expect([401, 403]).toContain(response.status());
          |                          ^
      330 |     }
      331 |   });
      332 |
        at E:\github\trusthire\tests\security.spec.ts:329:26

    Error Context: ..\test-results\security-API-Security-API--fa151--have-proper-authentication-Mobile-Safari\error-context.md
]]>
</failure>
</testcase>
<testcase name="API Security › API rate limiting" classname="security.spec.ts" time="1.877">
<system-out>
<![CDATA[
[[ATTACHMENT|security-API-Security-API-rate-limiting-Mobile-Safari\error-context.md]]
]]>
</system-out>
<failure message="expect(received).toBeGreaterThan(expected)" type="expect.toBeGreaterThan">
<![CDATA[  [Mobile Safari] › security.spec.ts:333:7 › API Security › API rate limiting ──────────────────────

    Error: expect(received).toBeGreaterThan(expected)

    Expected: > 0
    Received:   0

      344 |     // Should have rate limiting after several requests
      345 |     const rateLimitedCount = responses.filter(r => r.status() === 429).length;
    > 346 |     expect(rateLimitedCount).toBeGreaterThan(0);
          |                              ^
      347 |   });
      348 |
      349 |   test('API input validation', async ({ request }) => {
        at E:\github\trusthire\tests\security.spec.ts:346:30

    Error Context: ..\test-results\security-API-Security-API-rate-limiting-Mobile-Safari\error-context.md
]]>
</failure>
</testcase>
<testcase name="API Security › API input validation" classname="security.spec.ts" time="0.13">
<system-out>
<![CDATA[
[[ATTACHMENT|security-API-Security-API-input-validation-Mobile-Safari\error-context.md]]
]]>
</system-out>
<failure message="expect(received).toContain(expected) // indexOf" type="expect.toContain">
<![CDATA[  [Mobile Safari] › security.spec.ts:349:7 › API Security › API input validation ───────────────────

    Error: expect(received).toContain(expected) // indexOf

    Expected value: 500
    Received array: [400, 413, 422]

      363 |       
      364 |       // Should handle invalid data gracefully
    > 365 |       expect([400, 413, 422]).toContain(response.status());
          |                               ^
      366 |       
      367 |       // Should not leak sensitive information
      368 |       if (response.status() >= 400) {
        at E:\github\trusthire\tests\security.spec.ts:365:31

    Error Context: ..\test-results\security-API-Security-API-input-validation-Mobile-Safari\error-context.md
]]>
</failure>
</testcase>
<testcase name="API Security › API response headers" classname="security.spec.ts" time="0.599">
<system-out>
<![CDATA[
[[ATTACHMENT|security-API-Security-API-response-headers-Mobile-Safari\error-context.md]]
]]>
</system-out>
<failure message="expect(received).toBe(expected) // Object.is equality" type="expect.toBe">
<![CDATA[  [Mobile Safari] › security.spec.ts:376:7 › API Security › API response headers ───────────────────

    Error: expect(received).toBe(expected) // Object.is equality

    Expected: "nosniff"
    Received: undefined

      379 |     
      380 |     // Should have security headers
    > 381 |     expect(headers['x-content-type-options']).toBe('nosniff');
          |                                               ^
      382 |     expect(headers['x-frame-options']).toBeTruthy();
      383 |     expect(headers['x-xss-protection']).toBeTruthy();
      384 |   });
        at E:\github\trusthire\tests\security.spec.ts:381:47

    Error Context: ..\test-results\security-API-Security-API-response-headers-Mobile-Safari\error-context.md
]]>
</failure>
</testcase>
</testsuite>
</testsuites>